🎬 Starting router_claude.js test script...

🌐 PassiveBridgeNode initializing
🌐 Creating WebSocketConnectionManager for nodejs→browser
🌐 Initialized Node.js WebSocket support
🌐 WebSocket server listening on 127.0.0.1:8083
⚠️ Unable to confidently detect environment, defaulting to nodejs
🔗 Setting up routing table connection event handlers...
🔗 Attaching peerConnected event handler to server connection manager
🌐 Initializing overlay network for WebRTC signaling...
🔗 WebSocketConnectionManager initialized with node ID: 5516d3b489bc5ebb66513b763e337dbb3dcd74ef
⏳ Waiting for WebSocket initialization to complete...
🌐 WebSocket server ready at ws://localhost:8083
🌐 PassiveBridgeNode initializing
🌐 Creating WebSocketConnectionManager for nodejs→browser
⚠️ Unable to confidently detect environment, defaulting to nodejs
🔗 Setting up routing table connection event handlers...
🔗 Attaching peerConnected event handler to server connection manager
🌐 Initialized Node.js WebSocket support
🌐 Initializing overlay network for WebRTC signaling...
🔗 WebSocketConnectionManager initialized with node ID: 9889ebc773c7d5b1e8d91ab85a2c03de3d35936e
⏳ Waiting for WebSocket initialization to complete...
🌐 WebSocket server ready at ws://localhost:8084
🌐 WebSocket server listening on 127.0.0.1:8084
🔗 Public server: 0.0.0.0:8080
🌐 Open network mode: ENABLED (no invitations required)
✅ Bootstrap server started on port 8080

🌐 NodeDHTClient initializing
🌐 Creating WebSocketConnectionManager for nodejs→browser
🌐 Initialized Node.js WebSocket support
🌐 WebSocket server listening on 127.0.0.1:61491
⚠️ Unable to confidently detect environment, defaulting to nodejs
🔗 Setting up routing table connection event handlers...
🔗 Attaching peerConnected event handler to server connection manager
🔗 New client connection (total: 1)
🔗 Connecting to bridge node: localhost:8083
🔗 Connecting to bridge node: localhost:8084
🔗 Incoming WebSocket connection from 127.0.0.1
🔗 Incoming WebSocket connection from 127.0.0.1
🔗 Bootstrap server connected: bootstrap_1762998935874
🔗 DHT received peerConnected: bootstra... (via WebSocketConnectionManager)
🔗 Bootstrap server connection detected - skipping DHT operations for bootstrap_176299...
🔗 Incoming connection from bootstra... via connection manager
🔗 Bootstrap server connection established: bootstrap_1762998935874
🔗 Bootstrap server connected: bootstrap_1762998935875
🔗 DHT received peerConnected: bootstra... (via WebSocketConnectionManager)
🔗 Bootstrap server connection detected - skipping DHT operations for bootstrap_176299...
🔗 Incoming connection from bootstra... via connection manager
🔗 Bootstrap server connection established: bootstrap_1762998935875
🔍 Validating disconnected peer 5516d3b4: not in routing table yet
🔗 Creating CLIENT connection manager for outgoing connection to 5516d3b4...
🌐 Creating WebSocketConnectionManager for nodejs→nodejs
🔗 WebSocketConnectionManager initialized with node ID: c3f0bfce30c6efe34c40b3008f15901c0c00bd80
🔗 Event handler attached to WebSocketConnectionManager for 5516d3b4
🔍 Validating disconnected peer 9889ebc7: not in routing table yet
🔗 Creating CLIENT connection manager for outgoing connection to 9889ebc7...
🌐 Creating WebSocketConnectionManager for nodejs→nodejs
🔗 WebSocketConnectionManager initialized with node ID: c3f0bfce30c6efe34c40b3008f15901c0c00bd80
🔗 Event handler attached to WebSocketConnectionManager for 9889ebc7
🔗 Connecting to bridge node 5516d3b4... at ws://localhost:8083
⏳ Waiting for WebSocket initialization...
🔗 Connecting to bridge node 9889ebc7... at ws://localhost:8084
⏳ Waiting for WebSocket initialization...
🔗 Connecting to bridge node 5516d3b4... at ws://localhost:8083
⏳ Waiting for WebSocket initialization...
🔗 Connecting to bridge node 9889ebc7... at ws://localhost:8084
⏳ Waiting for WebSocket initialization...
[DHT] 📝 Storing key: public_key:c3f0bfce30c6efe34c40b3008f15901c0c00bd80
🔗 Skipping find_node query to non-connected node: 9889ebc7...
🔗 Skipping find_node query to non-connected node: 5516d3b4...
🌐 Initialized Node.js WebSocket support
🌐 Initialized Node.js WebSocket support
🌐 Initializing overlay network for WebRTC signaling...
🔗 WebSocket connection: nodejs → bridge
🌐 Creating WebSocket connection to 5516d3b4... at ws://localhost:8083
🔗 WebSocket connection: nodejs → bridge
🌐 Creating WebSocket connection to 9889ebc7... at ws://localhost:8084
🔗 WebSocket connection: nodejs → bridge
🌐 Creating WebSocket connection to 5516d3b4... at ws://localhost:8083
🔗 WebSocket connection: nodejs → bridge
🌐 Creating WebSocket connection to 9889ebc7... at ws://localhost:8084
🔗 Incoming WebSocket connection from 127.0.0.1
🔗 Incoming WebSocket connection from 127.0.0.1
🔗 Incoming WebSocket connection from 127.0.0.1
🔗 Incoming WebSocket connection from 127.0.0.1
🔗 DHT received peerConnected: c3f0bfce... (via WebSocketConnectionManager)
🔗 Incoming connection from c3f0bfce... via connection manager
🔗 DHT peer c3f0bfce... integrated with bridge DHT
🔗 DHT received peerConnected: c3f0bfce... (via WebSocketConnectionManager)
🔗 Incoming connection from c3f0bfce... via connection manager
🔗 DHT peer c3f0bfce... integrated with bridge DHT
🔗 DHT received peerConnected: c3f0bfce... (via WebSocketConnectionManager)
🔄 Node c3f0bfce... already exists in routing table
🔗 Incoming connection from c3f0bfce... via connection manager
🔗 DHT peer c3f0bfce... integrated with bridge DHT
🔗 DHT received peerConnected: c3f0bfce... (via WebSocketConnectionManager)
🔄 Node c3f0bfce... already exists in routing table
🔗 Incoming connection from c3f0bfce... via connection manager
🔗 DHT peer c3f0bfce... integrated with bridge DHT
🔗 DHT received peerConnected: 5516d3b4... (via WebSocketConnectionManager)
🔄 Node 5516d3b4... already exists in routing table
🔗 Setting up connection for existing node 5516d3b4...
🔗 DHT received peerConnected: 9889ebc7... (via WebSocketConnectionManager)
🔄 Node 9889ebc7... already exists in routing table
🔗 Setting up connection for existing node 9889ebc7...
🔗 DHT received peerConnected: 5516d3b4... (via WebSocketConnectionManager)
🔄 Node 5516d3b4... already exists in routing table
🔗 DHT received peerConnected: 9889ebc7... (via WebSocketConnectionManager)
🔄 Node 9889ebc7... already exists in routing table
🌐 NodeDHTClient initializing
🌐 Creating WebSocketConnectionManager for nodejs→browser
🌐 Initialized Node.js WebSocket support
🌐 WebSocket server listening on 127.0.0.1:62622
⚠️ Unable to confidently detect environment, defaulting to nodejs
🔗 Setting up routing table connection event handlers...
🔗 Attaching peerConnected event handler to server connection manager
🔗 New client connection (total: 2)
🌐 Open network mode: Finding random onboarding peer for ae48ae5b...
🔄 Checking stale buckets: 2 connected, 2 routing
🔄 Checking stale buckets: 2 connected, 2 routing
🔄 Checking stale buckets: 2 connected, 2 routing
🌐 SWITCHING TO DHT SIGNALING: 1 connected peers, 1 routing table entries
🌐 SWITCHING TO DHT SIGNALING: 1 connected peers, 1 routing table entries
🔗 Connecting to bridge node: localhost:8083
🔗 Connecting to bridge node: localhost:8084
🔗 Incoming WebSocket connection from 127.0.0.1
🔗 Incoming WebSocket connection from 127.0.0.1
🔗 Bootstrap server connected: bootstrap_1762998937044
🔗 DHT received peerConnected: bootstra... (via WebSocketConnectionManager)
🔗 Bootstrap server connection detected - skipping DHT operations for bootstrap_176299...
🔗 Incoming connection from bootstra... via connection manager
🔗 Bootstrap server connection established: bootstrap_1762998937044
🔗 Bootstrap server connected: bootstrap_1762998937044
🔗 DHT received peerConnected: bootstra... (via WebSocketConnectionManager)
🔗 Bootstrap server connection detected - skipping DHT operations for bootstrap_176299...
🔗 Incoming connection from bootstra... via connection manager
🔗 Bootstrap server connection established: bootstrap_1762998937044
🔍 Validating disconnected peer 9889ebc7: not in routing table yet
🔗 Skipping find_node query to non-connected node: 9889ebc7...
🌐 Node.js connection detected - will use WebSocket metadata exchange
🌐 Initializing overlay network for WebRTC signaling...
🌐 Using WebSocket coordination for Node.js connection
🌐 Received WebSocket metadata for ae48ae5b... - initiating connection
🔗 Creating CLIENT connection manager for outgoing connection to ae48ae5b...
🌐 Creating WebSocketConnectionManager for nodejs→nodejs
🔗 WebSocketConnectionManager initialized with node ID: c3f0bfce30c6efe34c40b3008f15901c0c00bd80
🔗 Event handler attached to WebSocketConnectionManager for ae48ae5b
🔗 Creating WebSocket connection to ae48ae5b...
⏳ Waiting for WebSocket initialization...
🌐 Initialized Node.js WebSocket support
🔗 Creating CLIENT connection manager for outgoing connection to c3f0bfce...
🌐 Creating WebSocketConnectionManager for nodejs→nodejs
🔗 WebSocketConnectionManager initialized with node ID: ae48ae5b788a6860d93795556c19789aef6216ec
🔗 Event handler attached to WebSocketConnectionManager for c3f0bfce
⏳ Waiting for WebSocket connection from c3f0bfce...
🌐 Initialized Node.js WebSocket support
🔗 WebSocket connection: nodejs → nodejs
🌐 Creating WebSocket connection to ae48ae5b... at ws://localhost:62622
🔗 Incoming WebSocket connection from 127.0.0.1
🔗 DHT received peerConnected: c3f0bfce... (via WebSocketConnectionManager)
🔄 Node c3f0bfce... already exists in routing table
🔗 Setting up connection for existing node c3f0bfce...
🔗 DHT received peerConnected: ae48ae5b... (via WebSocketConnectionManager)
🔄 Node ae48ae5b... already exists in routing table
🔗 Setting up connection for existing node ae48ae5b...
🌐 NodeDHTClient initializing
🌐 Creating WebSocketConnectionManager for nodejs→browser
🌐 Initialized Node.js WebSocket support
🌐 WebSocket server listening on 127.0.0.1:62631
⚠️ Unable to confidently detect environment, defaulting to nodejs
🔗 Setting up routing table connection event handlers...
🔗 Attaching peerConnected event handler to server connection manager
🔗 New client connection (total: 3)
🌐 Open network mode: Finding random onboarding peer for 95695a49...
🔗 Connecting to bridge node: localhost:8083
🔗 Connecting to bridge node: localhost:8084
🔗 Incoming WebSocket connection from 127.0.0.1
🔗 Incoming WebSocket connection from 127.0.0.1
🔗 Bootstrap server connected: bootstrap_1762998938209
🔗 DHT received peerConnected: bootstra... (via WebSocketConnectionManager)
🔗 Bootstrap server connection detected - skipping DHT operations for bootstrap_176299...
🔗 Incoming connection from bootstra... via connection manager
🔗 Bootstrap server connection established: bootstrap_1762998938209
🔗 Bootstrap server connected: bootstrap_1762998938209
🔗 DHT received peerConnected: bootstra... (via WebSocketConnectionManager)
🔗 Bootstrap server connection detected - skipping DHT operations for bootstrap_176299...
🔗 Incoming connection from bootstra... via connection manager
🔗 Bootstrap server connection established: bootstrap_1762998938209
🔗 Skipping find_node query to non-connected node: 9889ebc7...
🔍 Validating disconnected peer ae48ae5b: not in routing table yet
⚠️ Peer ae48ae5b... discovered without membership token - will validate during handshake
🔄 Updated existing peer 9889ebc7... in routing table
🔗 Skipping find_node query to non-connected node: 9889ebc7...
🔗 Skipping find_node query to non-connected node: ae48ae5b...
⚠️ Skipping inactive peer ae48ae5b... (not connected to bridge)
🌐 Node.js connection detected - will use WebSocket metadata exchange
🌐 Initializing overlay network for WebRTC signaling...
🌐 Using WebSocket coordination for Node.js connection
🌐 Received WebSocket metadata for 95695a49... - initiating connection
🔗 Creating CLIENT connection manager for outgoing connection to 95695a49...
🌐 Creating WebSocketConnectionManager for nodejs→nodejs
🔗 WebSocketConnectionManager initialized with node ID: c3f0bfce30c6efe34c40b3008f15901c0c00bd80
🔗 Event handler attached to WebSocketConnectionManager for 95695a49
🔗 Creating WebSocket connection to 95695a49...
⏳ Waiting for WebSocket initialization...
🌐 Initialized Node.js WebSocket support
🔗 Creating CLIENT connection manager for outgoing connection to c3f0bfce...
🌐 Creating WebSocketConnectionManager for nodejs→nodejs
🔗 WebSocketConnectionManager initialized with node ID: 95695a491b4101a6682f7c9d6d5872867a74d34e
🔗 Event handler attached to WebSocketConnectionManager for c3f0bfce
⏳ Waiting for WebSocket connection from c3f0bfce...
🌐 Initialized Node.js WebSocket support
🔗 WebSocket connection: nodejs → nodejs
🌐 Creating WebSocket connection to 95695a49... at ws://localhost:62631
🔗 Incoming WebSocket connection from 127.0.0.1
🔗 DHT received peerConnected: c3f0bfce... (via WebSocketConnectionManager)
🔄 Node c3f0bfce... already exists in routing table
🔗 Setting up connection for existing node c3f0bfce...
🔗 DHT received peerConnected: 95695a49... (via WebSocketConnectionManager)
🔄 Node 95695a49... already exists in routing table
🔗 Setting up connection for existing node 95695a49...
🌐 NodeDHTClient initializing
🌐 Creating WebSocketConnectionManager for nodejs→browser
🌐 Initialized Node.js WebSocket support
🌐 WebSocket server listening on 127.0.0.1:62640
⚠️ Unable to confidently detect environment, defaulting to nodejs
🔗 Setting up routing table connection event handlers...
🔗 Attaching peerConnected event handler to server connection manager
🔗 New client connection (total: 4)
🌐 Open network mode: Finding random onboarding peer for bd428f05...
🔗 Connecting to bridge node: localhost:8083
🔗 Connecting to bridge node: localhost:8084
🔗 Incoming WebSocket connection from 127.0.0.1
🔗 Incoming WebSocket connection from 127.0.0.1
🔗 Bootstrap server connected: bootstrap_1762998939368
🔗 DHT received peerConnected: bootstra... (via WebSocketConnectionManager)
🔗 Bootstrap server connection detected - skipping DHT operations for bootstrap_176299...
🔗 Incoming connection from bootstra... via connection manager
🔗 Bootstrap server connection established: bootstrap_1762998939368
🔗 Bootstrap server connected: bootstrap_1762998939368
🔗 DHT received peerConnected: bootstra... (via WebSocketConnectionManager)
🔗 Bootstrap server connection detected - skipping DHT operations for bootstrap_176299...
🔗 Incoming connection from bootstra... via connection manager
🔗 Bootstrap server connection established: bootstrap_1762998939368
🔗 Skipping find_node query to non-connected node: ae48ae5b...
🔗 Skipping find_node query to non-connected node: 9889ebc7...
⚠️ Peer ae48ae5b... discovered without membership token - will validate during handshake
🔄 Updated existing peer ae48ae5b... in routing table
🔍 Validating disconnected peer 95695a49: not in routing table yet
⚠️ Peer 95695a49... discovered without membership token - will validate during handshake
🔄 Updated existing peer 9889ebc7... in routing table
🔗 Skipping find_node query to non-connected node: ae48ae5b...
🔗 Skipping find_node query to non-connected node: 9889ebc7...
🔗 Skipping find_node query to non-connected node: 95695a49...
⚠️ Skipping inactive peer ae48ae5b... (not connected to bridge)
⚠️ Skipping inactive peer 95695a49... (not connected to bridge)
🌐 Node.js connection detected - will use WebSocket metadata exchange
🌐 Initializing overlay network for WebRTC signaling...
🌐 Using WebSocket coordination for Node.js connection
🌐 Received WebSocket metadata for bd428f05... - initiating connection
🔗 Creating CLIENT connection manager for outgoing connection to bd428f05...
🌐 Creating WebSocketConnectionManager for nodejs→nodejs
🔗 WebSocketConnectionManager initialized with node ID: c3f0bfce30c6efe34c40b3008f15901c0c00bd80
🔗 Event handler attached to WebSocketConnectionManager for bd428f05
🔗 Creating WebSocket connection to bd428f05...
⏳ Waiting for WebSocket initialization...
🌐 Initialized Node.js WebSocket support
🔗 Creating CLIENT connection manager for outgoing connection to c3f0bfce...
🌐 Creating WebSocketConnectionManager for nodejs→nodejs
🔗 WebSocketConnectionManager initialized with node ID: bd428f053a36f12ed75549a692420f1024798565
🔗 Event handler attached to WebSocketConnectionManager for c3f0bfce
⏳ Waiting for WebSocket connection from c3f0bfce...
🌐 Initialized Node.js WebSocket support
🔗 WebSocket connection: nodejs → nodejs
🌐 Creating WebSocket connection to bd428f05... at ws://localhost:62640
🔗 Incoming WebSocket connection from 127.0.0.1
🔗 DHT received peerConnected: c3f0bfce... (via WebSocketConnectionManager)
🔄 Node c3f0bfce... already exists in routing table
🔗 Setting up connection for existing node c3f0bfce...
🔗 DHT received peerConnected: bd428f05... (via WebSocketConnectionManager)
🔄 Node bd428f05... already exists in routing table
🔗 Setting up connection for existing node bd428f05...
🌐 NodeDHTClient initializing
🌐 Creating WebSocketConnectionManager for nodejs→browser
🌐 Initialized Node.js WebSocket support
🌐 WebSocket server listening on 127.0.0.1:62650
⚠️ Unable to confidently detect environment, defaulting to nodejs
🔗 Setting up routing table connection event handlers...
🔗 Attaching peerConnected event handler to server connection manager
🔗 New client connection (total: 5)
🌐 Open network mode: Finding random onboarding peer for 8b9543b3...
🔗 Connecting to bridge node: localhost:8083
🔗 Connecting to bridge node: localhost:8084
🔗 Incoming WebSocket connection from 127.0.0.1
🔗 Incoming WebSocket connection from 127.0.0.1
🔗 Bootstrap server connected: bootstrap_1762998940535
🔗 DHT received peerConnected: bootstra... (via WebSocketConnectionManager)
🔗 Bootstrap server connection detected - skipping DHT operations for bootstrap_176299...
🔗 Incoming connection from bootstra... via connection manager
🔗 Bootstrap server connection established: bootstrap_1762998940535
🔗 Bootstrap server connected: bootstrap_1762998940535
🔗 DHT received peerConnected: bootstra... (via WebSocketConnectionManager)
🔗 Bootstrap server connection detected - skipping DHT operations for bootstrap_176299...
🔗 Incoming connection from bootstra... via connection manager
🔗 Bootstrap server connection established: bootstrap_1762998940535
🔗 Skipping find_node query to non-connected node: ae48ae5b...
🔗 Skipping find_node query to non-connected node: 9889ebc7...
🔗 Skipping find_node query to non-connected node: 95695a49...
🔍 Validating disconnected peer bd428f05: not in routing table yet
⚠️ Peer bd428f05... discovered without membership token - will validate during handshake
⚠️ Peer ae48ae5b... discovered without membership token - will validate during handshake
🔄 Updated existing peer ae48ae5b... in routing table
🔄 Updated existing peer 9889ebc7... in routing table
⚠️ Peer 95695a49... discovered without membership token - will validate during handshake
🔄 Updated existing peer 95695a49... in routing table
🔗 Skipping find_node query to non-connected node: ae48ae5b...
🔗 Skipping find_node query to non-connected node: 9889ebc7...
🔗 Skipping find_node query to non-connected node: 95695a49...
🔗 Skipping find_node query to non-connected node: bd428f05...
⚠️ Skipping inactive peer bd428f05... (not connected to bridge)
⚠️ Skipping inactive peer ae48ae5b... (not connected to bridge)
⚠️ Skipping inactive peer 95695a49... (not connected to bridge)
🌐 Node.js connection detected - will use WebSocket metadata exchange
🌐 Initializing overlay network for WebRTC signaling...
🌐 Using WebSocket coordination for Node.js connection
🌐 Received WebSocket metadata for 8b9543b3... - initiating connection
🔗 Creating CLIENT connection manager for outgoing connection to 8b9543b3...
🌐 Creating WebSocketConnectionManager for nodejs→nodejs
🔗 WebSocketConnectionManager initialized with node ID: c3f0bfce30c6efe34c40b3008f15901c0c00bd80
🔗 Event handler attached to WebSocketConnectionManager for 8b9543b3
🔗 Creating WebSocket connection to 8b9543b3...
⏳ Waiting for WebSocket initialization...
🌐 Initialized Node.js WebSocket support
🔗 Creating CLIENT connection manager for outgoing connection to c3f0bfce...
🌐 Creating WebSocketConnectionManager for nodejs→nodejs
🔗 WebSocketConnectionManager initialized with node ID: 8b9543b3def346aeaedc1aca1239270168c6dd49
🔗 Event handler attached to WebSocketConnectionManager for c3f0bfce
⏳ Waiting for WebSocket connection from c3f0bfce...
🌐 Initialized Node.js WebSocket support
🔗 WebSocket connection: nodejs → nodejs
🌐 Creating WebSocket connection to 8b9543b3... at ws://localhost:62650
🔗 Incoming WebSocket connection from 127.0.0.1
🔗 DHT received peerConnected: c3f0bfce... (via WebSocketConnectionManager)
🔄 Node c3f0bfce... already exists in routing table
🔗 Setting up connection for existing node c3f0bfce...
🔗 DHT received peerConnected: 8b9543b3... (via WebSocketConnectionManager)
🔄 Node 8b9543b3... already exists in routing table
🔗 Setting up connection for existing node 8b9543b3...
🌐 NodeDHTClient initializing
🌐 Creating WebSocketConnectionManager for nodejs→browser
🌐 Initialized Node.js WebSocket support
🌐 WebSocket server listening on 127.0.0.1:62659
⚠️ Unable to confidently detect environment, defaulting to nodejs
🔗 Setting up routing table connection event handlers...
🔗 Attaching peerConnected event handler to server connection manager
🔗 New client connection (total: 6)
🌐 Open network mode: Finding random onboarding peer for c812afae...
🔗 Connecting to bridge node: localhost:8083
🔗 Connecting to bridge node: localhost:8084
🔗 Incoming WebSocket connection from 127.0.0.1
🔗 Incoming WebSocket connection from 127.0.0.1
🔗 Bootstrap server connected: bootstrap_1762998941684
🔗 DHT received peerConnected: bootstra... (via WebSocketConnectionManager)
🔗 Bootstrap server connection detected - skipping DHT operations for bootstrap_176299...
🔗 Incoming connection from bootstra... via connection manager
🔗 Bootstrap server connection established: bootstrap_1762998941684
🔗 Bootstrap server connected: bootstrap_1762998941684
🔗 DHT received peerConnected: bootstra... (via WebSocketConnectionManager)
🔗 Bootstrap server connection detected - skipping DHT operations for bootstrap_176299...
🔗 Incoming connection from bootstra... via connection manager
🔗 Bootstrap server connection established: bootstrap_1762998941684
🔗 Skipping find_node query to non-connected node: 95695a49...
🔗 Skipping find_node query to non-connected node: 9889ebc7...
🔗 Skipping find_node query to non-connected node: bd428f05...
🔗 Skipping find_node query to non-connected node: ae48ae5b...
⚠️ Peer ae48ae5b... discovered without membership token - will validate during handshake
🔄 Updated existing peer ae48ae5b... in routing table
⚠️ Peer bd428f05... discovered without membership token - will validate during handshake
🔄 Updated existing peer bd428f05... in routing table
🔍 Validating disconnected peer 8b9543b3: not in routing table yet
⚠️ Peer 8b9543b3... discovered without membership token - will validate during handshake
⚠️ Peer 95695a49... discovered without membership token - will validate during handshake
🔄 Updated existing peer 95695a49... in routing table
🔄 Updated existing peer 9889ebc7... in routing table
🔗 Skipping find_node query to non-connected node: 95695a49...
🔗 Skipping find_node query to non-connected node: 9889ebc7...
🔗 Skipping find_node query to non-connected node: bd428f05...
🔗 Skipping find_node query to non-connected node: ae48ae5b...
🔗 Skipping find_node query to non-connected node: 8b9543b3...
⚠️ Skipping inactive peer 95695a49... (not connected to bridge)
⚠️ Skipping inactive peer 8b9543b3... (not connected to bridge)
⚠️ Skipping inactive peer bd428f05... (not connected to bridge)
⚠️ Skipping inactive peer ae48ae5b... (not connected to bridge)
🌐 Node.js connection detected - will use WebSocket metadata exchange
🌐 Initializing overlay network for WebRTC signaling...
🌐 Using WebSocket coordination for Node.js connection
🌐 Received WebSocket metadata for c812afae... - initiating connection
🔗 Creating CLIENT connection manager for outgoing connection to c812afae...
🌐 Creating WebSocketConnectionManager for nodejs→nodejs
🔗 WebSocketConnectionManager initialized with node ID: c3f0bfce30c6efe34c40b3008f15901c0c00bd80
🔗 Event handler attached to WebSocketConnectionManager for c812afae
🔗 Creating WebSocket connection to c812afae...
⏳ Waiting for WebSocket initialization...
🌐 Initialized Node.js WebSocket support
🔗 Creating CLIENT connection manager for outgoing connection to c3f0bfce...
🌐 Creating WebSocketConnectionManager for nodejs→nodejs
🔗 WebSocketConnectionManager initialized with node ID: c812afaef8e5efbbc18b22df780ccc2ff79c2981
🔗 Event handler attached to WebSocketConnectionManager for c3f0bfce
⏳ Waiting for WebSocket connection from c3f0bfce...
🌐 Initialized Node.js WebSocket support
🔗 WebSocket connection: nodejs → nodejs
🌐 Creating WebSocket connection to c812afae... at ws://localhost:62659
🔗 Incoming WebSocket connection from 127.0.0.1
🔗 DHT received peerConnected: c3f0bfce... (via WebSocketConnectionManager)
🔄 Node c3f0bfce... already exists in routing table
🔗 Setting up connection for existing node c3f0bfce...
🔗 DHT received peerConnected: c812afae... (via WebSocketConnectionManager)
🔄 Node c812afae... already exists in routing table
🔗 Setting up connection for existing node c812afae...
🌐 NodeDHTClient initializing
🌐 Creating WebSocketConnectionManager for nodejs→browser
🌐 Initialized Node.js WebSocket support
🌐 WebSocket server listening on 127.0.0.1:62668
⚠️ Unable to confidently detect environment, defaulting to nodejs
🔗 Setting up routing table connection event handlers...
🔗 Attaching peerConnected event handler to server connection manager
🔗 New client connection (total: 7)
🌐 Open network mode: Finding random onboarding peer for e22310b0...
🔄 Checking stale buckets: 1 connected, 6 routing
🔗 Background process: Found 5 unconnected nodes in routing table
⏳ Skipping connection to 95695a49... - in discovery grace period (9s remaining)
⏳ Skipping connection to 9889ebc7... - in discovery grace period (9s remaining)
⏳ Skipping connection to 8b9543b3... - in discovery grace period (9s remaining)
🔄 Checking stale buckets: 1 connected, 1 routing
🔍 Validating disconnected peer 5516d3b4: not in routing table yet
🔍 Validating disconnected peer 95695a49: not in routing table yet
⚠️ Peer 95695a49... discovered without membership token - will validate during handshake
🔍 Validating disconnected peer 8b9543b3: not in routing table yet
⚠️ Peer 8b9543b3... discovered without membership token - will validate during handshake
🔍 Validating disconnected peer bd428f05: not in routing table yet
⚠️ Peer bd428f05... discovered without membership token - will validate during handshake
🔍 Validating disconnected peer ae48ae5b: not in routing table yet
⚠️ Peer ae48ae5b... discovered without membership token - will validate during handshake
🔍 Validating disconnected peer c812afae: not in routing table yet
⚠️ Peer c812afae... discovered without membership token - will validate during handshake
🔄 Updated existing peer 5516d3b4... in routing table
⚠️ Peer c812afae... discovered without membership token - will validate during handshake
🔄 Updated existing peer c812afae... in routing table
⚠️ Peer bd428f05... discovered without membership token - will validate during handshake
🔄 Updated existing peer bd428f05... in routing table
⚠️ Peer ae48ae5b... discovered without membership token - will validate during handshake
🔄 Updated existing peer ae48ae5b... in routing table
⚠️ Peer 95695a49... discovered without membership token - will validate during handshake
🔄 Updated existing peer 95695a49... in routing table
⚠️ Peer 8b9543b3... discovered without membership token - will validate during handshake
🔄 Updated existing peer 8b9543b3... in routing table
🔗 Skipping find_node query to non-connected node: 5516d3b4...
🔗 Skipping find_node query to non-connected node: c812afae...
🔗 Skipping find_node query to non-connected node: bd428f05...
🔗 Skipping find_node query to non-connected node: ae48ae5b...
🔗 Skipping find_node query to non-connected node: 95695a49...
🔗 Skipping find_node query to non-connected node: 8b9543b3...
🔗 Connecting to peer 5516d3b4...
🔗 Creating CLIENT connection manager for outgoing connection to 5516d3b4...
🌐 Creating WebSocketConnectionManager for nodejs→nodejs
🔗 WebSocketConnectionManager initialized with node ID: 9889ebc773c7d5b1e8d91ab85a2c03de3d35936e
🔗 Event handler attached to WebSocketConnectionManager for 5516d3b4
⏳ Waiting for WebSocket initialization...
🌐 Initialized Node.js WebSocket support
🔗 WebSocket connection: nodejs → bridge
🌐 Creating WebSocket connection to 5516d3b4... at ws://localhost:8083
🔗 Incoming WebSocket connection from 127.0.0.1
🔗 DHT received peerConnected: 9889ebc7... (via WebSocketConnectionManager)
🔄 Node 9889ebc7... already exists in routing table
🔗 Setting up connection for existing node 9889ebc7...
🔗 Incoming connection from 9889ebc7... via connection manager
🔗 DHT peer 9889ebc7... integrated with bridge DHT
🔗 DHT received peerConnected: 5516d3b4... (via WebSocketConnectionManager)
🔄 Node 5516d3b4... already exists in routing table
🔗 Setting up connection for existing node 5516d3b4...
🔗 Connecting to peer 95695a49...
🔗 Creating CLIENT connection manager for outgoing connection to 95695a49...
🌐 Creating WebSocketConnectionManager for nodejs→nodejs
🔗 WebSocketConnectionManager initialized with node ID: 9889ebc773c7d5b1e8d91ab85a2c03de3d35936e
🔗 Event handler attached to WebSocketConnectionManager for 95695a49
⏳ Waiting for WebSocket initialization...
🌐 Initialized Node.js WebSocket support
🔗 Connecting to bridge node: localhost:8083
🔗 Connecting to bridge node: localhost:8084
🔗 WebSocket connection: nodejs → nodejs
🌐 Creating WebSocket connection to 95695a49... at ws://localhost:62631
🔗 Incoming WebSocket connection from 127.0.0.1
🔗 Incoming WebSocket connection from 127.0.0.1
🔗 Incoming WebSocket connection from 127.0.0.1
🔗 Bootstrap server connected: bootstrap_1762998942853
🔗 DHT received peerConnected: bootstra... (via WebSocketConnectionManager)
🔗 Bootstrap server connection detected - skipping DHT operations for bootstrap_176299...
🔗 Incoming connection from bootstra... via connection manager
🔗 Bootstrap server connection established: bootstrap_1762998942853
🔗 Bootstrap server connected: bootstrap_1762998942853
🔗 DHT received peerConnected: bootstra... (via WebSocketConnectionManager)
🔗 Bootstrap server connection detected - skipping DHT operations for bootstrap_176299...
🔗 Incoming connection from bootstra... via connection manager
🔗 Bootstrap server connection established: bootstrap_1762998942853
🔗 DHT received peerConnected: 9889ebc7... (via WebSocketConnectionManager)
🔗 DHT received peerConnected: 95695a49... (via WebSocketConnectionManager)
🔄 Node 95695a49... already exists in routing table
🔗 Setting up connection for existing node 95695a49...
🔗 Background process: Found 4 unconnected nodes in routing table
⏳ Skipping connection to 8b9543b3... - in discovery grace period (10s remaining)
⏳ Skipping connection to bd428f05... - in discovery grace period (10s remaining)
⏳ Skipping connection to ae48ae5b... - in discovery grace period (10s remaining)
🔗 Skipping find_node query to non-connected node: 95695a49...
🔗 Skipping find_node query to non-connected node: 8b9543b3...
🔗 Skipping find_node query to non-connected node: bd428f05...
🔗 Skipping find_node query to non-connected node: ae48ae5b...
⚠️ Peer ae48ae5b... discovered without membership token - will validate during handshake
🔄 Updated existing peer ae48ae5b... in routing table
⚠️ Peer bd428f05... discovered without membership token - will validate during handshake
🔄 Updated existing peer bd428f05... in routing table
⚠️ Peer 8b9543b3... discovered without membership token - will validate during handshake
🔄 Updated existing peer 8b9543b3... in routing table
⚠️ Peer 95695a49... discovered without membership token - will validate during handshake
🔄 Updated existing peer 95695a49... in routing table
🔄 Updated existing peer 9889ebc7... in routing table
🔍 Validating disconnected peer c812afae: not in routing table yet
⚠️ Peer c812afae... discovered without membership token - will validate during handshake
⚠️ Peer ae48ae5b... discovered without membership token - will validate during handshake
🔄 Updated existing peer ae48ae5b... in routing table
⚠️ Peer bd428f05... discovered without membership token - will validate during handshake
🔄 Updated existing peer bd428f05... in routing table
⚠️ Peer 8b9543b3... discovered without membership token - will validate during handshake
🔄 Updated existing peer 8b9543b3... in routing table
⚠️ Peer 95695a49... discovered without membership token - will validate during handshake
🔄 Updated existing peer 95695a49... in routing table
🔄 Updated existing peer c3f0bfce... in routing table
⚠️ Peer c812afae... discovered without membership token - will validate during handshake
🔄 Updated existing peer c812afae... in routing table
🔗 Skipping find_node query to non-connected node: 95695a49...
🔗 Skipping find_node query to non-connected node: 8b9543b3...
🔗 Skipping find_node query to non-connected node: bd428f05...
🔗 Skipping find_node query to non-connected node: ae48ae5b...
🔗 Skipping find_node query to non-connected node: c812afae...
⚠️ Skipping inactive peer c812afae... (not connected to bridge)
⚠️ Skipping inactive peer 95695a49... (not connected to bridge)
⚠️ Skipping inactive peer 8b9543b3... (not connected to bridge)
⚠️ Skipping inactive peer bd428f05... (not connected to bridge)
⚠️ Skipping inactive peer ae48ae5b... (not connected to bridge)
🌐 Node.js connection detected - will use WebSocket metadata exchange
🌐 Initializing overlay network for WebRTC signaling...
🌐 Using WebSocket coordination for Node.js connection
🌐 Received WebSocket metadata for e22310b0... - initiating connection
🔗 Creating CLIENT connection manager for outgoing connection to e22310b0...
🌐 Creating WebSocketConnectionManager for nodejs→nodejs
🔗 WebSocketConnectionManager initialized with node ID: c3f0bfce30c6efe34c40b3008f15901c0c00bd80
🔗 Event handler attached to WebSocketConnectionManager for e22310b0
🔗 Creating WebSocket connection to e22310b0...
⏳ Waiting for WebSocket initialization...
🌐 Initialized Node.js WebSocket support
🔗 Creating CLIENT connection manager for outgoing connection to c3f0bfce...
🌐 Creating WebSocketConnectionManager for nodejs→nodejs
🔗 WebSocketConnectionManager initialized with node ID: e22310b03cabaeeffafbf92791727a07b9b275ba
🔗 Event handler attached to WebSocketConnectionManager for c3f0bfce
⏳ Waiting for WebSocket connection from c3f0bfce...
🌐 Initialized Node.js WebSocket support
🔗 WebSocket connection: nodejs → nodejs
🌐 Creating WebSocket connection to e22310b0... at ws://localhost:62668
🔗 Incoming WebSocket connection from 127.0.0.1
🔗 DHT received peerConnected: c3f0bfce... (via WebSocketConnectionManager)
🔄 Node c3f0bfce... already exists in routing table
🔗 Setting up connection for existing node c3f0bfce...
🔗 DHT received peerConnected: e22310b0... (via WebSocketConnectionManager)
🔄 Node e22310b0... already exists in routing table
🔗 Setting up connection for existing node e22310b0...
🌐 NodeDHTClient initializing
🌐 Creating WebSocketConnectionManager for nodejs→browser
🌐 Initialized Node.js WebSocket support
🌐 WebSocket server listening on 127.0.0.1:62681
⚠️ Unable to confidently detect environment, defaulting to nodejs
🔗 Setting up routing table connection event handlers...
🔗 Attaching peerConnected event handler to server connection manager
🔗 New client connection (total: 8)
🌐 Open network mode: Finding random onboarding peer for 34d01b98...
🌐 SWITCHING TO DHT SIGNALING: 2 connected peers, 2 routing table entries
🔗 Connecting to bridge node: localhost:8083
🔗 Connecting to bridge node: localhost:8084
🔗 Incoming WebSocket connection from 127.0.0.1
🔗 Incoming WebSocket connection from 127.0.0.1
🔗 Bootstrap server connected: bootstrap_1762998944014
🔗 DHT received peerConnected: bootstra... (via WebSocketConnectionManager)
🔗 Bootstrap server connection detected - skipping DHT operations for bootstrap_176299...
🔗 Incoming connection from bootstra... via connection manager
🔗 Bootstrap server connection established: bootstrap_1762998944014
🔗 Bootstrap server connected: bootstrap_1762998944014
🔗 DHT received peerConnected: bootstra... (via WebSocketConnectionManager)
🔗 Bootstrap server connection detected - skipping DHT operations for bootstrap_176299...
🔗 Incoming connection from bootstra... via connection manager
🔗 Bootstrap server connection established: bootstrap_1762998944014
🔗 Skipping find_node query to non-connected node: c812afae...
🔗 Skipping find_node query to non-connected node: 95695a49...
🔗 Skipping find_node query to non-connected node: 8b9543b3...
🔗 Skipping find_node query to non-connected node: bd428f05...
🔗 Skipping find_node query to non-connected node: ae48ae5b...
⚠️ Peer 95695a49... discovered without membership token - will validate during handshake
🔄 Updated existing peer 95695a49... in routing table
🔄 Updated existing peer 9889ebc7... in routing table
⚠️ Peer 8b9543b3... discovered without membership token - will validate during handshake
🔄 Updated existing peer 8b9543b3... in routing table
⚠️ Peer bd428f05... discovered without membership token - will validate during handshake
🔄 Updated existing peer bd428f05... in routing table
⚠️ Peer ae48ae5b... discovered without membership token - will validate during handshake
🔄 Updated existing peer ae48ae5b... in routing table
⚠️ Peer c812afae... discovered without membership token - will validate during handshake
🔄 Updated existing peer c812afae... in routing table
🔍 Validating disconnected peer e22310b0: not in routing table yet
⚠️ Peer e22310b0... discovered without membership token - will validate during handshake
⚠️ Peer 95695a49... discovered without membership token - will validate during handshake
🔄 Updated existing peer 95695a49... in routing table
⚠️ Peer 8b9543b3... discovered without membership token - will validate during handshake
🔄 Updated existing peer 8b9543b3... in routing table
⚠️ Peer bd428f05... discovered without membership token - will validate during handshake
🔄 Updated existing peer bd428f05... in routing table
⚠️ Peer ae48ae5b... discovered without membership token - will validate during handshake
🔄 Updated existing peer ae48ae5b... in routing table
🔄 Updated existing peer c3f0bfce... in routing table
⚠️ Peer c812afae... discovered without membership token - will validate during handshake
🔄 Updated existing peer c812afae... in routing table
🔗 Skipping find_node query to non-connected node: c812afae...
🔗 Skipping find_node query to non-connected node: 95695a49...
🔗 Skipping find_node query to non-connected node: 8b9543b3...
🔗 Skipping find_node query to non-connected node: bd428f05...
🔗 Skipping find_node query to non-connected node: ae48ae5b...
🔗 Skipping find_node query to non-connected node: e22310b0...
⚠️ Skipping inactive peer c812afae... (not connected to bridge)
⚠️ Skipping inactive peer e22310b0... (not connected to bridge)
⚠️ Skipping inactive peer 95695a49... (not connected to bridge)
⚠️ Skipping inactive peer 8b9543b3... (not connected to bridge)
⚠️ Skipping inactive peer bd428f05... (not connected to bridge)
⚠️ Skipping inactive peer ae48ae5b... (not connected to bridge)
🌐 Node.js connection detected - will use WebSocket metadata exchange
🌐 Initializing overlay network for WebRTC signaling...
🌐 Using WebSocket coordination for Node.js connection
🌐 Received WebSocket metadata for 34d01b98... - initiating connection
🔗 Creating CLIENT connection manager for outgoing connection to 34d01b98...
🌐 Creating WebSocketConnectionManager for nodejs→nodejs
🔗 WebSocketConnectionManager initialized with node ID: c3f0bfce30c6efe34c40b3008f15901c0c00bd80
🔗 Event handler attached to WebSocketConnectionManager for 34d01b98
🔗 Creating WebSocket connection to 34d01b98...
⏳ Waiting for WebSocket initialization...
🌐 Initialized Node.js WebSocket support
🔗 Creating CLIENT connection manager for outgoing connection to c3f0bfce...
🌐 Creating WebSocketConnectionManager for nodejs→nodejs
🔗 WebSocketConnectionManager initialized with node ID: 34d01b987fea453e8d61b56d0018ac97092756fc
🔗 Event handler attached to WebSocketConnectionManager for c3f0bfce
⏳ Waiting for WebSocket connection from c3f0bfce...
🌐 Initialized Node.js WebSocket support
🔗 WebSocket connection: nodejs → nodejs
🌐 Creating WebSocket connection to 34d01b98... at ws://localhost:62681
🔗 Incoming WebSocket connection from 127.0.0.1
🔗 DHT received peerConnected: c3f0bfce... (via WebSocketConnectionManager)
🔄 Node c3f0bfce... already exists in routing table
🔗 Setting up connection for existing node c3f0bfce...
🔗 DHT received peerConnected: 34d01b98... (via WebSocketConnectionManager)
🔄 Node 34d01b98... already exists in routing table
🔗 Setting up connection for existing node 34d01b98...
🌐 NodeDHTClient initializing
🌐 Creating WebSocketConnectionManager for nodejs→browser
🌐 Initialized Node.js WebSocket support
🌐 WebSocket server listening on 127.0.0.1:62690
⚠️ Unable to confidently detect environment, defaulting to nodejs
🔗 Setting up routing table connection event handlers...
🔗 Attaching peerConnected event handler to server connection manager
🔗 New client connection (total: 9)
🌐 Open network mode: Finding random onboarding peer for 8bf5b846...
🔗 Connecting to bridge node: localhost:8083
🔗 Connecting to bridge node: localhost:8084
🔗 Incoming WebSocket connection from 127.0.0.1
🔗 Incoming WebSocket connection from 127.0.0.1
🔗 Bootstrap server connected: bootstrap_1762998945182
🔗 DHT received peerConnected: bootstra... (via WebSocketConnectionManager)
🔗 Bootstrap server connection detected - skipping DHT operations for bootstrap_176299...
🔗 Incoming connection from bootstra... via connection manager
🔗 Bootstrap server connection established: bootstrap_1762998945182
🔗 Bootstrap server connected: bootstrap_1762998945182
🔗 DHT received peerConnected: bootstra... (via WebSocketConnectionManager)
🔗 Bootstrap server connection detected - skipping DHT operations for bootstrap_176299...
🔗 Incoming connection from bootstra... via connection manager
🔗 Bootstrap server connection established: bootstrap_1762998945182
🔗 Skipping find_node query to non-connected node: 8b9543b3...
🔗 Skipping find_node query to non-connected node: 95695a49...
🔗 Skipping find_node query to non-connected node: ae48ae5b...
🔗 Skipping find_node query to non-connected node: bd428f05...
🔗 Skipping find_node query to non-connected node: c812afae...
🔗 Skipping find_node query to non-connected node: e22310b0...
⚠️ Peer c812afae... discovered without membership token - will validate during handshake
🔄 Updated existing peer c812afae... in routing table
🔄 Updated existing peer c3f0bfce... in routing table
⚠️ Peer ae48ae5b... discovered without membership token - will validate during handshake
🔄 Updated existing peer ae48ae5b... in routing table
⚠️ Peer bd428f05... discovered without membership token - will validate during handshake
🔄 Updated existing peer bd428f05... in routing table
⚠️ Peer 8b9543b3... discovered without membership token - will validate during handshake
🔄 Updated existing peer 8b9543b3... in routing table
⚠️ Peer 95695a49... discovered without membership token - will validate during handshake
🔄 Updated existing peer 95695a49... in routing table
⚠️ Peer e22310b0... discovered without membership token - will validate during handshake
🔄 Updated existing peer e22310b0... in routing table
⚠️ Peer c812afae... discovered without membership token - will validate during handshake
🔄 Updated existing peer c812afae... in routing table
⚠️ Peer ae48ae5b... discovered without membership token - will validate during handshake
🔄 Updated existing peer ae48ae5b... in routing table
⚠️ Peer bd428f05... discovered without membership token - will validate during handshake
🔄 Updated existing peer bd428f05... in routing table
⚠️ Peer 8b9543b3... discovered without membership token - will validate during handshake
🔄 Updated existing peer 8b9543b3... in routing table
🔄 Updated existing peer 9889ebc7... in routing table
⚠️ Peer 95695a49... discovered without membership token - will validate during handshake
🔄 Updated existing peer 95695a49... in routing table
🔍 Validating disconnected peer 34d01b98: not in routing table yet
⚠️ Peer 34d01b98... discovered without membership token - will validate during handshake
🔗 Skipping find_node query to non-connected node: 8b9543b3...
🔗 Skipping find_node query to non-connected node: 95695a49...
🔗 Skipping find_node query to non-connected node: ae48ae5b...
🔗 Skipping find_node query to non-connected node: bd428f05...
🔗 Skipping find_node query to non-connected node: c812afae...
🔗 Skipping find_node query to non-connected node: e22310b0...
🔗 Skipping find_node query to non-connected node: 34d01b98...
⚠️ Skipping inactive peer 8b9543b3... (not connected to bridge)
⚠️ Skipping inactive peer 95695a49... (not connected to bridge)
⚠️ Skipping inactive peer ae48ae5b... (not connected to bridge)
⚠️ Skipping inactive peer bd428f05... (not connected to bridge)
⚠️ Skipping inactive peer c812afae... (not connected to bridge)
⚠️ Skipping inactive peer e22310b0... (not connected to bridge)
⚠️ Skipping inactive peer 34d01b98... (not connected to bridge)
🌐 Node.js connection detected - will use WebSocket metadata exchange
🌐 Initializing overlay network for WebRTC signaling...
🌐 Using WebSocket coordination for Node.js connection
🌐 Received WebSocket metadata for 8bf5b846... - initiating connection
🔗 Creating CLIENT connection manager for outgoing connection to 8bf5b846...
🌐 Creating WebSocketConnectionManager for nodejs→nodejs
🔗 WebSocketConnectionManager initialized with node ID: c3f0bfce30c6efe34c40b3008f15901c0c00bd80
🔗 Event handler attached to WebSocketConnectionManager for 8bf5b846
🔗 Creating WebSocket connection to 8bf5b846...
⏳ Waiting for WebSocket initialization...
🌐 Initialized Node.js WebSocket support
🔗 Creating CLIENT connection manager for outgoing connection to c3f0bfce...
🌐 Creating WebSocketConnectionManager for nodejs→nodejs
🔗 WebSocketConnectionManager initialized with node ID: 8bf5b846ecb6326be12426508ce85e10425ed6a6
🔗 Event handler attached to WebSocketConnectionManager for c3f0bfce
⏳ Waiting for WebSocket connection from c3f0bfce...
🌐 Initialized Node.js WebSocket support
🔗 WebSocket connection: nodejs → nodejs
🌐 Creating WebSocket connection to 8bf5b846... at ws://localhost:62690
🔗 Incoming WebSocket connection from 127.0.0.1
🔗 DHT received peerConnected: c3f0bfce... (via WebSocketConnectionManager)
🔄 Node c3f0bfce... already exists in routing table
🔗 Setting up connection for existing node c3f0bfce...
🔗 DHT received peerConnected: 8bf5b846... (via WebSocketConnectionManager)
🔄 Node 8bf5b846... already exists in routing table
🔗 Setting up connection for existing node 8bf5b846...
🌐 NodeDHTClient initializing
🌐 Creating WebSocketConnectionManager for nodejs→browser
🌐 Initialized Node.js WebSocket support
🌐 WebSocket server listening on 127.0.0.1:62699
⚠️ Unable to confidently detect environment, defaulting to nodejs
🔗 Setting up routing table connection event handlers...
🔗 Attaching peerConnected event handler to server connection manager
🔗 New client connection (total: 10)
🌐 Open network mode: Finding random onboarding peer for b02894e0...
🔗 Connecting to bridge node: localhost:8083
🔗 Connecting to bridge node: localhost:8084
🔗 Incoming WebSocket connection from 127.0.0.1
🔗 Incoming WebSocket connection from 127.0.0.1
🔗 Bootstrap server connected: bootstrap_1762998946349
🔗 DHT received peerConnected: bootstra... (via WebSocketConnectionManager)
🔗 Bootstrap server connection detected - skipping DHT operations for bootstrap_176299...
🔗 Incoming connection from bootstra... via connection manager
🔗 Bootstrap server connection established: bootstrap_1762998946349
🔗 Bootstrap server connected: bootstrap_1762998946349
🔗 DHT received peerConnected: bootstra... (via WebSocketConnectionManager)
🔗 Bootstrap server connection detected - skipping DHT operations for bootstrap_176299...
🔗 Incoming connection from bootstra... via connection manager
🔗 Bootstrap server connection established: bootstrap_1762998946349
🔗 Skipping find_node query to non-connected node: 95695a49...
🔗 Skipping find_node query to non-connected node: 8b9543b3...
🔗 Skipping find_node query to non-connected node: bd428f05...
🔗 Skipping find_node query to non-connected node: ae48ae5b...
🔗 Skipping find_node query to non-connected node: c812afae...
🔗 Skipping find_node query to non-connected node: e22310b0...
🔗 Skipping find_node query to non-connected node: 34d01b98...
🔄 Updated existing peer c3f0bfce... in routing table
⚠️ Peer c812afae... discovered without membership token - will validate during handshake
🔄 Updated existing peer c812afae... in routing table
⚠️ Peer 8b9543b3... discovered without membership token - will validate during handshake
🔄 Updated existing peer 8b9543b3... in routing table
⚠️ Peer 95695a49... discovered without membership token - will validate during handshake
🔄 Updated existing peer 95695a49... in routing table
⚠️ Peer ae48ae5b... discovered without membership token - will validate during handshake
🔄 Updated existing peer ae48ae5b... in routing table
⚠️ Peer bd428f05... discovered without membership token - will validate during handshake
🔄 Updated existing peer bd428f05... in routing table
⚠️ Peer c812afae... discovered without membership token - will validate during handshake
🔄 Updated existing peer c812afae... in routing table
⚠️ Peer e22310b0... discovered without membership token - will validate during handshake
🔄 Updated existing peer e22310b0... in routing table
🔍 Validating disconnected peer 8bf5b846: not in routing table yet
⚠️ Peer 8bf5b846... discovered without membership token - will validate during handshake
⚠️ Peer 8b9543b3... discovered without membership token - will validate during handshake
🔄 Updated existing peer 8b9543b3... in routing table
⚠️ Peer 95695a49... discovered without membership token - will validate during handshake
🔄 Updated existing peer 95695a49... in routing table
🔄 Updated existing peer 9889ebc7... in routing table
⚠️ Peer ae48ae5b... discovered without membership token - will validate during handshake
🔄 Updated existing peer ae48ae5b... in routing table
⚠️ Peer bd428f05... discovered without membership token - will validate during handshake
🔄 Updated existing peer bd428f05... in routing table
⚠️ Peer 34d01b98... discovered without membership token - will validate during handshake
🔄 Updated existing peer 34d01b98... in routing table
🔗 Skipping find_node query to non-connected node: 95695a49...
🔗 Skipping find_node query to non-connected node: 8b9543b3...
🔗 Skipping find_node query to non-connected node: bd428f05...
🔗 Skipping find_node query to non-connected node: ae48ae5b...
🔗 Skipping find_node query to non-connected node: c812afae...
🔗 Skipping find_node query to non-connected node: e22310b0...
🔗 Skipping find_node query to non-connected node: 34d01b98...
🔗 Skipping find_node query to non-connected node: 8bf5b846...
⚠️ Skipping inactive peer 95695a49... (not connected to bridge)
⚠️ Skipping inactive peer 8b9543b3... (not connected to bridge)
⚠️ Skipping inactive peer 8bf5b846... (not connected to bridge)
⚠️ Skipping inactive peer bd428f05... (not connected to bridge)
⚠️ Skipping inactive peer ae48ae5b... (not connected to bridge)
⚠️ Skipping inactive peer c812afae... (not connected to bridge)
⚠️ Skipping inactive peer e22310b0... (not connected to bridge)
⚠️ Skipping inactive peer 34d01b98... (not connected to bridge)
🌐 Node.js connection detected - will use WebSocket metadata exchange
🌐 Initializing overlay network for WebRTC signaling...
⏳ Waiting 5s for network stabilization...
🌐 Using WebSocket coordination for Node.js connection
🌐 Received WebSocket metadata for b02894e0... - initiating connection
🔗 Creating CLIENT connection manager for outgoing connection to b02894e0...
🌐 Creating WebSocketConnectionManager for nodejs→nodejs
🔗 WebSocketConnectionManager initialized with node ID: c3f0bfce30c6efe34c40b3008f15901c0c00bd80
🔗 Event handler attached to WebSocketConnectionManager for b02894e0
🔗 Creating WebSocket connection to b02894e0...
⏳ Waiting for WebSocket initialization...
🌐 Initialized Node.js WebSocket support
🔗 Creating CLIENT connection manager for outgoing connection to c3f0bfce...
🌐 Creating WebSocketConnectionManager for nodejs→nodejs
🔗 WebSocketConnectionManager initialized with node ID: b02894e0f4cd2c86ec8013f61917e600064afe66
🔗 Event handler attached to WebSocketConnectionManager for c3f0bfce
⏳ Waiting for WebSocket connection from c3f0bfce...
🌐 Initialized Node.js WebSocket support
🔗 WebSocket connection: nodejs → nodejs
🌐 Creating WebSocket connection to b02894e0... at ws://localhost:62699
🔗 Incoming WebSocket connection from 127.0.0.1
🔗 DHT received peerConnected: c3f0bfce... (via WebSocketConnectionManager)
🔄 Node c3f0bfce... already exists in routing table
🔗 Setting up connection for existing node c3f0bfce...
🔗 DHT received peerConnected: b02894e0... (via WebSocketConnectionManager)
🔄 Node b02894e0... already exists in routing table
🔗 Setting up connection for existing node b02894e0...
🔄 Checking stale buckets: 11 connected, 11 routing
   Node 0: 11 connected, 11 in routing table
   Node 1: 1 connected, 1 in routing table
   Node 2: 2 connected, 2 in routing table
   Node 3: 1 connected, 1 in routing table
   Node 4: 1 connected, 1 in routing table
   Node 5: 1 connected, 1 in routing table
   Node 6: 1 connected, 1 in routing table
   Node 7: 1 connected, 1 in routing table
   Node 8: 1 connected, 1 in routing table
   Node 9: 1 connected, 1 in routing table
Test 1: Node 0 storing "test-key"...
[DHT] 📝 Storing key: test-key
🔄 Updated existing peer 34d01b98... in routing table
🔄 Updated existing peer 95695a49... in routing table
🔄 Updated existing peer 9889ebc7... in routing table
🔄 Updated existing peer 8b9543b3... in routing table
🔄 Updated existing peer 8bf5b846... in routing table
🔄 Updated existing peer bd428f05... in routing table
🔄 Updated existing peer ae48ae5b... in routing table
🔄 Updated existing peer c812afae... in routing table
🔄 Updated existing peer e22310b0... in routing table
🔄 Updated existing peer 5516d3b4... in routing table
🔄 Updated existing peer 95695a49... in routing table
🔄 Updated existing peer 8b9543b3... in routing table
🔄 Updated existing peer bd428f05... in routing table
🔄 Updated existing peer ae48ae5b... in routing table
🔄 Updated existing peer c812afae... in routing table
🔄 Updated existing peer 9889ebc7... in routing table
⚠️ Rejecting store request for test-key - node is in passive/observer mode
✅ Node 0 retrieved value: Hello from Node 0

Test 2: Node 1 retrieving "test-key" (stored by Node 0)...
✅ Node 1 retrieved value: Hello from Node 0

Test 3: Node 2 storing "test-key2"...
[DHT] 📝 Storing key: test-key2
🔍 Validating disconnected peer 34d01b98: not in routing table yet
⚠️ Peer 34d01b98... discovered without membership token - will validate during handshake
🔍 Validating disconnected peer 5516d3b4: not in routing table yet
🔍 Validating disconnected peer ae48ae5b: not in routing table yet
⚠️ Peer ae48ae5b... discovered without membership token - will validate during handshake
🔍 Validating disconnected peer bd428f05: not in routing table yet
⚠️ Peer bd428f05... discovered without membership token - will validate during handshake
🔍 Validating disconnected peer b02894e0: not in routing table yet
⚠️ Peer b02894e0... discovered without membership token - will validate during handshake
🔍 Validating disconnected peer 8b9543b3: not in routing table yet
⚠️ Peer 8b9543b3... discovered without membership token - will validate during handshake
🔍 Validating disconnected peer 8bf5b846: not in routing table yet
⚠️ Peer 8bf5b846... discovered without membership token - will validate during handshake
🔄 Updated existing peer 9889ebc7... in routing table
🔍 Validating disconnected peer e22310b0: not in routing table yet
⚠️ Peer e22310b0... discovered without membership token - will validate during handshake
🔍 Validating disconnected peer c812afae: not in routing table yet
⚠️ Peer c812afae... discovered without membership token - will validate during handshake
🔄 Updated existing peer 5516d3b4... in routing table
⚠️ Peer ae48ae5b... discovered without membership token - will validate during handshake
🔄 Updated existing peer ae48ae5b... in routing table
⚠️ Peer bd428f05... discovered without membership token - will validate during handshake
🔄 Updated existing peer bd428f05... in routing table
⚠️ Peer 8b9543b3... discovered without membership token - will validate during handshake
🔄 Updated existing peer 8b9543b3... in routing table
⚠️ Peer c812afae... discovered without membership token - will validate during handshake
🔄 Updated existing peer c812afae... in routing table
🔄 Updated existing peer c3f0bfce... in routing table
🔗 Skipping find_node query to non-connected node: 34d01b98...
🔗 Skipping find_node query to non-connected node: 5516d3b4...
🔗 Skipping find_node query to non-connected node: ae48ae5b...
🔗 Skipping find_node query to non-connected node: bd428f05...
🔗 Skipping find_node query to non-connected node: b02894e0...
🔗 Skipping find_node query to non-connected node: 8b9543b3...
🔗 Skipping find_node query to non-connected node: 8bf5b846...
🔗 Skipping find_node query to non-connected node: e22310b0...
🔗 Skipping find_node query to non-connected node: c812afae...
⚠️ Rejecting store request for test-key2 - node is in passive/observer mode
🔄 Checking stale buckets: 1 connected, 1 routing
🔍 Validating disconnected peer 5516d3b4: not in routing table yet
🔍 Validating disconnected peer 34d01b98: not in routing table yet
⚠️ Peer 34d01b98... discovered without membership token - will validate during handshake
🔍 Validating disconnected peer c812afae: not in routing table yet
⚠️ Peer c812afae... discovered without membership token - will validate during handshake
🔍 Validating disconnected peer e22310b0: not in routing table yet
⚠️ Peer e22310b0... discovered without membership token - will validate during handshake
🔍 Validating disconnected peer 8bf5b846: not in routing table yet
⚠️ Peer 8bf5b846... discovered without membership token - will validate during handshake
🔍 Validating disconnected peer 8b9543b3: not in routing table yet
⚠️ Peer 8b9543b3... discovered without membership token - will validate during handshake
🔍 Validating disconnected peer 9889ebc7: not in routing table yet
🔍 Validating disconnected peer 95695a49: not in routing table yet
⚠️ Peer 95695a49... discovered without membership token - will validate during handshake
🔍 Validating disconnected peer bd428f05: not in routing table yet
⚠️ Peer bd428f05... discovered without membership token - will validate during handshake
🔍 Validating disconnected peer b02894e0: not in routing table yet
⚠️ Peer b02894e0... discovered without membership token - will validate during handshake
✅ Node 2 retrieved value: Hello from Node 2

Test 4: Node 3 retrieving "test-key2" (stored by Node 2)...
❌ GET: "test-key2" not in local storage, searching DHT...
🔍 Validating disconnected peer 34d01b98: not in routing table yet
⚠️ Peer 34d01b98... discovered without membership token - will validate during handshake
🔍 Validating disconnected peer 5516d3b4: not in routing table yet
🔍 Validating disconnected peer ae48ae5b: not in routing table yet
⚠️ Peer ae48ae5b... discovered without membership token - will validate during handshake
🔍 Validating disconnected peer b02894e0: not in routing table yet
⚠️ Peer b02894e0... discovered without membership token - will validate during handshake
🔍 Validating disconnected peer 8b9543b3: not in routing table yet
⚠️ Peer 8b9543b3... discovered without membership token - will validate during handshake
🔍 Validating disconnected peer 8bf5b846: not in routing table yet
⚠️ Peer 8bf5b846... discovered without membership token - will validate during handshake
🔍 Validating disconnected peer 9889ebc7: not in routing table yet
🔍 Validating disconnected peer 95695a49: not in routing table yet
⚠️ Peer 95695a49... discovered without membership token - will validate during handshake
🔍 Validating disconnected peer e22310b0: not in routing table yet
⚠️ Peer e22310b0... discovered without membership token - will validate during handshake
🔍 Validating disconnected peer c812afae: not in routing table yet
⚠️ Peer c812afae... discovered without membership token - will validate during handshake
🔗 Skipping find_node query to non-connected node: 34d01b98...
🔗 Skipping find_node query to non-connected node: 5516d3b4...
🔗 Skipping find_node query to non-connected node: ae48ae5b...
🔗 Skipping find_node query to non-connected node: b02894e0...
🔗 Skipping find_node query to non-connected node: 8b9543b3...
🔗 Skipping find_node query to non-connected node: 8bf5b846...
🔗 Skipping find_node query to non-connected node: 9889ebc7...
🔗 Skipping find_node query to non-connected node: 95695a49...
🔗 Skipping find_node query to non-connected node: e22310b0...
🔗 Skipping find_node query to non-connected node: c812afae...
🔗 GET: Node c812afae... not connected, attempting connection...
🔗 Creating CLIENT connection manager for outgoing connection to c812afae...
🌐 Creating WebSocketConnectionManager for nodejs→nodejs
🔗 WebSocketConnectionManager initialized with node ID: bd428f053a36f12ed75549a692420f1024798565
🔗 Event handler attached to WebSocketConnectionManager for c812afae
⏳ Waiting for WebSocket initialization...
🌐 Initialized Node.js WebSocket support
🔗 WebSocket connection: nodejs → nodejs
🌐 Creating WebSocket connection to c812afae... at ws://localhost:62659
🔗 Incoming WebSocket connection from 127.0.0.1
🔗 DHT received peerConnected: bd428f05... (via WebSocketConnectionManager)
🔗 DHT received peerConnected: c812afae... (via WebSocketConnectionManager)
🔄 Node c812afae... already exists in routing table
🔗 Setting up connection for existing node c812afae...
✅ Node 3 retrieved value: Hello from Node 2

Test 4.5: HRS store each and read all...
  📝 Node 0 storing key="key0" value="value0"
[DHT] 📝 Storing key: key0
Find node query failed for ae48ae5b788a6860d93795556c19789aef6216ec: Error: Rate limited: must wait 9s before sending another find_node to ae48ae5b788a6860d93795556c19789aef6216ec
    at KademliaDHT.sendFindNode (file:///C:/git/yz.network/src/dht/KademliaDHT.js:2437:13)
    at file:///C:/git/yz.network/src/dht/KademliaDHT.js:2327:39
    at Array.map (<anonymous>)
    at KademliaDHT.findNode (file:///C:/git/yz.network/src/dht/KademliaDHT.js:2322:40)
    at KademliaDHT.store (file:///C:/git/yz.network/src/dht/KademliaDHT.js:2513:37)
    at NodeDHTClient.store (file:///C:/git/yz.network/src/node/NodeDHTClient.js:356:21)
    at file:///C:/git/yz.network/router_claude.js:254:24
    at runTest (file:///C:/git/yz.network/router_claude.js:183:28)
    at testDHTOperations (file:///C:/git/yz.network/router_claude.js:249:11)
    at process.processTicksAndRejections (node:internal/process/task_queues:105:5)
Find node query failed for bd428f053a36f12ed75549a692420f1024798565: Error: Rate limited: must wait 9s before sending another find_node to bd428f053a36f12ed75549a692420f1024798565
    at KademliaDHT.sendFindNode (file:///C:/git/yz.network/src/dht/KademliaDHT.js:2437:13)
    at file:///C:/git/yz.network/src/dht/KademliaDHT.js:2327:39
    at Array.map (<anonymous>)
    at KademliaDHT.findNode (file:///C:/git/yz.network/src/dht/KademliaDHT.js:2322:40)
    at KademliaDHT.store (file:///C:/git/yz.network/src/dht/KademliaDHT.js:2513:37)
    at NodeDHTClient.store (file:///C:/git/yz.network/src/node/NodeDHTClient.js:356:21)
    at file:///C:/git/yz.network/router_claude.js:254:24
    at runTest (file:///C:/git/yz.network/router_claude.js:183:28)
    at testDHTOperations (file:///C:/git/yz.network/router_claude.js:249:11)
    at process.processTicksAndRejections (node:internal/process/task_queues:105:5)
Find node query failed for b02894e0f4cd2c86ec8013f61917e600064afe66: Error: Rate limited: must wait 9s before sending another find_node to b02894e0f4cd2c86ec8013f61917e600064afe66
    at KademliaDHT.sendFindNode (file:///C:/git/yz.network/src/dht/KademliaDHT.js:2437:13)
    at file:///C:/git/yz.network/src/dht/KademliaDHT.js:2327:39
    at Array.map (<anonymous>)
    at KademliaDHT.findNode (file:///C:/git/yz.network/src/dht/KademliaDHT.js:2322:40)
    at KademliaDHT.store (file:///C:/git/yz.network/src/dht/KademliaDHT.js:2513:37)
    at NodeDHTClient.store (file:///C:/git/yz.network/src/node/NodeDHTClient.js:356:21)
    at file:///C:/git/yz.network/router_claude.js:254:24
    at runTest (file:///C:/git/yz.network/router_claude.js:183:28)
    at testDHTOperations (file:///C:/git/yz.network/router_claude.js:249:11)
    at process.processTicksAndRejections (node:internal/process/task_queues:105:5)
Find node query failed for 8b9543b3def346aeaedc1aca1239270168c6dd49: Error: Rate limited: must wait 9s before sending another find_node to 8b9543b3def346aeaedc1aca1239270168c6dd49
    at KademliaDHT.sendFindNode (file:///C:/git/yz.network/src/dht/KademliaDHT.js:2437:13)
    at file:///C:/git/yz.network/src/dht/KademliaDHT.js:2327:39
    at Array.map (<anonymous>)
    at KademliaDHT.findNode (file:///C:/git/yz.network/src/dht/KademliaDHT.js:2322:40)
    at process.processTicksAndRejections (node:internal/process/task_queues:105:5)
    at async KademliaDHT.store (file:///C:/git/yz.network/src/dht/KademliaDHT.js:2513:26)
    at async file:///C:/git/yz.network/router_claude.js:254:9
    at async runTest (file:///C:/git/yz.network/router_claude.js:183:22)
    at async testDHTOperations (file:///C:/git/yz.network/router_claude.js:249:5)
    at async main (file:///C:/git/yz.network/router_claude.js:434:5)
Find node query failed for 8bf5b846ecb6326be12426508ce85e10425ed6a6: Error: Rate limited: must wait 9s before sending another find_node to 8bf5b846ecb6326be12426508ce85e10425ed6a6
    at KademliaDHT.sendFindNode (file:///C:/git/yz.network/src/dht/KademliaDHT.js:2437:13)
    at file:///C:/git/yz.network/src/dht/KademliaDHT.js:2327:39
    at Array.map (<anonymous>)
    at KademliaDHT.findNode (file:///C:/git/yz.network/src/dht/KademliaDHT.js:2322:40)
    at process.processTicksAndRejections (node:internal/process/task_queues:105:5)
    at async KademliaDHT.store (file:///C:/git/yz.network/src/dht/KademliaDHT.js:2513:26)
    at async file:///C:/git/yz.network/router_claude.js:254:9
    at async runTest (file:///C:/git/yz.network/router_claude.js:183:22)
    at async testDHTOperations (file:///C:/git/yz.network/router_claude.js:249:5)
    at async main (file:///C:/git/yz.network/router_claude.js:434:5)
Find node query failed for 9889ebc773c7d5b1e8d91ab85a2c03de3d35936e: Error: Rate limited: must wait 9s before sending another find_node to 9889ebc773c7d5b1e8d91ab85a2c03de3d35936e
    at KademliaDHT.sendFindNode (file:///C:/git/yz.network/src/dht/KademliaDHT.js:2437:13)
    at file:///C:/git/yz.network/src/dht/KademliaDHT.js:2327:39
    at Array.map (<anonymous>)
    at KademliaDHT.findNode (file:///C:/git/yz.network/src/dht/KademliaDHT.js:2322:40)
    at process.processTicksAndRejections (node:internal/process/task_queues:105:5)
    at async KademliaDHT.store (file:///C:/git/yz.network/src/dht/KademliaDHT.js:2513:26)
    at async file:///C:/git/yz.network/router_claude.js:254:9
    at async runTest (file:///C:/git/yz.network/router_claude.js:183:22)
    at async testDHTOperations (file:///C:/git/yz.network/router_claude.js:249:5)
    at async main (file:///C:/git/yz.network/router_claude.js:434:5)
Find node query failed for 95695a491b4101a6682f7c9d6d5872867a74d34e: Error: Rate limited: must wait 9s before sending another find_node to 95695a491b4101a6682f7c9d6d5872867a74d34e
    at KademliaDHT.sendFindNode (file:///C:/git/yz.network/src/dht/KademliaDHT.js:2437:13)
    at file:///C:/git/yz.network/src/dht/KademliaDHT.js:2327:39
    at Array.map (<anonymous>)
    at KademliaDHT.findNode (file:///C:/git/yz.network/src/dht/KademliaDHT.js:2322:40)
    at process.processTicksAndRejections (node:internal/process/task_queues:105:5)
    at async KademliaDHT.store (file:///C:/git/yz.network/src/dht/KademliaDHT.js:2513:26)
    at async file:///C:/git/yz.network/router_claude.js:254:9
    at async runTest (file:///C:/git/yz.network/router_claude.js:183:22)
    at async testDHTOperations (file:///C:/git/yz.network/router_claude.js:249:5)
    at async main (file:///C:/git/yz.network/router_claude.js:434:5)
Find node query failed for e22310b03cabaeeffafbf92791727a07b9b275ba: Error: Rate limited: must wait 9s before sending another find_node to e22310b03cabaeeffafbf92791727a07b9b275ba
    at KademliaDHT.sendFindNode (file:///C:/git/yz.network/src/dht/KademliaDHT.js:2437:13)
    at file:///C:/git/yz.network/src/dht/KademliaDHT.js:2327:39
    at Array.map (<anonymous>)
    at KademliaDHT.findNode (file:///C:/git/yz.network/src/dht/KademliaDHT.js:2322:40)
    at process.processTicksAndRejections (node:internal/process/task_queues:105:5)
    at async KademliaDHT.store (file:///C:/git/yz.network/src/dht/KademliaDHT.js:2513:26)
    at async file:///C:/git/yz.network/router_claude.js:254:9
    at async runTest (file:///C:/git/yz.network/router_claude.js:183:22)
    at async testDHTOperations (file:///C:/git/yz.network/router_claude.js:249:5)
    at async main (file:///C:/git/yz.network/router_claude.js:434:5)
Find node query failed for c812afaef8e5efbbc18b22df780ccc2ff79c2981: Error: Rate limited: must wait 9s before sending another find_node to c812afaef8e5efbbc18b22df780ccc2ff79c2981
    at KademliaDHT.sendFindNode (file:///C:/git/yz.network/src/dht/KademliaDHT.js:2437:13)
    at file:///C:/git/yz.network/src/dht/KademliaDHT.js:2327:39
    at Array.map (<anonymous>)
    at KademliaDHT.findNode (file:///C:/git/yz.network/src/dht/KademliaDHT.js:2322:40)
    at process.processTicksAndRejections (node:internal/process/task_queues:105:5)
    at async KademliaDHT.store (file:///C:/git/yz.network/src/dht/KademliaDHT.js:2513:26)
    at async file:///C:/git/yz.network/router_claude.js:254:9
    at async runTest (file:///C:/git/yz.network/router_claude.js:183:22)
    at async testDHTOperations (file:///C:/git/yz.network/router_claude.js:249:5)
    at async main (file:///C:/git/yz.network/router_claude.js:434:5)
Find node query failed for 34d01b987fea453e8d61b56d0018ac97092756fc: Error: Rate limited: must wait 9s before sending another find_node to 34d01b987fea453e8d61b56d0018ac97092756fc
    at KademliaDHT.sendFindNode (file:///C:/git/yz.network/src/dht/KademliaDHT.js:2437:13)
    at file:///C:/git/yz.network/src/dht/KademliaDHT.js:2327:39
    at Array.map (<anonymous>)
    at KademliaDHT.findNode (file:///C:/git/yz.network/src/dht/KademliaDHT.js:2322:40)
    at process.processTicksAndRejections (node:internal/process/task_queues:105:5)
    at async KademliaDHT.store (file:///C:/git/yz.network/src/dht/KademliaDHT.js:2513:26)
    at async file:///C:/git/yz.network/router_claude.js:254:9
    at async runTest (file:///C:/git/yz.network/router_claude.js:183:22)
    at async testDHTOperations (file:///C:/git/yz.network/router_claude.js:249:5)
    at async main (file:///C:/git/yz.network/router_claude.js:434:5)
Find node query failed for 5516d3b489bc5ebb66513b763e337dbb3dcd74ef: Error: Rate limited: must wait 9s before sending another find_node to 5516d3b489bc5ebb66513b763e337dbb3dcd74ef
    at KademliaDHT.sendFindNode (file:///C:/git/yz.network/src/dht/KademliaDHT.js:2437:13)
    at file:///C:/git/yz.network/src/dht/KademliaDHT.js:2327:39
    at Array.map (<anonymous>)
    at KademliaDHT.findNode (file:///C:/git/yz.network/src/dht/KademliaDHT.js:2322:40)
    at process.processTicksAndRejections (node:internal/process/task_queues:105:5)
    at async KademliaDHT.store (file:///C:/git/yz.network/src/dht/KademliaDHT.js:2513:26)
    at async file:///C:/git/yz.network/router_claude.js:254:9
    at async runTest (file:///C:/git/yz.network/router_claude.js:183:22)
    at async testDHTOperations (file:///C:/git/yz.network/router_claude.js:249:5)
    at async main (file:///C:/git/yz.network/router_claude.js:434:5)
⚠️ Rejecting store request for key0 - node is in passive/observer mode
  ⏳ Waiting 3s for replication...
🔄 Checking stale buckets: 2 connected, 11 routing
🔗 Background process: Found 9 unconnected nodes in routing table
⏳ Skipping connection to 8bf5b846... - in discovery grace period (9s remaining)
⏳ Skipping connection to 8b9543b3... - in discovery grace period (9s remaining)
⏳ Skipping connection to b02894e0... - in discovery grace period (9s remaining)
🌐 SWITCHING TO DHT SIGNALING: 2 connected peers, 2 routing table entries
🔄 Checking stale buckets: 2 connected, 11 routing
🔗 Background process: Found 9 unconnected nodes in routing table
⏳ Skipping connection to b02894e0... - in discovery grace period (9s remaining)
⏳ Skipping connection to ae48ae5b... - in discovery grace period (9s remaining)
⏳ Skipping connection to 9889ebc7... - in discovery grace period (9s remaining)
🔄 Checking stale buckets: 1 connected, 1 routing
🔍 Validating disconnected peer 34d01b98: not in routing table yet
⚠️ Peer 34d01b98... discovered without membership token - will validate during handshake
🔍 Validating disconnected peer 5516d3b4: not in routing table yet
🔍 Validating disconnected peer 95695a49: not in routing table yet
⚠️ Peer 95695a49... discovered without membership token - will validate during handshake
🔍 Validating disconnected peer 9889ebc7: not in routing table yet
🔍 Validating disconnected peer 8bf5b846: not in routing table yet
⚠️ Peer 8bf5b846... discovered without membership token - will validate during handshake
🔍 Validating disconnected peer b02894e0: not in routing table yet
⚠️ Peer b02894e0... discovered without membership token - will validate during handshake
🔍 Validating disconnected peer bd428f05: not in routing table yet
⚠️ Peer bd428f05... discovered without membership token - will validate during handshake
🔍 Validating disconnected peer ae48ae5b: not in routing table yet
⚠️ Peer ae48ae5b... discovered without membership token - will validate during handshake
🔍 Validating disconnected peer c812afae: not in routing table yet
⚠️ Peer c812afae... discovered without membership token - will validate during handshake
🔍 Validating disconnected peer e22310b0: not in routing table yet
⚠️ Peer e22310b0... discovered without membership token - will validate during handshake
  ✅ Node 0 successfully retrieved key="key0" value="value0"
  ✅ Node 1 successfully retrieved key="key0" value="value0"
  ✅ Node 2 successfully retrieved key="key0" value="value0"
  ✅ Node 3 successfully retrieved key="key0" value="value0"
  ✅ Node 4 successfully retrieved key="key0" value="value0"
  ✅ Node 5 successfully retrieved key="key0" value="value0"
  ✅ Node 6 successfully retrieved key="key0" value="value0"
  ✅ Node 7 successfully retrieved key="key0" value="value0"
  ✅ Node 8 successfully retrieved key="key0" value="value0"
  ✅ Node 9 successfully retrieved key="key0" value="value0"
  📝 Node 1 storing key="key1" value="value1"
[DHT] 📝 Storing key: key1
🔗 Skipping find_node query to non-connected node: 34d01b98...
🔗 Skipping find_node query to non-connected node: 5516d3b4...
🔗 Skipping find_node query to non-connected node: 95695a49...
🔗 Skipping find_node query to non-connected node: 9889ebc7...
🔗 Skipping find_node query to non-connected node: 8bf5b846...
🔗 Skipping find_node query to non-connected node: 8b9543b3...
🔗 Skipping find_node query to non-connected node: b02894e0...
🔗 Skipping find_node query to non-connected node: bd428f05...
🔗 Skipping find_node query to non-connected node: c812afae...
🔗 Skipping find_node query to non-connected node: e22310b0...
Find node query failed for c3f0bfce30c6efe34c40b3008f15901c0c00bd80: Error: Rate limited: must wait 6s before sending another find_node to c3f0bfce30c6efe34c40b3008f15901c0c00bd80
    at KademliaDHT.sendFindNode (file:///C:/git/yz.network/src/dht/KademliaDHT.js:2437:13)
    at file:///C:/git/yz.network/src/dht/KademliaDHT.js:2327:39
    at Array.map (<anonymous>)
    at KademliaDHT.findNode (file:///C:/git/yz.network/src/dht/KademliaDHT.js:2322:40)
    at KademliaDHT.store (file:///C:/git/yz.network/src/dht/KademliaDHT.js:2513:37)
    at NodeDHTClient.store (file:///C:/git/yz.network/src/node/NodeDHTClient.js:356:21)
    at file:///C:/git/yz.network/router_claude.js:254:24
    at async runTest (file:///C:/git/yz.network/router_claude.js:183:22)
    at async testDHTOperations (file:///C:/git/yz.network/router_claude.js:249:5)
    at async main (file:///C:/git/yz.network/router_claude.js:434:5)
🔗 Skipping find_node query to non-connected node: 34d01b98...
🔗 Skipping find_node query to non-connected node: 5516d3b4...
🔗 Skipping find_node query to non-connected node: 95695a49...
🔗 Skipping find_node query to non-connected node: 9889ebc7...
🔗 Skipping find_node query to non-connected node: 8bf5b846...
🔗 Skipping find_node query to non-connected node: 8b9543b3...
🔗 Skipping find_node query to non-connected node: b02894e0...
🔗 Skipping find_node query to non-connected node: bd428f05...
🔗 Skipping find_node query to non-connected node: c812afae...
🔗 Skipping find_node query to non-connected node: e22310b0...
  ⏳ Waiting 3s for replication...
🔄 Checking stale buckets: 2 connected, 2 routing
🔍 Validating disconnected peer ae48ae5b: not in routing table yet
⚠️ Peer ae48ae5b... discovered without membership token - will validate during handshake
🔍 Validating disconnected peer b02894e0: not in routing table yet
⚠️ Peer b02894e0... discovered without membership token - will validate during handshake
🔄 Updated existing peer bd428f05... in routing table
🔍 Validating disconnected peer 8bf5b846: not in routing table yet
⚠️ Peer 8bf5b846... discovered without membership token - will validate during handshake
🔍 Validating disconnected peer 8b9543b3: not in routing table yet
⚠️ Peer 8b9543b3... discovered without membership token - will validate during handshake
🔍 Validating disconnected peer 95695a49: not in routing table yet
⚠️ Peer 95695a49... discovered without membership token - will validate during handshake
🔍 Validating disconnected peer 9889ebc7: not in routing table yet
🔍 Validating disconnected peer e22310b0: not in routing table yet
⚠️ Peer e22310b0... discovered without membership token - will validate during handshake
🔍 Validating disconnected peer 34d01b98: not in routing table yet
⚠️ Peer 34d01b98... discovered without membership token - will validate during handshake
🔍 Validating disconnected peer 5516d3b4: not in routing table yet
⚠️ Peer ae48ae5b... discovered without membership token - will validate during handshake
🔄 Updated existing peer ae48ae5b... in routing table
⚠️ Peer b02894e0... discovered without membership token - will validate during handshake
🔄 Updated existing peer b02894e0... in routing table
⚠️ Peer 8bf5b846... discovered without membership token - will validate during handshake
🔄 Updated existing peer 8bf5b846... in routing table
⚠️ Peer 8b9543b3... discovered without membership token - will validate during handshake
🔄 Updated existing peer 8b9543b3... in routing table
⚠️ Peer 95695a49... discovered without membership token - will validate during handshake
🔄 Updated existing peer 95695a49... in routing table
🔄 Updated existing peer 9889ebc7... in routing table
⚠️ Peer e22310b0... discovered without membership token - will validate during handshake
🔄 Updated existing peer e22310b0... in routing table
🔄 Updated existing peer c3f0bfce... in routing table
⚠️ Peer 34d01b98... discovered without membership token - will validate during handshake
🔄 Updated existing peer 34d01b98... in routing table
🔄 Updated existing peer 5516d3b4... in routing table
🔗 Attempting connection to routing table entry: ae48ae5b... (0 previous failures)
🔗 Connecting to peer ae48ae5b...
🔗 Creating CLIENT connection manager for outgoing connection to ae48ae5b...
🌐 Creating WebSocketConnectionManager for nodejs→nodejs
🔗 WebSocketConnectionManager initialized with node ID: 5516d3b489bc5ebb66513b763e337dbb3dcd74ef
🔗 Event handler attached to WebSocketConnectionManager for ae48ae5b
⏳ Waiting for WebSocket initialization...
🌐 Initialized Node.js WebSocket support
🔗 Attempting connection to routing table entry: 8b9543b3... (0 previous failures)
🔗 Connecting to peer 8b9543b3...
🔗 Creating CLIENT connection manager for outgoing connection to 8b9543b3...
🌐 Creating WebSocketConnectionManager for nodejs→nodejs
🔗 WebSocketConnectionManager initialized with node ID: 9889ebc773c7d5b1e8d91ab85a2c03de3d35936e
🔗 Event handler attached to WebSocketConnectionManager for 8b9543b3
⏳ Waiting for WebSocket initialization...
🌐 Initialized Node.js WebSocket support
🔄 Checking stale buckets: 2 connected, 10 routing
🔗 WebSocket connection: nodejs → nodejs
🌐 Creating WebSocket connection to ae48ae5b... at ws://localhost:62622
🔗 WebSocket connection: nodejs → nodejs
🌐 Creating WebSocket connection to 8b9543b3... at ws://localhost:62650
🔗 Incoming WebSocket connection from 127.0.0.1
🔗 Incoming WebSocket connection from 127.0.0.1
🔗 DHT received peerConnected: 5516d3b4... (via WebSocketConnectionManager)
🔄 Node 5516d3b4... already exists in routing table
🔗 Setting up connection for existing node 5516d3b4...
🔗 DHT received peerConnected: 9889ebc7... (via WebSocketConnectionManager)
🔄 Node 9889ebc7... already exists in routing table
🔗 Setting up connection for existing node 9889ebc7...
🔗 DHT received peerConnected: ae48ae5b... (via WebSocketConnectionManager)
🔄 Node ae48ae5b... already exists in routing table
🔗 Setting up connection for existing node ae48ae5b...
🔗 Attempting connection to routing table entry: 95695a49... (0 previous failures)
🔗 Connecting to peer 95695a49...
🔗 Creating CLIENT connection manager for outgoing connection to 95695a49...
🌐 Creating WebSocketConnectionManager for nodejs→nodejs
🔗 WebSocketConnectionManager initialized with node ID: 5516d3b489bc5ebb66513b763e337dbb3dcd74ef
🔗 Event handler attached to WebSocketConnectionManager for 95695a49
⏳ Waiting for WebSocket initialization...
🌐 Initialized Node.js WebSocket support
🔗 DHT received peerConnected: 8b9543b3... (via WebSocketConnectionManager)
🔄 Node 8b9543b3... already exists in routing table
🔗 Setting up connection for existing node 8b9543b3...
🔗 Attempting connection to routing table entry: bd428f05... (0 previous failures)
🔗 Connecting to peer bd428f05...
🔗 Creating CLIENT connection manager for outgoing connection to bd428f05...
🌐 Creating WebSocketConnectionManager for nodejs→nodejs
🔗 WebSocketConnectionManager initialized with node ID: 9889ebc773c7d5b1e8d91ab85a2c03de3d35936e
🔗 Event handler attached to WebSocketConnectionManager for bd428f05
⏳ Waiting for WebSocket initialization...
🌐 Initialized Node.js WebSocket support
🔗 WebSocket connection: nodejs → nodejs
🌐 Creating WebSocket connection to 95695a49... at ws://localhost:62631
🔗 WebSocket connection: nodejs → nodejs
🌐 Creating WebSocket connection to bd428f05... at ws://localhost:62640
🔗 Incoming WebSocket connection from 127.0.0.1
🔗 Incoming WebSocket connection from 127.0.0.1
🔗 DHT received peerConnected: 5516d3b4... (via WebSocketConnectionManager)
🔄 Node 5516d3b4... already exists in routing table
🔗 Setting up connection for existing node 5516d3b4...
🔗 DHT received peerConnected: 9889ebc7... (via WebSocketConnectionManager)
🔄 Node 9889ebc7... already exists in routing table
🔗 Setting up connection for existing node 9889ebc7...
🔗 DHT received peerConnected: 95695a49... (via WebSocketConnectionManager)
🔄 Node 95695a49... already exists in routing table
🔗 Setting up connection for existing node 95695a49...
🔗 Attempting connection to routing table entry: bd428f05... (0 previous failures)
🔗 Connecting to peer bd428f05...
🔗 Creating CLIENT connection manager for outgoing connection to bd428f05...
🌐 Creating WebSocketConnectionManager for nodejs→nodejs
🔗 WebSocketConnectionManager initialized with node ID: 5516d3b489bc5ebb66513b763e337dbb3dcd74ef
🔗 Event handler attached to WebSocketConnectionManager for bd428f05
⏳ Waiting for WebSocket initialization...
🌐 Initialized Node.js WebSocket support
🔗 DHT received peerConnected: bd428f05... (via WebSocketConnectionManager)
🔄 Node bd428f05... already exists in routing table
🔗 Setting up connection for existing node bd428f05...
🔗 Attempting connection to routing table entry: ae48ae5b... (0 previous failures)
🔗 Connecting to peer ae48ae5b...
🔗 Creating CLIENT connection manager for outgoing connection to ae48ae5b...
🌐 Creating WebSocketConnectionManager for nodejs→nodejs
🔗 WebSocketConnectionManager initialized with node ID: 9889ebc773c7d5b1e8d91ab85a2c03de3d35936e
🔗 Event handler attached to WebSocketConnectionManager for ae48ae5b
⏳ Waiting for WebSocket initialization...
🌐 Initialized Node.js WebSocket support
🔄 Checking stale buckets: 1 connected, 1 routing
🔍 Validating disconnected peer 5516d3b4: not in routing table yet
🔍 Validating disconnected peer 34d01b98: not in routing table yet
⚠️ Peer 34d01b98... discovered without membership token - will validate during handshake
🔍 Validating disconnected peer c812afae: not in routing table yet
⚠️ Peer c812afae... discovered without membership token - will validate during handshake
🔍 Validating disconnected peer 8b9543b3: not in routing table yet
⚠️ Peer 8b9543b3... discovered without membership token - will validate during handshake
🔍 Validating disconnected peer 8bf5b846: not in routing table yet
⚠️ Peer 8bf5b846... discovered without membership token - will validate during handshake
🔍 Validating disconnected peer 95695a49: not in routing table yet
⚠️ Peer 95695a49... discovered without membership token - will validate during handshake
🔍 Validating disconnected peer 9889ebc7: not in routing table yet
🔍 Validating disconnected peer ae48ae5b: not in routing table yet
⚠️ Peer ae48ae5b... discovered without membership token - will validate during handshake
🔍 Validating disconnected peer b02894e0: not in routing table yet
⚠️ Peer b02894e0... discovered without membership token - will validate during handshake
🔍 Validating disconnected peer bd428f05: not in routing table yet
⚠️ Peer bd428f05... discovered without membership token - will validate during handshake
🔗 WebSocket connection: nodejs → nodejs
🌐 Creating WebSocket connection to bd428f05... at ws://localhost:62640
🔗 WebSocket connection: nodejs → nodejs
🌐 Creating WebSocket connection to ae48ae5b... at ws://localhost:62622
🔗 Incoming WebSocket connection from 127.0.0.1
🔗 Incoming WebSocket connection from 127.0.0.1
🔗 DHT received peerConnected: 5516d3b4... (via WebSocketConnectionManager)
🔄 Node 5516d3b4... already exists in routing table
🔗 Setting up connection for existing node 5516d3b4...
🔗 DHT received peerConnected: 9889ebc7... (via WebSocketConnectionManager)
🔄 Node 9889ebc7... already exists in routing table
🔗 Setting up connection for existing node 9889ebc7...
🔗 DHT received peerConnected: bd428f05... (via WebSocketConnectionManager)
🔄 Node bd428f05... already exists in routing table
🔗 Setting up connection for existing node bd428f05...
🔗 Attempting connection to routing table entry: 8b9543b3... (0 previous failures)
🔗 Connecting to peer 8b9543b3...
🔗 Creating CLIENT connection manager for outgoing connection to 8b9543b3...
🌐 Creating WebSocketConnectionManager for nodejs→nodejs
🔗 WebSocketConnectionManager initialized with node ID: 5516d3b489bc5ebb66513b763e337dbb3dcd74ef
🔗 Event handler attached to WebSocketConnectionManager for 8b9543b3
⏳ Waiting for WebSocket initialization...
🌐 Initialized Node.js WebSocket support
🔗 DHT received peerConnected: ae48ae5b... (via WebSocketConnectionManager)
🔄 Node ae48ae5b... already exists in routing table
🔗 Setting up connection for existing node ae48ae5b...
🔗 Attempting connection to routing table entry: c812afae... (0 previous failures)
🔗 Connecting to peer c812afae...
🔗 Creating CLIENT connection manager for outgoing connection to c812afae...
🌐 Creating WebSocketConnectionManager for nodejs→nodejs
🔗 WebSocketConnectionManager initialized with node ID: 9889ebc773c7d5b1e8d91ab85a2c03de3d35936e
🔗 Event handler attached to WebSocketConnectionManager for c812afae
⏳ Waiting for WebSocket initialization...
🌐 Initialized Node.js WebSocket support
🔗 WebSocket connection: nodejs → nodejs
🌐 Creating WebSocket connection to 8b9543b3... at ws://localhost:62650
🔗 WebSocket connection: nodejs → nodejs
🌐 Creating WebSocket connection to c812afae... at ws://localhost:62659
🔗 Incoming WebSocket connection from 127.0.0.1
🔗 Incoming WebSocket connection from 127.0.0.1
🔗 DHT received peerConnected: 5516d3b4... (via WebSocketConnectionManager)
🔄 Node 5516d3b4... already exists in routing table
🔗 Setting up connection for existing node 5516d3b4...
🔗 DHT received peerConnected: 9889ebc7... (via WebSocketConnectionManager)
🔄 Node 9889ebc7... already exists in routing table
🔗 Setting up connection for existing node 9889ebc7...
🔗 DHT received peerConnected: 8b9543b3... (via WebSocketConnectionManager)
🔄 Node 8b9543b3... already exists in routing table
🔗 Setting up connection for existing node 8b9543b3...
🔗 Attempting connection to routing table entry: c812afae... (0 previous failures)
🔗 Connecting to peer c812afae...
🔗 Creating CLIENT connection manager for outgoing connection to c812afae...
🌐 Creating WebSocketConnectionManager for nodejs→nodejs
🔗 WebSocketConnectionManager initialized with node ID: 5516d3b489bc5ebb66513b763e337dbb3dcd74ef
🔗 Event handler attached to WebSocketConnectionManager for c812afae
⏳ Waiting for WebSocket initialization...
🌐 Initialized Node.js WebSocket support
🔗 DHT received peerConnected: c812afae... (via WebSocketConnectionManager)
🔄 Node c812afae... already exists in routing table
🔗 Setting up connection for existing node c812afae...
🔗 WebSocket connection: nodejs → nodejs
🌐 Creating WebSocket connection to c812afae... at ws://localhost:62659
🔗 Incoming WebSocket connection from 127.0.0.1
🔗 DHT received peerConnected: 5516d3b4... (via WebSocketConnectionManager)
🔄 Node 5516d3b4... already exists in routing table
🔗 Setting up connection for existing node 5516d3b4...
🔗 DHT received peerConnected: c812afae... (via WebSocketConnectionManager)
🔄 Node c812afae... already exists in routing table
🔗 Setting up connection for existing node c812afae...
  ✅ Node 0 successfully retrieved key="key1" value="value1"
  ✅ Node 1 successfully retrieved key="key1" value="value1"
❌ GET: "key1" not in local storage, searching DHT...
🔗 Skipping find_node query to non-connected node: 34d01b98...
🔗 Skipping find_node query to non-connected node: 8bf5b846...
🔗 Skipping find_node query to non-connected node: 8b9543b3...
🔗 Skipping find_node query to non-connected node: b02894e0...
🔗 Skipping find_node query to non-connected node: bd428f05...
🔗 Skipping find_node query to non-connected node: ae48ae5b...
🔗 Skipping find_node query to non-connected node: c812afae...
🔗 Skipping find_node query to non-connected node: e22310b0...
Find node query failed for 9889ebc773c7d5b1e8d91ab85a2c03de3d35936e: Error: Rate limited: must wait 3s before sending another find_node to 9889ebc773c7d5b1e8d91ab85a2c03de3d35936e
    at KademliaDHT.sendFindNode (file:///C:/git/yz.network/src/dht/KademliaDHT.js:2437:13)
    at file:///C:/git/yz.network/src/dht/KademliaDHT.js:2327:39
    at Array.map (<anonymous>)
    at KademliaDHT.findNode (file:///C:/git/yz.network/src/dht/KademliaDHT.js:2322:40)
    at KademliaDHT.get (file:///C:/git/yz.network/src/dht/KademliaDHT.js:2677:37)
    at NodeDHTClient.get (file:///C:/git/yz.network/src/node/NodeDHTClient.js:366:21)
    at file:///C:/git/yz.network/router_claude.js:260:44
    at async runTest (file:///C:/git/yz.network/router_claude.js:183:22)
    at async testDHTOperations (file:///C:/git/yz.network/router_claude.js:249:5)
    at async main (file:///C:/git/yz.network/router_claude.js:434:5)
Find node query failed for c3f0bfce30c6efe34c40b3008f15901c0c00bd80: Error: Rate limited: must wait 3s before sending another find_node to c3f0bfce30c6efe34c40b3008f15901c0c00bd80
    at KademliaDHT.sendFindNode (file:///C:/git/yz.network/src/dht/KademliaDHT.js:2437:13)
    at file:///C:/git/yz.network/src/dht/KademliaDHT.js:2327:39
    at Array.map (<anonymous>)
    at KademliaDHT.findNode (file:///C:/git/yz.network/src/dht/KademliaDHT.js:2322:40)
    at KademliaDHT.get (file:///C:/git/yz.network/src/dht/KademliaDHT.js:2677:37)
    at NodeDHTClient.get (file:///C:/git/yz.network/src/node/NodeDHTClient.js:366:21)
    at file:///C:/git/yz.network/router_claude.js:260:44
    at async runTest (file:///C:/git/yz.network/router_claude.js:183:22)
    at async testDHTOperations (file:///C:/git/yz.network/router_claude.js:249:5)
    at async main (file:///C:/git/yz.network/router_claude.js:434:5)
⚠️ Peer 34d01b98... discovered without membership token - will validate during handshake
🔄 Updated existing peer 34d01b98... in routing table
🔄 Updated existing peer 9889ebc7... in routing table
⚠️ Peer 8bf5b846... discovered without membership token - will validate during handshake
🔄 Updated existing peer 8bf5b846... in routing table
⚠️ Peer 8b9543b3... discovered without membership token - will validate during handshake
🔄 Updated existing peer 8b9543b3... in routing table
⚠️ Peer bd428f05... discovered without membership token - will validate during handshake
🔄 Updated existing peer bd428f05... in routing table
⚠️ Peer ae48ae5b... discovered without membership token - will validate during handshake
🔄 Updated existing peer ae48ae5b... in routing table
🔄 Updated existing peer c3f0bfce... in routing table
⚠️ Peer c812afae... discovered without membership token - will validate during handshake
🔄 Updated existing peer c812afae... in routing table
⚠️ Peer e22310b0... discovered without membership token - will validate during handshake
🔄 Updated existing peer e22310b0... in routing table
🔗 Skipping find_node query to non-connected node: 34d01b98...
🔗 Skipping find_node query to non-connected node: 8bf5b846...
🔗 Skipping find_node query to non-connected node: 8b9543b3...
🔗 Skipping find_node query to non-connected node: b02894e0...
🔗 Skipping find_node query to non-connected node: bd428f05...
🔗 Skipping find_node query to non-connected node: ae48ae5b...
🔗 Skipping find_node query to non-connected node: c812afae...
🔗 Skipping find_node query to non-connected node: e22310b0...
🔗 GET: Node 34d01b98... not connected, attempting connection...
🔗 Creating CLIENT connection manager for outgoing connection to 34d01b98...
🌐 Creating WebSocketConnectionManager for nodejs→nodejs
🔗 WebSocketConnectionManager initialized with node ID: 95695a491b4101a6682f7c9d6d5872867a74d34e
🔗 Event handler attached to WebSocketConnectionManager for 34d01b98
⏳ Waiting for WebSocket initialization...
🌐 Initialized Node.js WebSocket support
🔗 WebSocket connection: nodejs → nodejs
🌐 Creating WebSocket connection to 34d01b98... at ws://localhost:62681
🔗 Incoming WebSocket connection from 127.0.0.1
🔗 DHT received peerConnected: 95695a49... (via WebSocketConnectionManager)
🔗 DHT received peerConnected: 34d01b98... (via WebSocketConnectionManager)
🔄 Node 34d01b98... already exists in routing table
🔗 Setting up connection for existing node 34d01b98...
🔗 GET: Node 8bf5b846... not connected, attempting connection...
🔗 Creating CLIENT connection manager for outgoing connection to 8bf5b846...
🌐 Creating WebSocketConnectionManager for nodejs→nodejs
🔗 WebSocketConnectionManager initialized with node ID: 95695a491b4101a6682f7c9d6d5872867a74d34e
🔗 Event handler attached to WebSocketConnectionManager for 8bf5b846
⏳ Waiting for WebSocket initialization...
🌐 Initialized Node.js WebSocket support
🔗 WebSocket connection: nodejs → nodejs
🌐 Creating WebSocket connection to 8bf5b846... at ws://localhost:62690
🔗 Incoming WebSocket connection from 127.0.0.1
🔗 DHT received peerConnected: 95695a49... (via WebSocketConnectionManager)
🔗 DHT received peerConnected: 8bf5b846... (via WebSocketConnectionManager)
🔄 Node 8bf5b846... already exists in routing table
🔗 Setting up connection for existing node 8bf5b846...
🔗 GET: Node 8b9543b3... not connected, attempting connection...
🔗 Creating CLIENT connection manager for outgoing connection to 8b9543b3...
🌐 Creating WebSocketConnectionManager for nodejs→nodejs
🔗 WebSocketConnectionManager initialized with node ID: 95695a491b4101a6682f7c9d6d5872867a74d34e
🔗 Event handler attached to WebSocketConnectionManager for 8b9543b3
⏳ Waiting for WebSocket initialization...
🌐 Initialized Node.js WebSocket support
🔗 WebSocket connection: nodejs → nodejs
🌐 Creating WebSocket connection to 8b9543b3... at ws://localhost:62650
🔗 Incoming WebSocket connection from 127.0.0.1
🔗 DHT received peerConnected: 95695a49... (via WebSocketConnectionManager)
🔄 Node 95695a49... already exists in routing table
🔗 Setting up connection for existing node 95695a49...
🔗 DHT received peerConnected: 8b9543b3... (via WebSocketConnectionManager)
🔄 Node 8b9543b3... already exists in routing table
🔗 Setting up connection for existing node 8b9543b3...
🔄 Checking stale buckets: 2 connected, 2 routing
🔍 Validating disconnected peer c812afae: not in routing table yet
⚠️ Peer c812afae... discovered without membership token - will validate during handshake
🔍 Validating disconnected peer e22310b0: not in routing table yet
⚠️ Peer e22310b0... discovered without membership token - will validate during handshake
🔍 Validating disconnected peer 8bf5b846: not in routing table yet
⚠️ Peer 8bf5b846... discovered without membership token - will validate during handshake
🔍 Validating disconnected peer 8b9543b3: not in routing table yet
⚠️ Peer 8b9543b3... discovered without membership token - will validate during handshake
🔍 Validating disconnected peer 9889ebc7: not in routing table yet
🔄 Updated existing peer 95695a49... in routing table
🔍 Validating disconnected peer ae48ae5b: not in routing table yet
⚠️ Peer ae48ae5b... discovered without membership token - will validate during handshake
🔍 Validating disconnected peer bd428f05: not in routing table yet
⚠️ Peer bd428f05... discovered without membership token - will validate during handshake
🔍 Validating disconnected peer b02894e0: not in routing table yet
⚠️ Peer b02894e0... discovered without membership token - will validate during handshake
🔍 Validating disconnected peer 5516d3b4: not in routing table yet
⚠️ Peer c812afae... discovered without membership token - will validate during handshake
🔄 Updated existing peer c812afae... in routing table
🔄 Updated existing peer c3f0bfce... in routing table
⚠️ Peer e22310b0... discovered without membership token - will validate during handshake
🔄 Updated existing peer e22310b0... in routing table
⚠️ Peer 8bf5b846... discovered without membership token - will validate during handshake
🔄 Updated existing peer 8bf5b846... in routing table
⚠️ Peer 8b9543b3... discovered without membership token - will validate during handshake
🔄 Updated existing peer 8b9543b3... in routing table
🔄 Updated existing peer 9889ebc7... in routing table
⚠️ Peer ae48ae5b... discovered without membership token - will validate during handshake
🔄 Updated existing peer ae48ae5b... in routing table
⚠️ Peer bd428f05... discovered without membership token - will validate during handshake
🔄 Updated existing peer bd428f05... in routing table
⚠️ Peer b02894e0... discovered without membership token - will validate during handshake
🔄 Updated existing peer b02894e0... in routing table
🔄 Updated existing peer 5516d3b4... in routing table
🔗 GET: Node b02894e0... not connected, attempting connection...
🔗 Creating CLIENT connection manager for outgoing connection to b02894e0...
🌐 Creating WebSocketConnectionManager for nodejs→nodejs
🔗 WebSocketConnectionManager initialized with node ID: 95695a491b4101a6682f7c9d6d5872867a74d34e
🔗 Event handler attached to WebSocketConnectionManager for b02894e0
⏳ Waiting for WebSocket initialization...
🌐 Initialized Node.js WebSocket support
🔗 WebSocket connection: nodejs → nodejs
🌐 Creating WebSocket connection to b02894e0... at ws://localhost:62699
🔗 Incoming WebSocket connection from 127.0.0.1
🔗 DHT received peerConnected: 95695a49... (via WebSocketConnectionManager)
🔗 DHT received peerConnected: b02894e0... (via WebSocketConnectionManager)
🔄 Node b02894e0... already exists in routing table
🔗 Setting up connection for existing node b02894e0...
🔗 GET: Node bd428f05... not connected, attempting connection...
🔗 Creating CLIENT connection manager for outgoing connection to bd428f05...
🌐 Creating WebSocketConnectionManager for nodejs→nodejs
🔗 WebSocketConnectionManager initialized with node ID: 95695a491b4101a6682f7c9d6d5872867a74d34e
🔗 Event handler attached to WebSocketConnectionManager for bd428f05
⏳ Waiting for WebSocket initialization...
🌐 Initialized Node.js WebSocket support
🔗 WebSocket connection: nodejs → nodejs
🌐 Creating WebSocket connection to bd428f05... at ws://localhost:62640
🔗 Incoming WebSocket connection from 127.0.0.1
🔗 DHT received peerConnected: 95695a49... (via WebSocketConnectionManager)
🔄 Node 95695a49... already exists in routing table
🔗 Setting up connection for existing node 95695a49...
🔗 DHT received peerConnected: bd428f05... (via WebSocketConnectionManager)
🔄 Node bd428f05... already exists in routing table
🔗 Setting up connection for existing node bd428f05...
🔗 GET: Node ae48ae5b... not connected, attempting connection...
🔗 Creating CLIENT connection manager for outgoing connection to ae48ae5b...
🌐 Creating WebSocketConnectionManager for nodejs→nodejs
🔗 WebSocketConnectionManager initialized with node ID: 95695a491b4101a6682f7c9d6d5872867a74d34e
🔗 Event handler attached to WebSocketConnectionManager for ae48ae5b
⏳ Waiting for WebSocket initialization...
🌐 Initialized Node.js WebSocket support
🔗 WebSocket connection: nodejs → nodejs
🌐 Creating WebSocket connection to ae48ae5b... at ws://localhost:62622
🔗 Incoming WebSocket connection from 127.0.0.1
🔗 DHT received peerConnected: 95695a49... (via WebSocketConnectionManager)
🔄 Node 95695a49... already exists in routing table
🔗 Setting up connection for existing node 95695a49...
🔗 DHT received peerConnected: ae48ae5b... (via WebSocketConnectionManager)
🔄 Node ae48ae5b... already exists in routing table
🔗 Setting up connection for existing node ae48ae5b...
  ✅ Node 2 successfully retrieved key="key1" value="value1"
❌ GET: "key1" not in local storage, searching DHT...
🔗 Skipping find_node query to non-connected node: 34d01b98...
🔗 Skipping find_node query to non-connected node: 8bf5b846...
🔗 Skipping find_node query to non-connected node: 8b9543b3...
🔗 Skipping find_node query to non-connected node: b02894e0...
🔗 Skipping find_node query to non-connected node: ae48ae5b...
🔗 Skipping find_node query to non-connected node: e22310b0...
⚠️ Peer 34d01b98... discovered without membership token - will validate during handshake
🔄 Updated existing peer 34d01b98... in routing table
🔄 Updated existing peer 95695a49... in routing table
🔄 Updated existing peer 9889ebc7... in routing table
⚠️ Peer 8bf5b846... discovered without membership token - will validate during handshake
🔄 Updated existing peer 8bf5b846... in routing table
⚠️ Peer 8b9543b3... discovered without membership token - will validate during handshake
🔄 Updated existing peer 8b9543b3... in routing table
⚠️ Peer ae48ae5b... discovered without membership token - will validate during handshake
🔄 Updated existing peer ae48ae5b... in routing table
🔄 Updated existing peer c3f0bfce... in routing table
🔄 Updated existing peer c812afae... in routing table
⚠️ Peer e22310b0... discovered without membership token - will validate during handshake
🔄 Updated existing peer e22310b0... in routing table
⚠️ Peer 34d01b98... discovered without membership token - will validate during handshake
🔄 Updated existing peer 34d01b98... in routing table
🔄 Updated existing peer 5516d3b4... in routing table
🔄 Updated existing peer 9889ebc7... in routing table
⚠️ Peer 8bf5b846... discovered without membership token - will validate during handshake
🔄 Updated existing peer 8bf5b846... in routing table
⚠️ Peer 8b9543b3... discovered without membership token - will validate during handshake
🔄 Updated existing peer 8b9543b3... in routing table
⚠️ Peer b02894e0... discovered without membership token - will validate during handshake
🔄 Updated existing peer b02894e0... in routing table
⚠️ Peer ae48ae5b... discovered without membership token - will validate during handshake
🔄 Updated existing peer ae48ae5b... in routing table
🔄 Updated existing peer c3f0bfce... in routing table
🔄 Updated existing peer c812afae... in routing table
⚠️ Peer e22310b0... discovered without membership token - will validate during handshake
🔄 Updated existing peer e22310b0... in routing table
🔄 Updated existing peer 5516d3b4... in routing table
🔄 Updated existing peer 95695a49... in routing table
⚠️ Peer 8b9543b3... discovered without membership token - will validate during handshake
🔄 Updated existing peer 8b9543b3... in routing table
⚠️ Peer ae48ae5b... discovered without membership token - will validate during handshake
🔄 Updated existing peer ae48ae5b... in routing table
🔄 Updated existing peer c3f0bfce... in routing table
🔄 Updated existing peer c812afae... in routing table
🔗 Skipping find_node query to non-connected node: 34d01b98...
🔗 Skipping find_node query to non-connected node: 8bf5b846...
🔗 Skipping find_node query to non-connected node: 8b9543b3...
🔗 Skipping find_node query to non-connected node: b02894e0...
🔗 Skipping find_node query to non-connected node: ae48ae5b...
🔗 Skipping find_node query to non-connected node: e22310b0...
Find node query failed for c3f0bfce30c6efe34c40b3008f15901c0c00bd80: Error: Rate limited: must wait 3s before sending another find_node to c3f0bfce30c6efe34c40b3008f15901c0c00bd80
    at KademliaDHT.sendFindNode (file:///C:/git/yz.network/src/dht/KademliaDHT.js:2437:13)
    at file:///C:/git/yz.network/src/dht/KademliaDHT.js:2327:39
    at Array.map (<anonymous>)
    at KademliaDHT.findNode (file:///C:/git/yz.network/src/dht/KademliaDHT.js:2322:40)
    at process.processTicksAndRejections (node:internal/process/task_queues:105:5)
    at async KademliaDHT.get (file:///C:/git/yz.network/src/dht/KademliaDHT.js:2677:26)
    at async file:///C:/git/yz.network/router_claude.js:260:29
    at async runTest (file:///C:/git/yz.network/router_claude.js:183:22)
    at async testDHTOperations (file:///C:/git/yz.network/router_claude.js:249:5)
    at async main (file:///C:/git/yz.network/router_claude.js:434:5)
⚠️ Peer 34d01b98... discovered without membership token - will validate during handshake
🔄 Updated existing peer 34d01b98... in routing table
🔄 Updated existing peer 5516d3b4... in routing table
🔄 Updated existing peer 95695a49... in routing table
🔄 Updated existing peer 9889ebc7... in routing table
⚠️ Peer 8bf5b846... discovered without membership token - will validate during handshake
🔄 Updated existing peer 8bf5b846... in routing table
⚠️ Peer 8b9543b3... discovered without membership token - will validate during handshake
🔄 Updated existing peer 8b9543b3... in routing table
⚠️ Peer b02894e0... discovered without membership token - will validate during handshake
🔄 Updated existing peer b02894e0... in routing table
⚠️ Peer ae48ae5b... discovered without membership token - will validate during handshake
🔄 Updated existing peer ae48ae5b... in routing table
🔄 Updated existing peer c3f0bfce... in routing table
⚠️ Peer e22310b0... discovered without membership token - will validate during handshake
🔄 Updated existing peer e22310b0... in routing table
🔗 Skipping find_node query to non-connected node: 34d01b98...
🔗 Skipping find_node query to non-connected node: 8bf5b846...
🔗 Skipping find_node query to non-connected node: 8b9543b3...
🔗 Skipping find_node query to non-connected node: b02894e0...
🔗 Skipping find_node query to non-connected node: ae48ae5b...
🔗 Skipping find_node query to non-connected node: e22310b0...
🔗 GET: Node 34d01b98... not connected, attempting connection...
🔗 Creating CLIENT connection manager for outgoing connection to 34d01b98...
🌐 Creating WebSocketConnectionManager for nodejs→nodejs
🔗 WebSocketConnectionManager initialized with node ID: bd428f053a36f12ed75549a692420f1024798565
🔗 Event handler attached to WebSocketConnectionManager for 34d01b98
⏳ Waiting for WebSocket initialization...
🌐 Initialized Node.js WebSocket support
🌐 SWITCHING TO DHT SIGNALING: 2 connected peers, 11 routing table entries
🔗 WebSocket connection: nodejs → nodejs
🌐 Creating WebSocket connection to 34d01b98... at ws://localhost:62681
🔗 Incoming WebSocket connection from 127.0.0.1
🔗 DHT received peerConnected: bd428f05... (via WebSocketConnectionManager)
🔄 Node bd428f05... already exists in routing table
🔗 Setting up connection for existing node bd428f05...
🔗 DHT received peerConnected: 34d01b98... (via WebSocketConnectionManager)
🔄 Node 34d01b98... already exists in routing table
🔗 Setting up connection for existing node 34d01b98...
🔗 GET: Node 8bf5b846... not connected, attempting connection...
🔗 Creating CLIENT connection manager for outgoing connection to 8bf5b846...
🌐 Creating WebSocketConnectionManager for nodejs→nodejs
🔗 WebSocketConnectionManager initialized with node ID: bd428f053a36f12ed75549a692420f1024798565
🔗 Event handler attached to WebSocketConnectionManager for 8bf5b846
⏳ Waiting for WebSocket initialization...
🌐 Initialized Node.js WebSocket support
🌐 SWITCHING TO DHT SIGNALING: 2 connected peers, 2 routing table entries
🔗 WebSocket connection: nodejs → nodejs
🌐 Creating WebSocket connection to 8bf5b846... at ws://localhost:62690
🔗 Incoming WebSocket connection from 127.0.0.1
🔗 DHT received peerConnected: bd428f05... (via WebSocketConnectionManager)
🔗 DHT received peerConnected: 8bf5b846... (via WebSocketConnectionManager)
🔄 Node 8bf5b846... already exists in routing table
🔗 Setting up connection for existing node 8bf5b846...
🔗 GET: Node 8b9543b3... not connected, attempting connection...
🔗 Creating CLIENT connection manager for outgoing connection to 8b9543b3...
🌐 Creating WebSocketConnectionManager for nodejs→nodejs
🔗 WebSocketConnectionManager initialized with node ID: bd428f053a36f12ed75549a692420f1024798565
🔗 Event handler attached to WebSocketConnectionManager for 8b9543b3
⏳ Waiting for WebSocket initialization...
🌐 Initialized Node.js WebSocket support
🔗 WebSocket connection: nodejs → nodejs
🌐 Creating WebSocket connection to 8b9543b3... at ws://localhost:62650
🔗 Incoming WebSocket connection from 127.0.0.1
🔗 DHT received peerConnected: bd428f05... (via WebSocketConnectionManager)
🔄 Node bd428f05... already exists in routing table
🔗 Setting up connection for existing node bd428f05...
🔗 DHT received peerConnected: 8b9543b3... (via WebSocketConnectionManager)
🔄 Node 8b9543b3... already exists in routing table
🔗 Setting up connection for existing node 8b9543b3...
🔗 GET: Node b02894e0... not connected, attempting connection...
🔗 Creating CLIENT connection manager for outgoing connection to b02894e0...
🌐 Creating WebSocketConnectionManager for nodejs→nodejs
🔗 WebSocketConnectionManager initialized with node ID: bd428f053a36f12ed75549a692420f1024798565
🔗 Event handler attached to WebSocketConnectionManager for b02894e0
⏳ Waiting for WebSocket initialization...
🌐 Initialized Node.js WebSocket support
🌐 SWITCHING TO DHT SIGNALING: 2 connected peers, 2 routing table entries
🔗 WebSocket connection: nodejs → nodejs
🌐 Creating WebSocket connection to b02894e0... at ws://localhost:62699
🔄 Checking stale buckets: 3 connected, 3 routing
🔗 Incoming WebSocket connection from 127.0.0.1
🔗 DHT received peerConnected: bd428f05... (via WebSocketConnectionManager)
🔗 DHT received peerConnected: b02894e0... (via WebSocketConnectionManager)
🔄 Node b02894e0... already exists in routing table
🔗 Setting up connection for existing node b02894e0...
🔗 GET: Node ae48ae5b... not connected, attempting connection...
🔗 Creating CLIENT connection manager for outgoing connection to ae48ae5b...
🌐 Creating WebSocketConnectionManager for nodejs→nodejs
🔗 WebSocketConnectionManager initialized with node ID: bd428f053a36f12ed75549a692420f1024798565
🔗 Event handler attached to WebSocketConnectionManager for ae48ae5b
⏳ Waiting for WebSocket initialization...
🌐 Initialized Node.js WebSocket support
🔗 WebSocket connection: nodejs → nodejs
🌐 Creating WebSocket connection to ae48ae5b... at ws://localhost:62622
🔗 Incoming WebSocket connection from 127.0.0.1
🔗 DHT received peerConnected: bd428f05... (via WebSocketConnectionManager)
🔄 Node bd428f05... already exists in routing table
🔗 Setting up connection for existing node bd428f05...
🔗 DHT received peerConnected: ae48ae5b... (via WebSocketConnectionManager)
🔄 Node ae48ae5b... already exists in routing table
🔗 Setting up connection for existing node ae48ae5b...
  ✅ Node 3 successfully retrieved key="key1" value="value1"
❌ GET: "key1" not in local storage, searching DHT...
🔗 Skipping find_node query to non-connected node: 34d01b98...
🔗 Skipping find_node query to non-connected node: 8bf5b846...
🔗 Skipping find_node query to non-connected node: b02894e0...
🔗 Skipping find_node query to non-connected node: ae48ae5b...
🔗 Skipping find_node query to non-connected node: c812afae...
🔗 Skipping find_node query to non-connected node: e22310b0...
⚠️ Peer 34d01b98... discovered without membership token - will validate during handshake
🔄 Updated existing peer 34d01b98... in routing table
🔄 Updated existing peer 95695a49... in routing table
🔄 Updated existing peer 9889ebc7... in routing table
⚠️ Peer 8bf5b846... discovered without membership token - will validate during handshake
🔄 Updated existing peer 8bf5b846... in routing table
🔄 Updated existing peer bd428f05... in routing table
⚠️ Peer ae48ae5b... discovered without membership token - will validate during handshake
🔄 Updated existing peer ae48ae5b... in routing table
🔄 Updated existing peer c3f0bfce... in routing table
⚠️ Peer c812afae... discovered without membership token - will validate during handshake
🔄 Updated existing peer c812afae... in routing table
⚠️ Peer e22310b0... discovered without membership token - will validate during handshake
🔄 Updated existing peer e22310b0... in routing table
⚠️ Peer 34d01b98... discovered without membership token - will validate during handshake
🔄 Updated existing peer 34d01b98... in routing table
🔄 Updated existing peer 5516d3b4... in routing table
🔄 Updated existing peer 9889ebc7... in routing table
⚠️ Peer 8bf5b846... discovered without membership token - will validate during handshake
🔄 Updated existing peer 8bf5b846... in routing table
⚠️ Peer b02894e0... discovered without membership token - will validate during handshake
🔄 Updated existing peer b02894e0... in routing table
🔄 Updated existing peer bd428f05... in routing table
⚠️ Peer ae48ae5b... discovered without membership token - will validate during handshake
🔄 Updated existing peer ae48ae5b... in routing table
🔄 Updated existing peer c3f0bfce... in routing table
⚠️ Peer c812afae... discovered without membership token - will validate during handshake
🔄 Updated existing peer c812afae... in routing table
⚠️ Peer e22310b0... discovered without membership token - will validate during handshake
🔄 Updated existing peer e22310b0... in routing table
🔄 Updated existing peer 5516d3b4... in routing table
🔄 Updated existing peer 95695a49... in routing table
🔄 Updated existing peer bd428f05... in routing table
⚠️ Peer ae48ae5b... discovered without membership token - will validate during handshake
🔄 Updated existing peer ae48ae5b... in routing table
🔄 Updated existing peer c3f0bfce... in routing table
⚠️ Peer c812afae... discovered without membership token - will validate during handshake
🔄 Updated existing peer c812afae... in routing table
🔗 Skipping find_node query to non-connected node: 34d01b98...
🔗 Skipping find_node query to non-connected node: 8bf5b846...
🔗 Skipping find_node query to non-connected node: b02894e0...
🔗 Skipping find_node query to non-connected node: ae48ae5b...
🔗 Skipping find_node query to non-connected node: c812afae...
🔗 Skipping find_node query to non-connected node: e22310b0...
Find node query failed for c3f0bfce30c6efe34c40b3008f15901c0c00bd80: Error: Rate limited: must wait 5s before sending another find_node to c3f0bfce30c6efe34c40b3008f15901c0c00bd80
    at KademliaDHT.sendFindNode (file:///C:/git/yz.network/src/dht/KademliaDHT.js:2437:13)
    at file:///C:/git/yz.network/src/dht/KademliaDHT.js:2327:39
    at Array.map (<anonymous>)
    at KademliaDHT.findNode (file:///C:/git/yz.network/src/dht/KademliaDHT.js:2322:40)
    at process.processTicksAndRejections (node:internal/process/task_queues:105:5)
    at async KademliaDHT.get (file:///C:/git/yz.network/src/dht/KademliaDHT.js:2677:26)
    at async file:///C:/git/yz.network/router_claude.js:260:29
    at async runTest (file:///C:/git/yz.network/router_claude.js:183:22)
    at async testDHTOperations (file:///C:/git/yz.network/router_claude.js:249:5)
    at async main (file:///C:/git/yz.network/router_claude.js:434:5)
⚠️ Peer 34d01b98... discovered without membership token - will validate during handshake
🔄 Updated existing peer 34d01b98... in routing table
🔄 Updated existing peer 5516d3b4... in routing table
🔄 Updated existing peer 95695a49... in routing table
🔄 Updated existing peer 9889ebc7... in routing table
⚠️ Peer 8bf5b846... discovered without membership token - will validate during handshake
🔄 Updated existing peer 8bf5b846... in routing table
⚠️ Peer b02894e0... discovered without membership token - will validate during handshake
🔄 Updated existing peer b02894e0... in routing table
⚠️ Peer ae48ae5b... discovered without membership token - will validate during handshake
🔄 Updated existing peer ae48ae5b... in routing table
🔄 Updated existing peer c3f0bfce... in routing table
⚠️ Peer c812afae... discovered without membership token - will validate during handshake
🔄 Updated existing peer c812afae... in routing table
⚠️ Peer e22310b0... discovered without membership token - will validate during handshake
🔄 Updated existing peer e22310b0... in routing table
🔗 Skipping find_node query to non-connected node: 34d01b98...
🔗 Skipping find_node query to non-connected node: 8bf5b846...
🔗 Skipping find_node query to non-connected node: b02894e0...
🔗 Skipping find_node query to non-connected node: ae48ae5b...
🔗 Skipping find_node query to non-connected node: c812afae...
🔗 Skipping find_node query to non-connected node: e22310b0...
🔗 GET: Node 34d01b98... not connected, attempting connection...
🔗 Creating CLIENT connection manager for outgoing connection to 34d01b98...
🌐 Creating WebSocketConnectionManager for nodejs→nodejs
🔗 WebSocketConnectionManager initialized with node ID: 8b9543b3def346aeaedc1aca1239270168c6dd49
🔗 Event handler attached to WebSocketConnectionManager for 34d01b98
⏳ Waiting for WebSocket initialization...
🌐 Initialized Node.js WebSocket support
🔗 WebSocket connection: nodejs → nodejs
🌐 Creating WebSocket connection to 34d01b98... at ws://localhost:62681
🔗 Incoming WebSocket connection from 127.0.0.1
🔗 DHT received peerConnected: 8b9543b3... (via WebSocketConnectionManager)
🔄 Node 8b9543b3... already exists in routing table
🔗 Setting up connection for existing node 8b9543b3...
🔗 DHT received peerConnected: 34d01b98... (via WebSocketConnectionManager)
🔄 Node 34d01b98... already exists in routing table
🔗 Setting up connection for existing node 34d01b98...
🔗 GET: Node 8bf5b846... not connected, attempting connection...
🔗 Creating CLIENT connection manager for outgoing connection to 8bf5b846...
🌐 Creating WebSocketConnectionManager for nodejs→nodejs
🔗 WebSocketConnectionManager initialized with node ID: 8b9543b3def346aeaedc1aca1239270168c6dd49
🔗 Event handler attached to WebSocketConnectionManager for 8bf5b846
⏳ Waiting for WebSocket initialization...
🌐 Initialized Node.js WebSocket support
🔗 WebSocket connection: nodejs → nodejs
🌐 Creating WebSocket connection to 8bf5b846... at ws://localhost:62690
🔗 Incoming WebSocket connection from 127.0.0.1
🔗 DHT received peerConnected: 8b9543b3... (via WebSocketConnectionManager)
🔗 DHT received peerConnected: 8bf5b846... (via WebSocketConnectionManager)
🔄 Node 8bf5b846... already exists in routing table
🔗 Setting up connection for existing node 8bf5b846...
🔗 GET: Node b02894e0... not connected, attempting connection...
🔗 Creating CLIENT connection manager for outgoing connection to b02894e0...
🌐 Creating WebSocketConnectionManager for nodejs→nodejs
🔗 WebSocketConnectionManager initialized with node ID: 8b9543b3def346aeaedc1aca1239270168c6dd49
🔗 Event handler attached to WebSocketConnectionManager for b02894e0
⏳ Waiting for WebSocket initialization...
🌐 Initialized Node.js WebSocket support
🔗 WebSocket connection: nodejs → nodejs
🌐 Creating WebSocket connection to b02894e0... at ws://localhost:62699
🔗 Incoming WebSocket connection from 127.0.0.1
🔗 DHT received peerConnected: 8b9543b3... (via WebSocketConnectionManager)
🔗 DHT received peerConnected: b02894e0... (via WebSocketConnectionManager)
🔄 Node b02894e0... already exists in routing table
🔗 Setting up connection for existing node b02894e0...
🔗 GET: Node ae48ae5b... not connected, attempting connection...
🔗 Creating CLIENT connection manager for outgoing connection to ae48ae5b...
🌐 Creating WebSocketConnectionManager for nodejs→nodejs
🔗 WebSocketConnectionManager initialized with node ID: 8b9543b3def346aeaedc1aca1239270168c6dd49
🔗 Event handler attached to WebSocketConnectionManager for ae48ae5b
⏳ Waiting for WebSocket initialization...
🌐 Initialized Node.js WebSocket support
🔗 WebSocket connection: nodejs → nodejs
🌐 Creating WebSocket connection to ae48ae5b... at ws://localhost:62622
🔗 Incoming WebSocket connection from 127.0.0.1
🔗 DHT received peerConnected: 8b9543b3... (via WebSocketConnectionManager)
🔄 Node 8b9543b3... already exists in routing table
🔗 Setting up connection for existing node 8b9543b3...
🔗 DHT received peerConnected: ae48ae5b... (via WebSocketConnectionManager)
🔄 Node ae48ae5b... already exists in routing table
🔗 Setting up connection for existing node ae48ae5b...
  ✅ Node 4 successfully retrieved key="key1" value="value1"
❌ GET: "key1" not in local storage, searching DHT...
🔗 Skipping find_node query to non-connected node: 34d01b98...
🔗 Skipping find_node query to non-connected node: 95695a49...
🔗 Skipping find_node query to non-connected node: 8bf5b846...
🔗 Skipping find_node query to non-connected node: 8b9543b3...
🔗 Skipping find_node query to non-connected node: b02894e0...
🔗 Skipping find_node query to non-connected node: ae48ae5b...
🔗 Skipping find_node query to non-connected node: e22310b0...
Find node query failed for bd428f053a36f12ed75549a692420f1024798565: Error: Rate limited: must wait 6s before sending another find_node to bd428f053a36f12ed75549a692420f1024798565
    at KademliaDHT.sendFindNode (file:///C:/git/yz.network/src/dht/KademliaDHT.js:2437:13)
    at file:///C:/git/yz.network/src/dht/KademliaDHT.js:2327:39
    at Array.map (<anonymous>)
    at KademliaDHT.findNode (file:///C:/git/yz.network/src/dht/KademliaDHT.js:2322:40)
    at KademliaDHT.get (file:///C:/git/yz.network/src/dht/KademliaDHT.js:2677:37)
    at NodeDHTClient.get (file:///C:/git/yz.network/src/node/NodeDHTClient.js:366:21)
    at file:///C:/git/yz.network/router_claude.js:260:44
    at process.processTicksAndRejections (node:internal/process/task_queues:105:5)
    at async runTest (file:///C:/git/yz.network/router_claude.js:183:22)
    at async testDHTOperations (file:///C:/git/yz.network/router_claude.js:249:5)
⚠️ Peer 34d01b98... discovered without membership token - will validate during handshake
🔄 Updated existing peer 34d01b98... in routing table
⚠️ Peer 95695a49... discovered without membership token - will validate during handshake
🔄 Updated existing peer 95695a49... in routing table
🔄 Updated existing peer 9889ebc7... in routing table
⚠️ Peer 8bf5b846... discovered without membership token - will validate during handshake
🔄 Updated existing peer 8bf5b846... in routing table
⚠️ Peer 8b9543b3... discovered without membership token - will validate during handshake
🔄 Updated existing peer 8b9543b3... in routing table
🔄 Updated existing peer bd428f05... in routing table
⚠️ Peer ae48ae5b... discovered without membership token - will validate during handshake
🔄 Updated existing peer ae48ae5b... in routing table
🔄 Updated existing peer c3f0bfce... in routing table
⚠️ Peer e22310b0... discovered without membership token - will validate during handshake
🔄 Updated existing peer e22310b0... in routing table
🔄 Updated existing peer 5516d3b4... in routing table
⚠️ Peer 95695a49... discovered without membership token - will validate during handshake
🔄 Updated existing peer 95695a49... in routing table
⚠️ Peer 8b9543b3... discovered without membership token - will validate during handshake
🔄 Updated existing peer 8b9543b3... in routing table
🔄 Updated existing peer bd428f05... in routing table
⚠️ Peer ae48ae5b... discovered without membership token - will validate during handshake
🔄 Updated existing peer ae48ae5b... in routing table
🔄 Updated existing peer c3f0bfce... in routing table
🔗 Skipping find_node query to non-connected node: 34d01b98...
🔗 Skipping find_node query to non-connected node: 95695a49...
🔗 Skipping find_node query to non-connected node: 8bf5b846...
🔗 Skipping find_node query to non-connected node: 8b9543b3...
🔗 Skipping find_node query to non-connected node: b02894e0...
🔗 Skipping find_node query to non-connected node: ae48ae5b...
🔗 Skipping find_node query to non-connected node: e22310b0...
Find node query failed for c3f0bfce30c6efe34c40b3008f15901c0c00bd80: Error: Rate limited: must wait 6s before sending another find_node to c3f0bfce30c6efe34c40b3008f15901c0c00bd80
    at KademliaDHT.sendFindNode (file:///C:/git/yz.network/src/dht/KademliaDHT.js:2437:13)
    at file:///C:/git/yz.network/src/dht/KademliaDHT.js:2327:39
    at Array.map (<anonymous>)
    at KademliaDHT.findNode (file:///C:/git/yz.network/src/dht/KademliaDHT.js:2322:40)
    at process.processTicksAndRejections (node:internal/process/task_queues:105:5)
    at async KademliaDHT.get (file:///C:/git/yz.network/src/dht/KademliaDHT.js:2677:26)
    at async file:///C:/git/yz.network/router_claude.js:260:29
    at async runTest (file:///C:/git/yz.network/router_claude.js:183:22)
    at async testDHTOperations (file:///C:/git/yz.network/router_claude.js:249:5)
    at async main (file:///C:/git/yz.network/router_claude.js:434:5)
🔗 Skipping find_node query to non-connected node: 34d01b98...
🔗 Skipping find_node query to non-connected node: 95695a49...
🔗 Skipping find_node query to non-connected node: 8bf5b846...
🔗 Skipping find_node query to non-connected node: 8b9543b3...
🔗 Skipping find_node query to non-connected node: b02894e0...
🔗 Skipping find_node query to non-connected node: ae48ae5b...
🔗 Skipping find_node query to non-connected node: e22310b0...
🔗 GET: Node 34d01b98... not connected, attempting connection...
🔗 Creating CLIENT connection manager for outgoing connection to 34d01b98...
🌐 Creating WebSocketConnectionManager for nodejs→nodejs
🔗 WebSocketConnectionManager initialized with node ID: c812afaef8e5efbbc18b22df780ccc2ff79c2981
🔗 Event handler attached to WebSocketConnectionManager for 34d01b98
⏳ Waiting for WebSocket initialization...
🌐 Initialized Node.js WebSocket support
🔗 WebSocket connection: nodejs → nodejs
🌐 Creating WebSocket connection to 34d01b98... at ws://localhost:62681
🔗 Incoming WebSocket connection from 127.0.0.1
🔗 DHT received peerConnected: c812afae... (via WebSocketConnectionManager)
🔄 Node c812afae... already exists in routing table
🔗 Setting up connection for existing node c812afae...
🔗 DHT received peerConnected: 34d01b98... (via WebSocketConnectionManager)
🔄 Node 34d01b98... already exists in routing table
🔗 Setting up connection for existing node 34d01b98...
🔗 GET: Node 95695a49... not connected, attempting connection...
🔗 Creating CLIENT connection manager for outgoing connection to 95695a49...
🌐 Creating WebSocketConnectionManager for nodejs→nodejs
🔗 WebSocketConnectionManager initialized with node ID: c812afaef8e5efbbc18b22df780ccc2ff79c2981
🔗 Event handler attached to WebSocketConnectionManager for 95695a49
⏳ Waiting for WebSocket initialization...
🌐 Initialized Node.js WebSocket support
🔄 Checking stale buckets: 4 connected, 4 routing
🔗 WebSocket connection: nodejs → nodejs
🌐 Creating WebSocket connection to 95695a49... at ws://localhost:62631
🔗 Incoming WebSocket connection from 127.0.0.1
🔗 DHT received peerConnected: c812afae... (via WebSocketConnectionManager)
🔄 Node c812afae... already exists in routing table
🔗 Setting up connection for existing node c812afae...
🔗 DHT received peerConnected: 95695a49... (via WebSocketConnectionManager)
🔄 Node 95695a49... already exists in routing table
🔗 Setting up connection for existing node 95695a49...
🔗 GET: Node 8bf5b846... not connected, attempting connection...
🔗 Creating CLIENT connection manager for outgoing connection to 8bf5b846...
🌐 Creating WebSocketConnectionManager for nodejs→nodejs
🔗 WebSocketConnectionManager initialized with node ID: c812afaef8e5efbbc18b22df780ccc2ff79c2981
🔗 Event handler attached to WebSocketConnectionManager for 8bf5b846
⏳ Waiting for WebSocket initialization...
🌐 Initialized Node.js WebSocket support
🔗 WebSocket connection: nodejs → nodejs
🌐 Creating WebSocket connection to 8bf5b846... at ws://localhost:62690
🔗 Incoming WebSocket connection from 127.0.0.1
🔗 DHT received peerConnected: c812afae... (via WebSocketConnectionManager)
🔗 DHT received peerConnected: 8bf5b846... (via WebSocketConnectionManager)
🔄 Node 8bf5b846... already exists in routing table
🔗 Setting up connection for existing node 8bf5b846...
🔗 GET: Node 8b9543b3... not connected, attempting connection...
🔗 Creating CLIENT connection manager for outgoing connection to 8b9543b3...
🌐 Creating WebSocketConnectionManager for nodejs→nodejs
🔗 WebSocketConnectionManager initialized with node ID: c812afaef8e5efbbc18b22df780ccc2ff79c2981
🔗 Event handler attached to WebSocketConnectionManager for 8b9543b3
⏳ Waiting for WebSocket initialization...
🌐 Initialized Node.js WebSocket support
🔗 WebSocket connection: nodejs → nodejs
🌐 Creating WebSocket connection to 8b9543b3... at ws://localhost:62650
🔗 Incoming WebSocket connection from 127.0.0.1
🔗 DHT received peerConnected: c812afae... (via WebSocketConnectionManager)
🔄 Node c812afae... already exists in routing table
🔗 Setting up connection for existing node c812afae...
🔗 DHT received peerConnected: 8b9543b3... (via WebSocketConnectionManager)
🔄 Node 8b9543b3... already exists in routing table
🔗 Setting up connection for existing node 8b9543b3...
🔗 GET: Node b02894e0... not connected, attempting connection...
🔗 Creating CLIENT connection manager for outgoing connection to b02894e0...
🌐 Creating WebSocketConnectionManager for nodejs→nodejs
🔗 WebSocketConnectionManager initialized with node ID: c812afaef8e5efbbc18b22df780ccc2ff79c2981
🔗 Event handler attached to WebSocketConnectionManager for b02894e0
⏳ Waiting for WebSocket initialization...
🌐 Initialized Node.js WebSocket support
🔗 WebSocket connection: nodejs → nodejs
🌐 Creating WebSocket connection to b02894e0... at ws://localhost:62699
🔗 Incoming WebSocket connection from 127.0.0.1
🔗 DHT received peerConnected: c812afae... (via WebSocketConnectionManager)
🔗 DHT received peerConnected: b02894e0... (via WebSocketConnectionManager)
🔄 Node b02894e0... already exists in routing table
🔗 Setting up connection for existing node b02894e0...
🔗 GET: Node ae48ae5b... not connected, attempting connection...
🔗 Creating CLIENT connection manager for outgoing connection to ae48ae5b...
🌐 Creating WebSocketConnectionManager for nodejs→nodejs
🔗 WebSocketConnectionManager initialized with node ID: c812afaef8e5efbbc18b22df780ccc2ff79c2981
🔗 Event handler attached to WebSocketConnectionManager for ae48ae5b
⏳ Waiting for WebSocket initialization...
🌐 Initialized Node.js WebSocket support
🔗 WebSocket connection: nodejs → nodejs
🌐 Creating WebSocket connection to ae48ae5b... at ws://localhost:62622
Find node query failed for c3f0bfce30c6efe34c40b3008f15901c0c00bd80: Error: Request timeout for find_node
    at Timeout._onTimeout (file:///C:/git/yz.network/src/dht/KademliaDHT.js:3468:16)
    at listOnTimeout (node:internal/timers:594:17)
    at process.processTimers (node:internal/timers:529:7)
🔗 Background process: Found 5 unconnected nodes in routing table
🔗 Background connecting to routing table node: b02894e0...
🔗 Creating CLIENT connection manager for outgoing connection to b02894e0...
🌐 Creating WebSocketConnectionManager for nodejs→nodejs
🔗 WebSocketConnectionManager initialized with node ID: ae48ae5b788a6860d93795556c19789aef6216ec
🔗 Event handler attached to WebSocketConnectionManager for b02894e0
⏳ Waiting for WebSocket initialization...
🔗 Background connecting to routing table node: 8bf5b846...
🔗 Creating CLIENT connection manager for outgoing connection to 8bf5b846...
🌐 Creating WebSocketConnectionManager for nodejs→nodejs
🔗 WebSocketConnectionManager initialized with node ID: ae48ae5b788a6860d93795556c19789aef6216ec
🔗 Event handler attached to WebSocketConnectionManager for 8bf5b846
⏳ Waiting for WebSocket initialization...
🔗 Background connecting to routing table node: e22310b0...
🔗 Creating CLIENT connection manager for outgoing connection to e22310b0...
🌐 Creating WebSocketConnectionManager for nodejs→nodejs
🔗 WebSocketConnectionManager initialized with node ID: ae48ae5b788a6860d93795556c19789aef6216ec
🔗 Event handler attached to WebSocketConnectionManager for e22310b0
⏳ Waiting for WebSocket initialization...
🌐 Initialized Node.js WebSocket support
🌐 Initialized Node.js WebSocket support
🌐 Initialized Node.js WebSocket support
🔗 Incoming WebSocket connection from 127.0.0.1
🔗 DHT received peerConnected: c812afae... (via WebSocketConnectionManager)
🔄 Node c812afae... already exists in routing table
🔗 Setting up connection for existing node c812afae...
🔗 DHT received peerConnected: ae48ae5b... (via WebSocketConnectionManager)
🔄 Node ae48ae5b... already exists in routing table
🔗 Setting up connection for existing node ae48ae5b...
🔗 WebSocket connection: nodejs → nodejs
🌐 Creating WebSocket connection to b02894e0... at ws://localhost:62699
🔗 WebSocket connection: nodejs → nodejs
🌐 Creating WebSocket connection to 8bf5b846... at ws://localhost:62690
🔗 WebSocket connection: nodejs → nodejs
🌐 Creating WebSocket connection to e22310b0... at ws://localhost:62668
🔗 Incoming WebSocket connection from 127.0.0.1
🔗 Incoming WebSocket connection from 127.0.0.1
🔗 Incoming WebSocket connection from 127.0.0.1
🔗 DHT received peerConnected: ae48ae5b... (via WebSocketConnectionManager)
🔗 DHT received peerConnected: ae48ae5b... (via WebSocketConnectionManager)
🔗 DHT received peerConnected: ae48ae5b... (via WebSocketConnectionManager)
🔄 Node ae48ae5b... already exists in routing table
🔗 Setting up connection for existing node ae48ae5b...
🔗 DHT received peerConnected: b02894e0... (via WebSocketConnectionManager)
🔄 Node b02894e0... already exists in routing table
🔗 Setting up connection for existing node b02894e0...
🔗 DHT received peerConnected: 8bf5b846... (via WebSocketConnectionManager)
🔄 Node 8bf5b846... already exists in routing table
🔗 Setting up connection for existing node 8bf5b846...
🔗 DHT received peerConnected: e22310b0... (via WebSocketConnectionManager)
🔄 Node e22310b0... already exists in routing table
🔗 Setting up connection for existing node e22310b0...
  ✅ Node 5 successfully retrieved key="key1" value="value1"
❌ GET: "key1" not in local storage, searching DHT...
🔗 Skipping find_node query to non-connected node: 34d01b98...
🔗 Skipping find_node query to non-connected node: 5516d3b4...
🔗 Skipping find_node query to non-connected node: 95695a49...
🔗 Skipping find_node query to non-connected node: 9889ebc7...
🔗 Skipping find_node query to non-connected node: 8bf5b846...
🔗 Skipping find_node query to non-connected node: 8b9543b3...
🔗 Skipping find_node query to non-connected node: b02894e0...
🔗 Skipping find_node query to non-connected node: bd428f05...
🔗 Skipping find_node query to non-connected node: c812afae...
Find node query failed for c3f0bfce30c6efe34c40b3008f15901c0c00bd80: Error: Rate limited: must wait 6s before sending another find_node to c3f0bfce30c6efe34c40b3008f15901c0c00bd80
    at KademliaDHT.sendFindNode (file:///C:/git/yz.network/src/dht/KademliaDHT.js:2437:13)
    at file:///C:/git/yz.network/src/dht/KademliaDHT.js:2327:39
    at Array.map (<anonymous>)
    at KademliaDHT.findNode (file:///C:/git/yz.network/src/dht/KademliaDHT.js:2322:40)
    at KademliaDHT.get (file:///C:/git/yz.network/src/dht/KademliaDHT.js:2677:37)
    at NodeDHTClient.get (file:///C:/git/yz.network/src/node/NodeDHTClient.js:366:21)
    at file:///C:/git/yz.network/router_claude.js:260:44
    at process.processTicksAndRejections (node:internal/process/task_queues:105:5)
    at async runTest (file:///C:/git/yz.network/router_claude.js:183:22)
    at async testDHTOperations (file:///C:/git/yz.network/router_claude.js:249:5)
⚠️ Peer 34d01b98... discovered without membership token - will validate during handshake
🔄 Updated existing peer 34d01b98... in routing table
🔄 Updated existing peer 5516d3b4... in routing table
⚠️ Peer 95695a49... discovered without membership token - will validate during handshake
🔄 Updated existing peer 95695a49... in routing table
🔄 Updated existing peer 9889ebc7... in routing table
⚠️ Peer 8bf5b846... discovered without membership token - will validate during handshake
🔄 Updated existing peer 8bf5b846... in routing table
⚠️ Peer 8b9543b3... discovered without membership token - will validate during handshake
🔄 Updated existing peer 8b9543b3... in routing table
⚠️ Peer b02894e0... discovered without membership token - will validate during handshake
🔄 Updated existing peer b02894e0... in routing table
⚠️ Peer bd428f05... discovered without membership token - will validate during handshake
🔄 Updated existing peer bd428f05... in routing table
🔄 Updated existing peer c3f0bfce... in routing table
⚠️ Peer c812afae... discovered without membership token - will validate during handshake
🔄 Updated existing peer c812afae... in routing table
🔗 Skipping find_node query to non-connected node: 34d01b98...
🔗 Skipping find_node query to non-connected node: 5516d3b4...
🔗 Skipping find_node query to non-connected node: 95695a49...
🔗 Skipping find_node query to non-connected node: 9889ebc7...
🔗 Skipping find_node query to non-connected node: 8bf5b846...
🔗 Skipping find_node query to non-connected node: 8b9543b3...
🔗 Skipping find_node query to non-connected node: b02894e0...
🔗 Skipping find_node query to non-connected node: bd428f05...
🔗 Skipping find_node query to non-connected node: c812afae...
🔗 GET: Node 34d01b98... not connected, attempting connection...
🔗 Creating CLIENT connection manager for outgoing connection to 34d01b98...
🌐 Creating WebSocketConnectionManager for nodejs→nodejs
🔗 WebSocketConnectionManager initialized with node ID: e22310b03cabaeeffafbf92791727a07b9b275ba
🔗 Event handler attached to WebSocketConnectionManager for 34d01b98
⏳ Waiting for WebSocket initialization...
🌐 Initialized Node.js WebSocket support
🔗 WebSocket connection: nodejs → nodejs
🌐 Creating WebSocket connection to 34d01b98... at ws://localhost:62681
🔗 Incoming WebSocket connection from 127.0.0.1
🔗 DHT received peerConnected: e22310b0... (via WebSocketConnectionManager)
🔄 Node e22310b0... already exists in routing table
🔗 Setting up connection for existing node e22310b0...
🔗 DHT received peerConnected: 34d01b98... (via WebSocketConnectionManager)
🔄 Node 34d01b98... already exists in routing table
🔗 Setting up connection for existing node 34d01b98...
🔗 GET: Node 5516d3b4... not connected, attempting connection...
🔗 Creating CLIENT connection manager for outgoing connection to 5516d3b4...
🌐 Creating WebSocketConnectionManager for nodejs→nodejs
🔗 WebSocketConnectionManager initialized with node ID: e22310b03cabaeeffafbf92791727a07b9b275ba
🔗 Event handler attached to WebSocketConnectionManager for 5516d3b4
⏳ Waiting for WebSocket initialization...
🌐 Initialized Node.js WebSocket support
🔗 WebSocket connection: nodejs → bridge
🌐 Creating WebSocket connection to 5516d3b4... at ws://localhost:8083
🔗 Incoming WebSocket connection from 127.0.0.1
🔗 DHT received peerConnected: e22310b0... (via WebSocketConnectionManager)
🔄 Node e22310b0... already exists in routing table
🔗 Setting up connection for existing node e22310b0...
🔗 Incoming connection from e22310b0... via connection manager
🔗 DHT peer e22310b0... integrated with bridge DHT
🔗 DHT received peerConnected: 5516d3b4... (via WebSocketConnectionManager)
🔄 Node 5516d3b4... already exists in routing table
🔗 Setting up connection for existing node 5516d3b4...
🔗 GET: Node 95695a49... not connected, attempting connection...
🔗 Creating CLIENT connection manager for outgoing connection to 95695a49...
🌐 Creating WebSocketConnectionManager for nodejs→nodejs
🔗 WebSocketConnectionManager initialized with node ID: e22310b03cabaeeffafbf92791727a07b9b275ba
🔗 Event handler attached to WebSocketConnectionManager for 95695a49
⏳ Waiting for WebSocket initialization...
🌐 Initialized Node.js WebSocket support
🔗 WebSocket connection: nodejs → nodejs
🌐 Creating WebSocket connection to 95695a49... at ws://localhost:62631
🔗 Incoming WebSocket connection from 127.0.0.1
🔗 DHT received peerConnected: e22310b0... (via WebSocketConnectionManager)
🔄 Node e22310b0... already exists in routing table
🔗 Setting up connection for existing node e22310b0...
🔗 DHT received peerConnected: 95695a49... (via WebSocketConnectionManager)
🔄 Node 95695a49... already exists in routing table
🔗 Setting up connection for existing node 95695a49...
🔗 GET: Node 9889ebc7... not connected, attempting connection...
🔗 Creating CLIENT connection manager for outgoing connection to 9889ebc7...
🌐 Creating WebSocketConnectionManager for nodejs→nodejs
🔗 WebSocketConnectionManager initialized with node ID: e22310b03cabaeeffafbf92791727a07b9b275ba
🔗 Event handler attached to WebSocketConnectionManager for 9889ebc7
⏳ Waiting for WebSocket initialization...
🌐 Initialized Node.js WebSocket support
🔗 WebSocket connection: nodejs → bridge
🌐 Creating WebSocket connection to 9889ebc7... at ws://localhost:8084
🔗 Incoming WebSocket connection from 127.0.0.1
🔗 DHT received peerConnected: e22310b0... (via WebSocketConnectionManager)
🔗 Incoming connection from e22310b0... via connection manager
🔗 DHT peer e22310b0... integrated with bridge DHT
🔗 DHT received peerConnected: 9889ebc7... (via WebSocketConnectionManager)
🔄 Node 9889ebc7... already exists in routing table
🔗 Setting up connection for existing node 9889ebc7...
🔗 GET: Node 8bf5b846... not connected, attempting connection...
🔗 Creating CLIENT connection manager for outgoing connection to 8bf5b846...
🌐 Creating WebSocketConnectionManager for nodejs→nodejs
🔗 WebSocketConnectionManager initialized with node ID: e22310b03cabaeeffafbf92791727a07b9b275ba
🔗 Event handler attached to WebSocketConnectionManager for 8bf5b846
⏳ Waiting for WebSocket initialization...
🌐 Initialized Node.js WebSocket support
🔗 WebSocket connection: nodejs → nodejs
🌐 Creating WebSocket connection to 8bf5b846... at ws://localhost:62690
🔗 Incoming WebSocket connection from 127.0.0.1
🔗 DHT received peerConnected: e22310b0... (via WebSocketConnectionManager)
🔗 DHT received peerConnected: 8bf5b846... (via WebSocketConnectionManager)
🔄 Node 8bf5b846... already exists in routing table
🔗 Setting up connection for existing node 8bf5b846...
🔗 GET: Node 8b9543b3... not connected, attempting connection...
🔗 Creating CLIENT connection manager for outgoing connection to 8b9543b3...
🌐 Creating WebSocketConnectionManager for nodejs→nodejs
🔗 WebSocketConnectionManager initialized with node ID: e22310b03cabaeeffafbf92791727a07b9b275ba
🔗 Event handler attached to WebSocketConnectionManager for 8b9543b3
⏳ Waiting for WebSocket initialization...
🌐 Initialized Node.js WebSocket support
🔗 WebSocket connection: nodejs → nodejs
🌐 Creating WebSocket connection to 8b9543b3... at ws://localhost:62650
🔗 Incoming WebSocket connection from 127.0.0.1
🔗 DHT received peerConnected: e22310b0... (via WebSocketConnectionManager)
🔄 Node e22310b0... already exists in routing table
🔗 Setting up connection for existing node e22310b0...
🔗 DHT received peerConnected: 8b9543b3... (via WebSocketConnectionManager)
🔄 Node 8b9543b3... already exists in routing table
🔗 Setting up connection for existing node 8b9543b3...
🔗 GET: Node b02894e0... not connected, attempting connection...
🔗 Creating CLIENT connection manager for outgoing connection to b02894e0...
🌐 Creating WebSocketConnectionManager for nodejs→nodejs
🔗 WebSocketConnectionManager initialized with node ID: e22310b03cabaeeffafbf92791727a07b9b275ba
🔗 Event handler attached to WebSocketConnectionManager for b02894e0
⏳ Waiting for WebSocket initialization...
🌐 Initialized Node.js WebSocket support
🔗 WebSocket connection: nodejs → nodejs
🌐 Creating WebSocket connection to b02894e0... at ws://localhost:62699
🔗 Incoming WebSocket connection from 127.0.0.1
🔗 DHT received peerConnected: e22310b0... (via WebSocketConnectionManager)
🔗 DHT received peerConnected: b02894e0... (via WebSocketConnectionManager)
🔄 Node b02894e0... already exists in routing table
🔗 Setting up connection for existing node b02894e0...
🔗 GET: Node bd428f05... not connected, attempting connection...
🔗 Creating CLIENT connection manager for outgoing connection to bd428f05...
🌐 Creating WebSocketConnectionManager for nodejs→nodejs
🔗 WebSocketConnectionManager initialized with node ID: e22310b03cabaeeffafbf92791727a07b9b275ba
🔗 Event handler attached to WebSocketConnectionManager for bd428f05
⏳ Waiting for WebSocket initialization...
🌐 Initialized Node.js WebSocket support
🔗 WebSocket connection: nodejs → nodejs
🌐 Creating WebSocket connection to bd428f05... at ws://localhost:62640
🔗 Incoming WebSocket connection from 127.0.0.1
🔗 DHT received peerConnected: e22310b0... (via WebSocketConnectionManager)
🔄 Node e22310b0... already exists in routing table
🔗 Setting up connection for existing node e22310b0...
🔗 DHT received peerConnected: bd428f05... (via WebSocketConnectionManager)
🔄 Node bd428f05... already exists in routing table
🔗 Setting up connection for existing node bd428f05...
  ✅ Node 6 successfully retrieved key="key1" value="value1"
❌ GET: "key1" not in local storage, searching DHT...
🔗 Skipping find_node query to non-connected node: 5516d3b4...
🔗 Skipping find_node query to non-connected node: 9889ebc7...
🔗 Skipping find_node query to non-connected node: 8bf5b846...
🔗 Skipping find_node query to non-connected node: b02894e0...
🔗 Skipping find_node query to non-connected node: ae48ae5b...
Find node query failed for 95695a491b4101a6682f7c9d6d5872867a74d34e: Error: Rate limited: must wait 5s before sending another find_node to 95695a491b4101a6682f7c9d6d5872867a74d34e
    at KademliaDHT.sendFindNode (file:///C:/git/yz.network/src/dht/KademliaDHT.js:2437:13)
    at file:///C:/git/yz.network/src/dht/KademliaDHT.js:2327:39
    at Array.map (<anonymous>)
    at KademliaDHT.findNode (file:///C:/git/yz.network/src/dht/KademliaDHT.js:2322:40)
    at KademliaDHT.get (file:///C:/git/yz.network/src/dht/KademliaDHT.js:2677:37)
    at NodeDHTClient.get (file:///C:/git/yz.network/src/node/NodeDHTClient.js:366:21)
    at file:///C:/git/yz.network/router_claude.js:260:44
    at process.processTicksAndRejections (node:internal/process/task_queues:105:5)
    at async runTest (file:///C:/git/yz.network/router_claude.js:183:22)
    at async testDHTOperations (file:///C:/git/yz.network/router_claude.js:249:5)
🔄 Updated existing peer 5516d3b4... in routing table
🔄 Updated existing peer 95695a49... in routing table
🔄 Updated existing peer 9889ebc7... in routing table
⚠️ Peer 8bf5b846... discovered without membership token - will validate during handshake
🔄 Updated existing peer 8bf5b846... in routing table
⚠️ Peer b02894e0... discovered without membership token - will validate during handshake
🔄 Updated existing peer b02894e0... in routing table
🔄 Updated existing peer bd428f05... in routing table
⚠️ Peer ae48ae5b... discovered without membership token - will validate during handshake
🔄 Updated existing peer ae48ae5b... in routing table
🔄 Updated existing peer c3f0bfce... in routing table
🔄 Updated existing peer c812afae... in routing table
🔄 Updated existing peer e22310b0... in routing table
🔄 Updated existing peer 5516d3b4... in routing table
🔄 Updated existing peer 95695a49... in routing table
🔄 Updated existing peer 9889ebc7... in routing table
⚠️ Peer 8bf5b846... discovered without membership token - will validate during handshake
🔄 Updated existing peer 8bf5b846... in routing table
🔄 Updated existing peer 8b9543b3... in routing table
⚠️ Peer b02894e0... discovered without membership token - will validate during handshake
🔄 Updated existing peer b02894e0... in routing table
⚠️ Peer ae48ae5b... discovered without membership token - will validate during handshake
🔄 Updated existing peer ae48ae5b... in routing table
🔄 Updated existing peer c3f0bfce... in routing table
🔄 Updated existing peer c812afae... in routing table
🔄 Updated existing peer e22310b0... in routing table
🔗 Skipping find_node query to non-connected node: 5516d3b4...
🔗 Skipping find_node query to non-connected node: 9889ebc7...
🔗 Skipping find_node query to non-connected node: 8bf5b846...
🔗 Skipping find_node query to non-connected node: b02894e0...
🔗 Skipping find_node query to non-connected node: ae48ae5b...
Find node query failed for c3f0bfce30c6efe34c40b3008f15901c0c00bd80: Error: Rate limited: must wait 5s before sending another find_node to c3f0bfce30c6efe34c40b3008f15901c0c00bd80
    at KademliaDHT.sendFindNode (file:///C:/git/yz.network/src/dht/KademliaDHT.js:2437:13)
    at file:///C:/git/yz.network/src/dht/KademliaDHT.js:2327:39
    at Array.map (<anonymous>)
    at KademliaDHT.findNode (file:///C:/git/yz.network/src/dht/KademliaDHT.js:2322:40)
    at process.processTicksAndRejections (node:internal/process/task_queues:105:5)
    at async KademliaDHT.get (file:///C:/git/yz.network/src/dht/KademliaDHT.js:2677:26)
    at async file:///C:/git/yz.network/router_claude.js:260:29
    at async runTest (file:///C:/git/yz.network/router_claude.js:183:22)
    at async testDHTOperations (file:///C:/git/yz.network/router_claude.js:249:5)
    at async main (file:///C:/git/yz.network/router_claude.js:434:5)
🔄 Updated existing peer 5516d3b4... in routing table
🔄 Updated existing peer 95695a49... in routing table
🔄 Updated existing peer 9889ebc7... in routing table
⚠️ Peer 8bf5b846... discovered without membership token - will validate during handshake
🔄 Updated existing peer 8bf5b846... in routing table
🔄 Updated existing peer 8b9543b3... in routing table
⚠️ Peer b02894e0... discovered without membership token - will validate during handshake
🔄 Updated existing peer b02894e0... in routing table
🔄 Updated existing peer bd428f05... in routing table
⚠️ Peer ae48ae5b... discovered without membership token - will validate during handshake
🔄 Updated existing peer ae48ae5b... in routing table
🔄 Updated existing peer c3f0bfce... in routing table
🔄 Updated existing peer e22310b0... in routing table
🔄 Updated existing peer 5516d3b4... in routing table
🔄 Updated existing peer 95695a49... in routing table
🔄 Updated existing peer 9889ebc7... in routing table
⚠️ Peer 8bf5b846... discovered without membership token - will validate during handshake
🔄 Updated existing peer 8bf5b846... in routing table
🔄 Updated existing peer 8b9543b3... in routing table
⚠️ Peer b02894e0... discovered without membership token - will validate during handshake
🔄 Updated existing peer b02894e0... in routing table
🔄 Updated existing peer bd428f05... in routing table
⚠️ Peer ae48ae5b... discovered without membership token - will validate during handshake
🔄 Updated existing peer ae48ae5b... in routing table
🔄 Updated existing peer c3f0bfce... in routing table
🔄 Updated existing peer c812afae... in routing table
🔗 Skipping find_node query to non-connected node: 5516d3b4...
🔗 Skipping find_node query to non-connected node: 9889ebc7...
🔗 Skipping find_node query to non-connected node: 8bf5b846...
🔗 Skipping find_node query to non-connected node: b02894e0...
🔗 Skipping find_node query to non-connected node: ae48ae5b...
🔗 GET: Node 5516d3b4... not connected, attempting connection...
🔗 Creating CLIENT connection manager for outgoing connection to 5516d3b4...
🌐 Creating WebSocketConnectionManager for nodejs→nodejs
🔗 WebSocketConnectionManager initialized with node ID: 34d01b987fea453e8d61b56d0018ac97092756fc
🔗 Event handler attached to WebSocketConnectionManager for 5516d3b4
⏳ Waiting for WebSocket initialization...
🌐 Initialized Node.js WebSocket support
🔗 WebSocket connection: nodejs → bridge
🌐 Creating WebSocket connection to 5516d3b4... at ws://localhost:8083
🔗 Incoming WebSocket connection from 127.0.0.1
🔗 DHT received peerConnected: 34d01b98... (via WebSocketConnectionManager)
🔄 Node 34d01b98... already exists in routing table
🔗 Setting up connection for existing node 34d01b98...
🔗 Incoming connection from 34d01b98... via connection manager
🔗 DHT peer 34d01b98... integrated with bridge DHT
🔗 DHT received peerConnected: 5516d3b4... (via WebSocketConnectionManager)
🔄 Node 5516d3b4... already exists in routing table
🔗 Setting up connection for existing node 5516d3b4...
🔗 GET: Node 9889ebc7... not connected, attempting connection...
🔗 Creating CLIENT connection manager for outgoing connection to 9889ebc7...
🌐 Creating WebSocketConnectionManager for nodejs→nodejs
🔗 WebSocketConnectionManager initialized with node ID: 34d01b987fea453e8d61b56d0018ac97092756fc
🔗 Event handler attached to WebSocketConnectionManager for 9889ebc7
⏳ Waiting for WebSocket initialization...
🌐 Initialized Node.js WebSocket support
🔗 WebSocket connection: nodejs → bridge
🌐 Creating WebSocket connection to 9889ebc7... at ws://localhost:8084
🔗 Incoming WebSocket connection from 127.0.0.1
🔗 DHT received peerConnected: 34d01b98... (via WebSocketConnectionManager)
🔗 Incoming connection from 34d01b98... via connection manager
🔗 DHT peer 34d01b98... integrated with bridge DHT
🔗 DHT received peerConnected: 9889ebc7... (via WebSocketConnectionManager)
🔄 Node 9889ebc7... already exists in routing table
🔗 Setting up connection for existing node 9889ebc7...
🔗 GET: Node 8bf5b846... not connected, attempting connection...
🔗 Creating CLIENT connection manager for outgoing connection to 8bf5b846...
🌐 Creating WebSocketConnectionManager for nodejs→nodejs
🔗 WebSocketConnectionManager initialized with node ID: 34d01b987fea453e8d61b56d0018ac97092756fc
🔗 Event handler attached to WebSocketConnectionManager for 8bf5b846
⏳ Waiting for WebSocket initialization...
🌐 Initialized Node.js WebSocket support
🔗 WebSocket connection: nodejs → nodejs
🌐 Creating WebSocket connection to 8bf5b846... at ws://localhost:62690
🔗 Incoming WebSocket connection from 127.0.0.1
🔗 DHT received peerConnected: 34d01b98... (via WebSocketConnectionManager)
🔗 DHT received peerConnected: 8bf5b846... (via WebSocketConnectionManager)
🔄 Node 8bf5b846... already exists in routing table
🔗 Setting up connection for existing node 8bf5b846...
🔗 GET: Node b02894e0... not connected, attempting connection...
🔗 Creating CLIENT connection manager for outgoing connection to b02894e0...
🌐 Creating WebSocketConnectionManager for nodejs→nodejs
🔗 WebSocketConnectionManager initialized with node ID: 34d01b987fea453e8d61b56d0018ac97092756fc
🔗 Event handler attached to WebSocketConnectionManager for b02894e0
⏳ Waiting for WebSocket initialization...
🌐 Initialized Node.js WebSocket support
🔗 WebSocket connection: nodejs → nodejs
🌐 Creating WebSocket connection to b02894e0... at ws://localhost:62699
🔗 Incoming WebSocket connection from 127.0.0.1
🔗 DHT received peerConnected: 34d01b98... (via WebSocketConnectionManager)
🔗 DHT received peerConnected: b02894e0... (via WebSocketConnectionManager)
🔄 Node b02894e0... already exists in routing table
🔗 Setting up connection for existing node b02894e0...
🔗 GET: Node ae48ae5b... not connected, attempting connection...
🔗 Creating CLIENT connection manager for outgoing connection to ae48ae5b...
🌐 Creating WebSocketConnectionManager for nodejs→nodejs
🔗 WebSocketConnectionManager initialized with node ID: 34d01b987fea453e8d61b56d0018ac97092756fc
🔗 Event handler attached to WebSocketConnectionManager for ae48ae5b
⏳ Waiting for WebSocket initialization...
🌐 Initialized Node.js WebSocket support
🔗 WebSocket connection: nodejs → nodejs
🌐 Creating WebSocket connection to ae48ae5b... at ws://localhost:62622
🔗 Incoming WebSocket connection from 127.0.0.1
🔗 DHT received peerConnected: 34d01b98... (via WebSocketConnectionManager)
🔄 Node 34d01b98... already exists in routing table
🔗 Setting up connection for existing node 34d01b98...
🔗 DHT received peerConnected: ae48ae5b... (via WebSocketConnectionManager)
🔄 Node ae48ae5b... already exists in routing table
🔗 Setting up connection for existing node ae48ae5b...
  ✅ Node 7 successfully retrieved key="key1" value="value1"
❌ GET: "key1" not in local storage, searching DHT...
🔍 Validating disconnected peer 5516d3b4: not in routing table yet
🔄 Updated existing peer 95695a49... in routing table
🔍 Validating disconnected peer 9889ebc7: not in routing table yet
🔄 Updated existing peer 8b9543b3... in routing table
🔍 Validating disconnected peer b02894e0: not in routing table yet
⚠️ Peer b02894e0... discovered without membership token - will validate during handshake
🔄 Updated existing peer bd428f05... in routing table
🔄 Updated existing peer ae48ae5b... in routing table
🔄 Updated existing peer c3f0bfce... in routing table
🔄 Updated existing peer c812afae... in routing table
🔄 Updated existing peer e22310b0... in routing table
🔄 Updated existing peer 34d01b98... in routing table
🔄 Updated existing peer 5516d3b4... in routing table
🔄 Updated existing peer 9889ebc7... in routing table
🔄 Updated existing peer 8b9543b3... in routing table
⚠️ Peer b02894e0... discovered without membership token - will validate during handshake
🔄 Updated existing peer b02894e0... in routing table
🔄 Updated existing peer bd428f05... in routing table
🔄 Updated existing peer ae48ae5b... in routing table
🔄 Updated existing peer c3f0bfce... in routing table
🔄 Updated existing peer c812afae... in routing table
🔄 Updated existing peer e22310b0... in routing table
🔄 Updated existing peer 34d01b98... in routing table
🔄 Updated existing peer 5516d3b4... in routing table
🔄 Updated existing peer 95695a49... in routing table
🔄 Updated existing peer 9889ebc7... in routing table
⚠️ Peer b02894e0... discovered without membership token - will validate during handshake
🔄 Updated existing peer b02894e0... in routing table
🔄 Updated existing peer bd428f05... in routing table
🔄 Updated existing peer ae48ae5b... in routing table
🔄 Updated existing peer c3f0bfce... in routing table
🔄 Updated existing peer c812afae... in routing table
🔄 Updated existing peer e22310b0... in routing table
🔗 Skipping find_node query to non-connected node: 5516d3b4...
🔗 Skipping find_node query to non-connected node: 9889ebc7...
🔗 Skipping find_node query to non-connected node: b02894e0...
🔄 Updated existing peer 34d01b98... in routing table
🔄 Updated existing peer 5516d3b4... in routing table
🔄 Updated existing peer 95695a49... in routing table
🔄 Updated existing peer 9889ebc7... in routing table
🔄 Updated existing peer 8b9543b3... in routing table
⚠️ Peer b02894e0... discovered without membership token - will validate during handshake
🔄 Updated existing peer b02894e0... in routing table
🔄 Updated existing peer ae48ae5b... in routing table
🔄 Updated existing peer c3f0bfce... in routing table
🔄 Updated existing peer c812afae... in routing table
🔄 Updated existing peer e22310b0... in routing table
🔄 Updated existing peer 34d01b98... in routing table
🔄 Updated existing peer 5516d3b4... in routing table
🔄 Updated existing peer 95695a49... in routing table
🔄 Updated existing peer 9889ebc7... in routing table
🔄 Updated existing peer 8b9543b3... in routing table
⚠️ Peer b02894e0... discovered without membership token - will validate during handshake
🔄 Updated existing peer b02894e0... in routing table
🔄 Updated existing peer bd428f05... in routing table
🔄 Updated existing peer c3f0bfce... in routing table
🔄 Updated existing peer c812afae... in routing table
🔄 Updated existing peer e22310b0... in routing table
🔄 Updated existing peer 34d01b98... in routing table
🔄 Updated existing peer 5516d3b4... in routing table
🔄 Updated existing peer 95695a49... in routing table
🔄 Updated existing peer 9889ebc7... in routing table
🔄 Updated existing peer 8b9543b3... in routing table
⚠️ Peer b02894e0... discovered without membership token - will validate during handshake
🔄 Updated existing peer b02894e0... in routing table
🔄 Updated existing peer bd428f05... in routing table
🔄 Updated existing peer ae48ae5b... in routing table
🔄 Updated existing peer c812afae... in routing table
🔄 Updated existing peer e22310b0... in routing table
🔗 Skipping find_node query to non-connected node: 5516d3b4...
🔗 Skipping find_node query to non-connected node: 9889ebc7...
🔗 Skipping find_node query to non-connected node: b02894e0...
🔄 Updated existing peer 34d01b98... in routing table
🔄 Updated existing peer 5516d3b4... in routing table
🔄 Updated existing peer 95695a49... in routing table
🔄 Updated existing peer 9889ebc7... in routing table
🔄 Updated existing peer 8b9543b3... in routing table
⚠️ Peer b02894e0... discovered without membership token - will validate during handshake
🔄 Updated existing peer b02894e0... in routing table
🔄 Updated existing peer bd428f05... in routing table
🔄 Updated existing peer ae48ae5b... in routing table
🔄 Updated existing peer c3f0bfce... in routing table
🔄 Updated existing peer e22310b0... in routing table
🔄 Updated existing peer 34d01b98... in routing table
🔄 Updated existing peer 5516d3b4... in routing table
🔄 Updated existing peer 95695a49... in routing table
🔄 Updated existing peer 9889ebc7... in routing table
🔄 Updated existing peer 8b9543b3... in routing table
⚠️ Peer b02894e0... discovered without membership token - will validate during handshake
🔄 Updated existing peer b02894e0... in routing table
🔄 Updated existing peer bd428f05... in routing table
🔄 Updated existing peer ae48ae5b... in routing table
🔄 Updated existing peer c3f0bfce... in routing table
🔄 Updated existing peer c812afae... in routing table
🔗 Skipping find_node query to non-connected node: 5516d3b4...
🔗 Skipping find_node query to non-connected node: 9889ebc7...
🔗 Skipping find_node query to non-connected node: b02894e0...
🔗 GET: Node 5516d3b4... not connected, attempting connection...
🔗 Creating CLIENT connection manager for outgoing connection to 5516d3b4...
🌐 Creating WebSocketConnectionManager for nodejs→nodejs
🔗 WebSocketConnectionManager initialized with node ID: 8bf5b846ecb6326be12426508ce85e10425ed6a6
🔗 Event handler attached to WebSocketConnectionManager for 5516d3b4
⏳ Waiting for WebSocket initialization...
🌐 Initialized Node.js WebSocket support
🔗 WebSocket connection: nodejs → bridge
🌐 Creating WebSocket connection to 5516d3b4... at ws://localhost:8083
🔗 Incoming WebSocket connection from 127.0.0.1
🔗 DHT received peerConnected: 8bf5b846... (via WebSocketConnectionManager)
🔄 Node 8bf5b846... already exists in routing table
🔗 Setting up connection for existing node 8bf5b846...
🔗 Incoming connection from 8bf5b846... via connection manager
🔗 DHT peer 8bf5b846... integrated with bridge DHT
🔗 DHT received peerConnected: 5516d3b4... (via WebSocketConnectionManager)
🔄 Node 5516d3b4... already exists in routing table
🔗 Setting up connection for existing node 5516d3b4...
🔗 GET: Node 9889ebc7... not connected, attempting connection...
🔗 Creating CLIENT connection manager for outgoing connection to 9889ebc7...
🌐 Creating WebSocketConnectionManager for nodejs→nodejs
🔗 WebSocketConnectionManager initialized with node ID: 8bf5b846ecb6326be12426508ce85e10425ed6a6
🔗 Event handler attached to WebSocketConnectionManager for 9889ebc7
⏳ Waiting for WebSocket initialization...
🌐 Initialized Node.js WebSocket support
🔗 WebSocket connection: nodejs → bridge
🌐 Creating WebSocket connection to 9889ebc7... at ws://localhost:8084
🔗 Incoming WebSocket connection from 127.0.0.1
🔗 DHT received peerConnected: 8bf5b846... (via WebSocketConnectionManager)
🔗 Incoming connection from 8bf5b846... via connection manager
🔗 DHT peer 8bf5b846... integrated with bridge DHT
🔗 DHT received peerConnected: 9889ebc7... (via WebSocketConnectionManager)
🔄 Node 9889ebc7... already exists in routing table
🔗 Setting up connection for existing node 9889ebc7...
🔗 GET: Node b02894e0... not connected, attempting connection...
🔗 Creating CLIENT connection manager for outgoing connection to b02894e0...
🌐 Creating WebSocketConnectionManager for nodejs→nodejs
🔗 WebSocketConnectionManager initialized with node ID: 8bf5b846ecb6326be12426508ce85e10425ed6a6
🔗 Event handler attached to WebSocketConnectionManager for b02894e0
⏳ Waiting for WebSocket initialization...
🌐 Initialized Node.js WebSocket support
🔗 WebSocket connection: nodejs → nodejs
🌐 Creating WebSocket connection to b02894e0... at ws://localhost:62699
🔗 Incoming WebSocket connection from 127.0.0.1
🔗 DHT received peerConnected: 8bf5b846... (via WebSocketConnectionManager)
🔗 DHT received peerConnected: b02894e0... (via WebSocketConnectionManager)
🔄 Node b02894e0... already exists in routing table
🔗 Setting up connection for existing node b02894e0...
  ✅ Node 8 successfully retrieved key="key1" value="value1"
❌ GET: "key1" not in local storage, searching DHT...
🔍 Validating disconnected peer 5516d3b4: not in routing table yet
🔄 Updated existing peer 95695a49... in routing table
🔍 Validating disconnected peer 9889ebc7: not in routing table yet
🔄 Updated existing peer 8bf5b846... in routing table
🔄 Updated existing peer 8b9543b3... in routing table
🔄 Updated existing peer bd428f05... in routing table
🔄 Updated existing peer ae48ae5b... in routing table
🔄 Updated existing peer c3f0bfce... in routing table
🔄 Updated existing peer c812afae... in routing table
🔄 Updated existing peer e22310b0... in routing table
🔄 Updated existing peer 34d01b98... in routing table
🔄 Updated existing peer 5516d3b4... in routing table
🔄 Updated existing peer 9889ebc7... in routing table
🔄 Updated existing peer 8bf5b846... in routing table
🔄 Updated existing peer 8b9543b3... in routing table
🔄 Updated existing peer bd428f05... in routing table
🔄 Updated existing peer ae48ae5b... in routing table
🔄 Updated existing peer c3f0bfce... in routing table
🔄 Updated existing peer c812afae... in routing table
🔄 Updated existing peer e22310b0... in routing table
🔄 Updated existing peer 34d01b98... in routing table
🔄 Updated existing peer 5516d3b4... in routing table
🔄 Updated existing peer 95695a49... in routing table
🔄 Updated existing peer 9889ebc7... in routing table
🔄 Updated existing peer 8b9543b3... in routing table
🔄 Updated existing peer bd428f05... in routing table
🔄 Updated existing peer ae48ae5b... in routing table
🔄 Updated existing peer c3f0bfce... in routing table
🔄 Updated existing peer c812afae... in routing table
🔄 Updated existing peer e22310b0... in routing table
🔗 Skipping find_node query to non-connected node: 5516d3b4...
🔗 Skipping find_node query to non-connected node: 9889ebc7...
🔄 Updated existing peer 34d01b98... in routing table
🔄 Updated existing peer 5516d3b4... in routing table
🔄 Updated existing peer 95695a49... in routing table
🔄 Updated existing peer 9889ebc7... in routing table
🔄 Updated existing peer 8bf5b846... in routing table
🔄 Updated existing peer bd428f05... in routing table
🔄 Updated existing peer ae48ae5b... in routing table
🔄 Updated existing peer c3f0bfce... in routing table
🔄 Updated existing peer c812afae... in routing table
🔄 Updated existing peer e22310b0... in routing table
🔄 Updated existing peer 34d01b98... in routing table
🔄 Updated existing peer 5516d3b4... in routing table
🔄 Updated existing peer 95695a49... in routing table
🔄 Updated existing peer 9889ebc7... in routing table
🔄 Updated existing peer 8bf5b846... in routing table
🔄 Updated existing peer 8b9543b3... in routing table
🔄 Updated existing peer ae48ae5b... in routing table
🔄 Updated existing peer c3f0bfce... in routing table
🔄 Updated existing peer c812afae... in routing table
🔄 Updated existing peer e22310b0... in routing table
🔄 Updated existing peer 34d01b98... in routing table
🔄 Updated existing peer 5516d3b4... in routing table
🔄 Updated existing peer 95695a49... in routing table
🔄 Updated existing peer 9889ebc7... in routing table
🔄 Updated existing peer 8bf5b846... in routing table
🔄 Updated existing peer 8b9543b3... in routing table
🔄 Updated existing peer bd428f05... in routing table
🔄 Updated existing peer c3f0bfce... in routing table
🔄 Updated existing peer c812afae... in routing table
🔄 Updated existing peer e22310b0... in routing table
🔗 Skipping find_node query to non-connected node: 5516d3b4...
🔗 Skipping find_node query to non-connected node: 9889ebc7...
🔄 Updated existing peer 34d01b98... in routing table
🔄 Updated existing peer 5516d3b4... in routing table
🔄 Updated existing peer 95695a49... in routing table
🔄 Updated existing peer 9889ebc7... in routing table
🔄 Updated existing peer 8bf5b846... in routing table
🔄 Updated existing peer 8b9543b3... in routing table
🔄 Updated existing peer bd428f05... in routing table
🔄 Updated existing peer ae48ae5b... in routing table
🔄 Updated existing peer c812afae... in routing table
🔄 Updated existing peer e22310b0... in routing table
🔄 Updated existing peer 34d01b98... in routing table
🔄 Updated existing peer 5516d3b4... in routing table
🔄 Updated existing peer 95695a49... in routing table
🔄 Updated existing peer 9889ebc7... in routing table
🔄 Updated existing peer 8bf5b846... in routing table
🔄 Updated existing peer 8b9543b3... in routing table
🔄 Updated existing peer bd428f05... in routing table
🔄 Updated existing peer ae48ae5b... in routing table
🔄 Updated existing peer c3f0bfce... in routing table
🔄 Updated existing peer e22310b0... in routing table
🔄 Updated existing peer 34d01b98... in routing table
🔄 Updated existing peer 5516d3b4... in routing table
🔄 Updated existing peer 95695a49... in routing table
🔄 Updated existing peer 9889ebc7... in routing table
🔄 Updated existing peer 8bf5b846... in routing table
🔄 Updated existing peer 8b9543b3... in routing table
🔄 Updated existing peer bd428f05... in routing table
🔄 Updated existing peer ae48ae5b... in routing table
🔄 Updated existing peer c3f0bfce... in routing table
🔄 Updated existing peer c812afae... in routing table
🔗 Skipping find_node query to non-connected node: 5516d3b4...
🔗 Skipping find_node query to non-connected node: 9889ebc7...
🔗 GET: Node 5516d3b4... not connected, attempting connection...
🔗 Creating CLIENT connection manager for outgoing connection to 5516d3b4...
🌐 Creating WebSocketConnectionManager for nodejs→nodejs
🔗 WebSocketConnectionManager initialized with node ID: b02894e0f4cd2c86ec8013f61917e600064afe66
🔗 Event handler attached to WebSocketConnectionManager for 5516d3b4
⏳ Waiting for WebSocket initialization...
🌐 Initialized Node.js WebSocket support
🔗 WebSocket connection: nodejs → bridge
🌐 Creating WebSocket connection to 5516d3b4... at ws://localhost:8083
🔗 Incoming WebSocket connection from 127.0.0.1
🔗 DHT received peerConnected: b02894e0... (via WebSocketConnectionManager)
🔗 Incoming connection from b02894e0... via connection manager
🔗 DHT peer b02894e0... integrated with bridge DHT
🔗 DHT received peerConnected: 5516d3b4... (via WebSocketConnectionManager)
🔄 Node 5516d3b4... already exists in routing table
🔗 Setting up connection for existing node 5516d3b4...
🔗 GET: Node 9889ebc7... not connected, attempting connection...
🔗 Creating CLIENT connection manager for outgoing connection to 9889ebc7...
🌐 Creating WebSocketConnectionManager for nodejs→nodejs
🔗 WebSocketConnectionManager initialized with node ID: b02894e0f4cd2c86ec8013f61917e600064afe66
🔗 Event handler attached to WebSocketConnectionManager for 9889ebc7
⏳ Waiting for WebSocket initialization...
🌐 Initialized Node.js WebSocket support
🔗 WebSocket connection: nodejs → bridge
🌐 Creating WebSocket connection to 9889ebc7... at ws://localhost:8084
🔗 Incoming WebSocket connection from 127.0.0.1
🔗 DHT received peerConnected: b02894e0... (via WebSocketConnectionManager)
🔗 Incoming connection from b02894e0... via connection manager
🔗 DHT peer b02894e0... integrated with bridge DHT
🔗 DHT received peerConnected: 9889ebc7... (via WebSocketConnectionManager)
🔄 Node 9889ebc7... already exists in routing table
🔗 Setting up connection for existing node 9889ebc7...
  ✅ Node 9 successfully retrieved key="key1" value="value1"
  📝 Node 2 storing key="key2" value="value2"
[DHT] 📝 Storing key: key2
🔄 Updated existing peer 34d01b98... in routing table
🔄 Updated existing peer 5516d3b4... in routing table
🔄 Updated existing peer ae48ae5b... in routing table
🔄 Updated existing peer b02894e0... in routing table
🔄 Updated existing peer bd428f05... in routing table
🔄 Updated existing peer 8bf5b846... in routing table
🔄 Updated existing peer 9889ebc7... in routing table
🔄 Updated existing peer e22310b0... in routing table
🔄 Updated existing peer c3f0bfce... in routing table
🔄 Updated existing peer c812afae... in routing table
🔄 Updated existing peer 34d01b98... in routing table
🔄 Updated existing peer 5516d3b4... in routing table
🔄 Updated existing peer ae48ae5b... in routing table
🔄 Updated existing peer b02894e0... in routing table
🔄 Updated existing peer bd428f05... in routing table
🔄 Updated existing peer 8b9543b3... in routing table
🔄 Updated existing peer 9889ebc7... in routing table
🔄 Updated existing peer e22310b0... in routing table
🔄 Updated existing peer c3f0bfce... in routing table
🔄 Updated existing peer c812afae... in routing table
🔄 Updated existing peer 34d01b98... in routing table
🔄 Updated existing peer 5516d3b4... in routing table
🔄 Updated existing peer ae48ae5b... in routing table
🔄 Updated existing peer b02894e0... in routing table
🔄 Updated existing peer bd428f05... in routing table
🔄 Updated existing peer 8b9543b3... in routing table
🔄 Updated existing peer 8bf5b846... in routing table
🔄 Updated existing peer e22310b0... in routing table
🔄 Updated existing peer c3f0bfce... in routing table
🔄 Updated existing peer c812afae... in routing table
🔄 Updated existing peer 34d01b98... in routing table
🔄 Updated existing peer 5516d3b4... in routing table
🔄 Updated existing peer b02894e0... in routing table
🔄 Updated existing peer bd428f05... in routing table
🔄 Updated existing peer 8b9543b3... in routing table
🔄 Updated existing peer 8bf5b846... in routing table
🔄 Updated existing peer 9889ebc7... in routing table
🔄 Updated existing peer e22310b0... in routing table
🔄 Updated existing peer c3f0bfce... in routing table
🔄 Updated existing peer c812afae... in routing table
🔄 Updated existing peer 34d01b98... in routing table
🔄 Updated existing peer 5516d3b4... in routing table
🔄 Updated existing peer ae48ae5b... in routing table
🔄 Updated existing peer bd428f05... in routing table
🔄 Updated existing peer 8b9543b3... in routing table
🔄 Updated existing peer 8bf5b846... in routing table
🔄 Updated existing peer 9889ebc7... in routing table
🔄 Updated existing peer e22310b0... in routing table
🔄 Updated existing peer c3f0bfce... in routing table
🔄 Updated existing peer c812afae... in routing table
🔄 Updated existing peer 34d01b98... in routing table
🔄 Updated existing peer 5516d3b4... in routing table
🔄 Updated existing peer ae48ae5b... in routing table
🔄 Updated existing peer b02894e0... in routing table
🔄 Updated existing peer 8b9543b3... in routing table
🔄 Updated existing peer 8bf5b846... in routing table
🔄 Updated existing peer 9889ebc7... in routing table
🔄 Updated existing peer e22310b0... in routing table
🔄 Updated existing peer c3f0bfce... in routing table
🔄 Updated existing peer c812afae... in routing table
🔄 Updated existing peer 34d01b98... in routing table
🔄 Updated existing peer 5516d3b4... in routing table
🔄 Updated existing peer ae48ae5b... in routing table
🔄 Updated existing peer b02894e0... in routing table
🔄 Updated existing peer bd428f05... in routing table
🔄 Updated existing peer 8b9543b3... in routing table
🔄 Updated existing peer 8bf5b846... in routing table
🔄 Updated existing peer 9889ebc7... in routing table
🔄 Updated existing peer e22310b0... in routing table
🔄 Updated existing peer c812afae... in routing table
🔄 Updated existing peer 34d01b98... in routing table
🔄 Updated existing peer 5516d3b4... in routing table
🔄 Updated existing peer ae48ae5b... in routing table
🔄 Updated existing peer b02894e0... in routing table
🔄 Updated existing peer bd428f05... in routing table
🔄 Updated existing peer 8b9543b3... in routing table
🔄 Updated existing peer 8bf5b846... in routing table
🔄 Updated existing peer 9889ebc7... in routing table
🔄 Updated existing peer e22310b0... in routing table
🔄 Updated existing peer c3f0bfce... in routing table
🔄 Updated existing peer 34d01b98... in routing table
🔄 Updated existing peer 5516d3b4... in routing table
🔄 Updated existing peer ae48ae5b... in routing table
🔄 Updated existing peer b02894e0... in routing table
🔄 Updated existing peer bd428f05... in routing table
🔄 Updated existing peer 8b9543b3... in routing table
🔄 Updated existing peer 8bf5b846... in routing table
🔄 Updated existing peer 9889ebc7... in routing table
🔄 Updated existing peer c3f0bfce... in routing table
🔄 Updated existing peer c812afae... in routing table
Find node query failed for 5516d3b489bc5ebb66513b763e337dbb3dcd74ef: Error: Rate limited: must wait 3s before sending another find_node to 5516d3b489bc5ebb66513b763e337dbb3dcd74ef
    at KademliaDHT.sendFindNode (file:///C:/git/yz.network/src/dht/KademliaDHT.js:2437:13)
    at file:///C:/git/yz.network/src/dht/KademliaDHT.js:2327:39
    at Array.map (<anonymous>)
    at KademliaDHT.findNode (file:///C:/git/yz.network/src/dht/KademliaDHT.js:2322:40)
    at process.processTicksAndRejections (node:internal/process/task_queues:105:5)
    at async KademliaDHT.store (file:///C:/git/yz.network/src/dht/KademliaDHT.js:2513:26)
    at async file:///C:/git/yz.network/router_claude.js:254:9
    at async runTest (file:///C:/git/yz.network/router_claude.js:183:22)
    at async testDHTOperations (file:///C:/git/yz.network/router_claude.js:249:5)
    at async main (file:///C:/git/yz.network/router_claude.js:434:5)
🔄 Updated existing peer 5516d3b4... in routing table
🔄 Updated existing peer ae48ae5b... in routing table
🔄 Updated existing peer b02894e0... in routing table
🔄 Updated existing peer bd428f05... in routing table
🔄 Updated existing peer 8b9543b3... in routing table
🔄 Updated existing peer 8bf5b846... in routing table
🔄 Updated existing peer 9889ebc7... in routing table
🔄 Updated existing peer e22310b0... in routing table
🔄 Updated existing peer c3f0bfce... in routing table
🔄 Updated existing peer c812afae... in routing table
⚠️ Rejecting store request for key2 - node is in passive/observer mode
  ⏳ Waiting 3s for replication...
Find node query failed for c3f0bfce30c6efe34c40b3008f15901c0c00bd80: Error: Request timeout for find_node
    at Timeout._onTimeout (file:///C:/git/yz.network/src/dht/KademliaDHT.js:3468:16)
    at listOnTimeout (node:internal/timers:594:17)
    at process.processTimers (node:internal/timers:529:7)
Find node query failed for c3f0bfce30c6efe34c40b3008f15901c0c00bd80: Error: Request timeout for find_node
    at Timeout._onTimeout (file:///C:/git/yz.network/src/dht/KademliaDHT.js:3468:16)
    at listOnTimeout (node:internal/timers:594:17)
    at process.processTimers (node:internal/timers:529:7)
Find node query failed for bd428f053a36f12ed75549a692420f1024798565: Error: Request timeout for find_node
    at Timeout._onTimeout (file:///C:/git/yz.network/src/dht/KademliaDHT.js:3468:16)
    at listOnTimeout (node:internal/timers:594:17)
    at process.processTimers (node:internal/timers:529:7)
🔗 Background process: Found 1 unconnected nodes in routing table
⏳ Skipping connection to e22310b0... - in discovery grace period (5s remaining)
Find node query failed for c3f0bfce30c6efe34c40b3008f15901c0c00bd80: Error: Request timeout for find_node
    at Timeout._onTimeout (file:///C:/git/yz.network/src/dht/KademliaDHT.js:3468:16)
    at listOnTimeout (node:internal/timers:594:17)
    at process.processTimers (node:internal/timers:529:7)
🔗 Background process: Found 1 unconnected nodes in routing table
⏳ Skipping connection to c812afae... - in discovery grace period (5s remaining)
🔄 Checking stale buckets: 11 connected, 11 routing
  ✅ Node 0 successfully retrieved key="key2" value="value2"
  ✅ Node 1 successfully retrieved key="key2" value="value2"
  ✅ Node 2 successfully retrieved key="key2" value="value2"
  ✅ Node 3 successfully retrieved key="key2" value="value2"
  ✅ Node 4 successfully retrieved key="key2" value="value2"
  ✅ Node 5 successfully retrieved key="key2" value="value2"
  ✅ Node 6 successfully retrieved key="key2" value="value2"
  ✅ Node 7 successfully retrieved key="key2" value="value2"
  ✅ Node 8 successfully retrieved key="key2" value="value2"
  ✅ Node 9 successfully retrieved key="key2" value="value2"
  📝 Node 3 storing key="key3" value="value3"
[DHT] 📝 Storing key: key3
Find node query failed for 5516d3b489bc5ebb66513b763e337dbb3dcd74ef: Error: Rate limited: must wait 1s before sending another find_node to 5516d3b489bc5ebb66513b763e337dbb3dcd74ef
    at KademliaDHT.sendFindNode (file:///C:/git/yz.network/src/dht/KademliaDHT.js:2437:13)
    at file:///C:/git/yz.network/src/dht/KademliaDHT.js:2327:39
    at Array.map (<anonymous>)
    at KademliaDHT.findNode (file:///C:/git/yz.network/src/dht/KademliaDHT.js:2322:40)
    at KademliaDHT.store (file:///C:/git/yz.network/src/dht/KademliaDHT.js:2513:37)
    at NodeDHTClient.store (file:///C:/git/yz.network/src/node/NodeDHTClient.js:356:21)
    at file:///C:/git/yz.network/router_claude.js:254:24
    at async runTest (file:///C:/git/yz.network/router_claude.js:183:22)
    at async testDHTOperations (file:///C:/git/yz.network/router_claude.js:249:5)
    at async main (file:///C:/git/yz.network/router_claude.js:434:5)
🔄 Updated existing peer 5516d3b4... in routing table
🔄 Updated existing peer c812afae... in routing table
🔄 Updated existing peer c3f0bfce... in routing table
🔄 Updated existing peer e22310b0... in routing table
🔄 Updated existing peer 9889ebc7... in routing table
🔄 Updated existing peer 95695a49... in routing table
🔄 Updated existing peer 8b9543b3... in routing table
🔄 Updated existing peer 8bf5b846... in routing table
🔄 Updated existing peer b02894e0... in routing table
🔄 Updated existing peer ae48ae5b... in routing table
🔄 Updated existing peer 5516d3b4... in routing table
🔄 Updated existing peer 34d01b98... in routing table
🔄 Updated existing peer c812afae... in routing table
🔄 Updated existing peer c3f0bfce... in routing table
🔄 Updated existing peer e22310b0... in routing table
🔄 Updated existing peer 9889ebc7... in routing table
🔄 Updated existing peer 95695a49... in routing table
🔄 Updated existing peer 8b9543b3... in routing table
🔄 Updated existing peer 8bf5b846... in routing table
🔄 Updated existing peer ae48ae5b... in routing table
Find node query failed for 9889ebc773c7d5b1e8d91ab85a2c03de3d35936e: Error: Rate limited: must wait 1s before sending another find_node to 9889ebc773c7d5b1e8d91ab85a2c03de3d35936e
    at KademliaDHT.sendFindNode (file:///C:/git/yz.network/src/dht/KademliaDHT.js:2437:13)
    at file:///C:/git/yz.network/src/dht/KademliaDHT.js:2327:39
    at Array.map (<anonymous>)
    at KademliaDHT.findNode (file:///C:/git/yz.network/src/dht/KademliaDHT.js:2322:40)
    at process.processTicksAndRejections (node:internal/process/task_queues:105:5)
    at async KademliaDHT.store (file:///C:/git/yz.network/src/dht/KademliaDHT.js:2513:26)
    at async file:///C:/git/yz.network/router_claude.js:254:9
    at async runTest (file:///C:/git/yz.network/router_claude.js:183:22)
    at async testDHTOperations (file:///C:/git/yz.network/router_claude.js:249:5)
    at async main (file:///C:/git/yz.network/router_claude.js:434:5)
Find node query failed for 95695a491b4101a6682f7c9d6d5872867a74d34e: Error: Rate limited: must wait 1s before sending another find_node to 95695a491b4101a6682f7c9d6d5872867a74d34e
    at KademliaDHT.sendFindNode (file:///C:/git/yz.network/src/dht/KademliaDHT.js:2437:13)
    at file:///C:/git/yz.network/src/dht/KademliaDHT.js:2327:39
    at Array.map (<anonymous>)
    at KademliaDHT.findNode (file:///C:/git/yz.network/src/dht/KademliaDHT.js:2322:40)
    at process.processTicksAndRejections (node:internal/process/task_queues:105:5)
    at async KademliaDHT.store (file:///C:/git/yz.network/src/dht/KademliaDHT.js:2513:26)
    at async file:///C:/git/yz.network/router_claude.js:254:9
    at async runTest (file:///C:/git/yz.network/router_claude.js:183:22)
    at async testDHTOperations (file:///C:/git/yz.network/router_claude.js:249:5)
    at async main (file:///C:/git/yz.network/router_claude.js:434:5)
🔄 Updated existing peer 5516d3b4... in routing table
🔄 Updated existing peer 34d01b98... in routing table
🔄 Updated existing peer c812afae... in routing table
🔄 Updated existing peer c3f0bfce... in routing table
🔄 Updated existing peer e22310b0... in routing table
🔄 Updated existing peer 9889ebc7... in routing table
🔄 Updated existing peer 95695a49... in routing table
🔄 Updated existing peer 8b9543b3... in routing table
🔄 Updated existing peer 8bf5b846... in routing table
🔄 Updated existing peer b02894e0... in routing table
🔄 Updated existing peer 5516d3b4... in routing table
🔄 Updated existing peer 34d01b98... in routing table
🔄 Updated existing peer c812afae... in routing table
🔄 Updated existing peer c3f0bfce... in routing table
🔄 Updated existing peer e22310b0... in routing table
🔄 Updated existing peer 9889ebc7... in routing table
🔄 Updated existing peer 95695a49... in routing table
🔄 Updated existing peer 8bf5b846... in routing table
🔄 Updated existing peer b02894e0... in routing table
🔄 Updated existing peer ae48ae5b... in routing table
🔄 Updated existing peer 5516d3b4... in routing table
🔄 Updated existing peer 34d01b98... in routing table
🔄 Updated existing peer c812afae... in routing table
🔄 Updated existing peer c3f0bfce... in routing table
🔄 Updated existing peer e22310b0... in routing table
🔄 Updated existing peer 9889ebc7... in routing table
🔄 Updated existing peer 95695a49... in routing table
🔄 Updated existing peer 8b9543b3... in routing table
🔄 Updated existing peer b02894e0... in routing table
🔄 Updated existing peer ae48ae5b... in routing table
🔄 Updated existing peer 5516d3b4... in routing table
🔄 Updated existing peer 34d01b98... in routing table
🔄 Updated existing peer c812afae... in routing table
🔄 Updated existing peer c3f0bfce... in routing table
🔄 Updated existing peer 9889ebc7... in routing table
🔄 Updated existing peer 95695a49... in routing table
🔄 Updated existing peer 8b9543b3... in routing table
🔄 Updated existing peer 8bf5b846... in routing table
🔄 Updated existing peer b02894e0... in routing table
🔄 Updated existing peer ae48ae5b... in routing table
Find node query failed for c812afaef8e5efbbc18b22df780ccc2ff79c2981: Error: Rate limited: must wait 1s before sending another find_node to c812afaef8e5efbbc18b22df780ccc2ff79c2981
    at KademliaDHT.sendFindNode (file:///C:/git/yz.network/src/dht/KademliaDHT.js:2437:13)
    at file:///C:/git/yz.network/src/dht/KademliaDHT.js:2327:39
    at Array.map (<anonymous>)
    at KademliaDHT.findNode (file:///C:/git/yz.network/src/dht/KademliaDHT.js:2322:40)
    at process.processTicksAndRejections (node:internal/process/task_queues:105:5)
    at async KademliaDHT.store (file:///C:/git/yz.network/src/dht/KademliaDHT.js:2513:26)
    at async file:///C:/git/yz.network/router_claude.js:254:9
    at async runTest (file:///C:/git/yz.network/router_claude.js:183:22)
    at async testDHTOperations (file:///C:/git/yz.network/router_claude.js:249:5)
    at async main (file:///C:/git/yz.network/router_claude.js:434:5)
🔄 Updated existing peer 5516d3b4... in routing table
🔄 Updated existing peer 34d01b98... in routing table
🔄 Updated existing peer c812afae... in routing table
🔄 Updated existing peer e22310b0... in routing table
🔄 Updated existing peer 9889ebc7... in routing table
🔄 Updated existing peer 95695a49... in routing table
🔄 Updated existing peer 8b9543b3... in routing table
🔄 Updated existing peer 8bf5b846... in routing table
🔄 Updated existing peer b02894e0... in routing table
🔄 Updated existing peer ae48ae5b... in routing table
⚠️ Rejecting store request for key3 - node is in passive/observer mode
  ⏳ Waiting 3s for replication...
Find node query failed for 95695a491b4101a6682f7c9d6d5872867a74d34e: Error: Request timeout for find_node
    at Timeout._onTimeout (file:///C:/git/yz.network/src/dht/KademliaDHT.js:3468:16)
    at listOnTimeout (node:internal/timers:594:17)
    at process.processTimers (node:internal/timers:529:7)
Find node query failed for c3f0bfce30c6efe34c40b3008f15901c0c00bd80: Error: Request timeout for find_node
    at Timeout._onTimeout (file:///C:/git/yz.network/src/dht/KademliaDHT.js:3468:16)
    at listOnTimeout (node:internal/timers:594:17)
    at process.processTimers (node:internal/timers:529:7)
🔄 Checking stale buckets: 11 connected, 11 routing
  ✅ Node 0 successfully retrieved key="key3" value="value3"
  ✅ Node 1 successfully retrieved key="key3" value="value3"
  ✅ Node 2 successfully retrieved key="key3" value="value3"
  ✅ Node 3 successfully retrieved key="key3" value="value3"
  ✅ Node 4 successfully retrieved key="key3" value="value3"
  ✅ Node 5 successfully retrieved key="key3" value="value3"
  ✅ Node 6 successfully retrieved key="key3" value="value3"
  ✅ Node 7 successfully retrieved key="key3" value="value3"
  ✅ Node 8 successfully retrieved key="key3" value="value3"
  ✅ Node 9 successfully retrieved key="key3" value="value3"
  📝 Node 4 storing key="key4" value="value4"
[DHT] 📝 Storing key: key4
🔄 Updated existing peer 34d01b98... in routing table
🔄 Updated existing peer 5516d3b4... in routing table
🔄 Updated existing peer 95695a49... in routing table
🔄 Updated existing peer 9889ebc7... in routing table
🔄 Updated existing peer 8bf5b846... in routing table
🔄 Updated existing peer b02894e0... in routing table
🔄 Updated existing peer bd428f05... in routing table
🔄 Updated existing peer ae48ae5b... in routing table
🔄 Updated existing peer c812afae... in routing table
🔄 Updated existing peer e22310b0... in routing table
🔄 Updated existing peer 34d01b98... in routing table
🔄 Updated existing peer 5516d3b4... in routing table
🔄 Updated existing peer 95695a49... in routing table
🔄 Updated existing peer 9889ebc7... in routing table
🔄 Updated existing peer 8bf5b846... in routing table
🔄 Updated existing peer b02894e0... in routing table
🔄 Updated existing peer bd428f05... in routing table
🔄 Updated existing peer ae48ae5b... in routing table
🔄 Updated existing peer c3f0bfce... in routing table
🔄 Updated existing peer e22310b0... in routing table
🔄 Updated existing peer 34d01b98... in routing table
🔄 Updated existing peer 5516d3b4... in routing table
🔄 Updated existing peer 95695a49... in routing table
🔄 Updated existing peer 9889ebc7... in routing table
🔄 Updated existing peer 8bf5b846... in routing table
🔄 Updated existing peer b02894e0... in routing table
🔄 Updated existing peer bd428f05... in routing table
🔄 Updated existing peer ae48ae5b... in routing table
🔄 Updated existing peer c3f0bfce... in routing table
🔄 Updated existing peer c812afae... in routing table
🔄 Updated existing peer 34d01b98... in routing table
🔄 Updated existing peer 5516d3b4... in routing table
🔄 Updated existing peer 95695a49... in routing table
🔄 Updated existing peer 9889ebc7... in routing table
🔄 Updated existing peer b02894e0... in routing table
🔄 Updated existing peer bd428f05... in routing table
🔄 Updated existing peer ae48ae5b... in routing table
🔄 Updated existing peer c3f0bfce... in routing table
🔄 Updated existing peer c812afae... in routing table
🔄 Updated existing peer e22310b0... in routing table
🔄 Updated existing peer 34d01b98... in routing table
🔄 Updated existing peer 5516d3b4... in routing table
🔄 Updated existing peer 9889ebc7... in routing table
🔄 Updated existing peer 8bf5b846... in routing table
🔄 Updated existing peer b02894e0... in routing table
🔄 Updated existing peer bd428f05... in routing table
🔄 Updated existing peer ae48ae5b... in routing table
🔄 Updated existing peer c3f0bfce... in routing table
🔄 Updated existing peer c812afae... in routing table
🔄 Updated existing peer e22310b0... in routing table
🔄 Updated existing peer 34d01b98... in routing table
🔄 Updated existing peer 5516d3b4... in routing table
🔄 Updated existing peer 95695a49... in routing table
🔄 Updated existing peer 8bf5b846... in routing table
🔄 Updated existing peer b02894e0... in routing table
🔄 Updated existing peer bd428f05... in routing table
🔄 Updated existing peer ae48ae5b... in routing table
🔄 Updated existing peer c3f0bfce... in routing table
🔄 Updated existing peer c812afae... in routing table
🔄 Updated existing peer e22310b0... in routing table
🔄 Updated existing peer 34d01b98... in routing table
🔄 Updated existing peer 5516d3b4... in routing table
🔄 Updated existing peer 95695a49... in routing table
🔄 Updated existing peer 9889ebc7... in routing table
🔄 Updated existing peer 8bf5b846... in routing table
🔄 Updated existing peer b02894e0... in routing table
🔄 Updated existing peer bd428f05... in routing table
🔄 Updated existing peer c3f0bfce... in routing table
🔄 Updated existing peer c812afae... in routing table
🔄 Updated existing peer e22310b0... in routing table
🔄 Updated existing peer 34d01b98... in routing table
🔄 Updated existing peer 5516d3b4... in routing table
🔄 Updated existing peer 95695a49... in routing table
🔄 Updated existing peer 9889ebc7... in routing table
🔄 Updated existing peer 8bf5b846... in routing table
🔄 Updated existing peer bd428f05... in routing table
🔄 Updated existing peer ae48ae5b... in routing table
🔄 Updated existing peer c3f0bfce... in routing table
🔄 Updated existing peer c812afae... in routing table
🔄 Updated existing peer e22310b0... in routing table
🔄 Updated existing peer 34d01b98... in routing table
🔄 Updated existing peer 5516d3b4... in routing table
🔄 Updated existing peer 95695a49... in routing table
🔄 Updated existing peer 9889ebc7... in routing table
🔄 Updated existing peer 8bf5b846... in routing table
🔄 Updated existing peer b02894e0... in routing table
🔄 Updated existing peer ae48ae5b... in routing table
🔄 Updated existing peer c3f0bfce... in routing table
🔄 Updated existing peer c812afae... in routing table
🔄 Updated existing peer e22310b0... in routing table
🔄 Updated existing peer 34d01b98... in routing table
🔄 Updated existing peer 95695a49... in routing table
🔄 Updated existing peer 9889ebc7... in routing table
🔄 Updated existing peer 8bf5b846... in routing table
🔄 Updated existing peer b02894e0... in routing table
🔄 Updated existing peer bd428f05... in routing table
🔄 Updated existing peer ae48ae5b... in routing table
🔄 Updated existing peer c3f0bfce... in routing table
🔄 Updated existing peer c812afae... in routing table
🔄 Updated existing peer e22310b0... in routing table
🔄 Updated existing peer 5516d3b4... in routing table
🔄 Updated existing peer 95695a49... in routing table
🔄 Updated existing peer 9889ebc7... in routing table
🔄 Updated existing peer 8bf5b846... in routing table
🔄 Updated existing peer b02894e0... in routing table
🔄 Updated existing peer bd428f05... in routing table
🔄 Updated existing peer ae48ae5b... in routing table
🔄 Updated existing peer c3f0bfce... in routing table
🔄 Updated existing peer c812afae... in routing table
🔄 Updated existing peer e22310b0... in routing table
⚠️ Rejecting store request for key4 - node is in passive/observer mode
  ⏳ Waiting 3s for replication...
🔗 Attempting connection to routing table entry: e22310b0... (0 previous failures)
🔗 Connecting to peer e22310b0...
🔗 Creating CLIENT connection manager for outgoing connection to e22310b0...
🌐 Creating WebSocketConnectionManager for nodejs→nodejs
🔗 WebSocketConnectionManager initialized with node ID: c812afaef8e5efbbc18b22df780ccc2ff79c2981
🔗 Event handler attached to WebSocketConnectionManager for e22310b0
⏳ Waiting for WebSocket initialization...
🌐 Initialized Node.js WebSocket support
🔗 WebSocket connection: nodejs → nodejs
🌐 Creating WebSocket connection to e22310b0... at ws://localhost:62668
🔗 Incoming WebSocket connection from 127.0.0.1
🔗 DHT received peerConnected: c812afae... (via WebSocketConnectionManager)
🔄 Node c812afae... already exists in routing table
🔗 Setting up connection for existing node c812afae...
🔗 DHT received peerConnected: e22310b0... (via WebSocketConnectionManager)
🔄 Node e22310b0... already exists in routing table
🔗 Setting up connection for existing node e22310b0...
🔄 Checking stale buckets: 11 connected, 11 routing
  ✅ Node 0 successfully retrieved key="key4" value="value4"
  ✅ Node 1 successfully retrieved key="key4" value="value4"
  ✅ Node 2 successfully retrieved key="key4" value="value4"
  ✅ Node 3 successfully retrieved key="key4" value="value4"
  ✅ Node 4 successfully retrieved key="key4" value="value4"
  ✅ Node 5 successfully retrieved key="key4" value="value4"
  ✅ Node 6 successfully retrieved key="key4" value="value4"
  ✅ Node 7 successfully retrieved key="key4" value="value4"
  ✅ Node 8 successfully retrieved key="key4" value="value4"
  ✅ Node 9 successfully retrieved key="key4" value="value4"
  📝 Node 5 storing key="key5" value="value5"
[DHT] 📝 Storing key: key5
🔄 Updated existing peer 34d01b98... in routing table
🔄 Updated existing peer 5516d3b4... in routing table
🔄 Updated existing peer 9889ebc7... in routing table
🔄 Updated existing peer 95695a49... in routing table
🔄 Updated existing peer 8b9543b3... in routing table
🔄 Updated existing peer 8bf5b846... in routing table
🔄 Updated existing peer bd428f05... in routing table
🔄 Updated existing peer b02894e0... in routing table
🔄 Updated existing peer c3f0bfce... in routing table
🔄 Updated existing peer e22310b0... in routing table
🔄 Updated existing peer 34d01b98... in routing table
🔄 Updated existing peer 5516d3b4... in routing table
🔄 Updated existing peer 9889ebc7... in routing table
🔄 Updated existing peer 95695a49... in routing table
🔄 Updated existing peer 8b9543b3... in routing table
🔄 Updated existing peer 8bf5b846... in routing table
🔄 Updated existing peer b02894e0... in routing table
🔄 Updated existing peer ae48ae5b... in routing table
🔄 Updated existing peer c3f0bfce... in routing table
🔄 Updated existing peer e22310b0... in routing table
🔄 Updated existing peer 34d01b98... in routing table
🔄 Updated existing peer 5516d3b4... in routing table
🔄 Updated existing peer 9889ebc7... in routing table
🔄 Updated existing peer 95695a49... in routing table
🔄 Updated existing peer 8b9543b3... in routing table
🔄 Updated existing peer 8bf5b846... in routing table
🔄 Updated existing peer bd428f05... in routing table
🔄 Updated existing peer ae48ae5b... in routing table
🔄 Updated existing peer c3f0bfce... in routing table
🔄 Updated existing peer e22310b0... in routing table
🔄 Updated existing peer 34d01b98... in routing table
🔄 Updated existing peer 5516d3b4... in routing table
🔄 Updated existing peer 9889ebc7... in routing table
🔄 Updated existing peer 95695a49... in routing table
🔄 Updated existing peer 8bf5b846... in routing table
🔄 Updated existing peer bd428f05... in routing table
🔄 Updated existing peer b02894e0... in routing table
🔄 Updated existing peer ae48ae5b... in routing table
🔄 Updated existing peer c3f0bfce... in routing table
🔄 Updated existing peer e22310b0... in routing table
🔄 Updated existing peer 34d01b98... in routing table
🔄 Updated existing peer 5516d3b4... in routing table
🔄 Updated existing peer 9889ebc7... in routing table
🔄 Updated existing peer 95695a49... in routing table
🔄 Updated existing peer 8b9543b3... in routing table
🔄 Updated existing peer bd428f05... in routing table
🔄 Updated existing peer b02894e0... in routing table
🔄 Updated existing peer ae48ae5b... in routing table
🔄 Updated existing peer c3f0bfce... in routing table
🔄 Updated existing peer e22310b0... in routing table
🔄 Updated existing peer 34d01b98... in routing table
🔄 Updated existing peer 5516d3b4... in routing table
🔄 Updated existing peer 95695a49... in routing table
🔄 Updated existing peer 8b9543b3... in routing table
🔄 Updated existing peer 8bf5b846... in routing table
🔄 Updated existing peer bd428f05... in routing table
🔄 Updated existing peer b02894e0... in routing table
🔄 Updated existing peer ae48ae5b... in routing table
🔄 Updated existing peer c3f0bfce... in routing table
🔄 Updated existing peer e22310b0... in routing table
🔄 Updated existing peer 34d01b98... in routing table
🔄 Updated existing peer 5516d3b4... in routing table
🔄 Updated existing peer 9889ebc7... in routing table
🔄 Updated existing peer 8b9543b3... in routing table
🔄 Updated existing peer 8bf5b846... in routing table
🔄 Updated existing peer bd428f05... in routing table
🔄 Updated existing peer b02894e0... in routing table
🔄 Updated existing peer ae48ae5b... in routing table
🔄 Updated existing peer c3f0bfce... in routing table
🔄 Updated existing peer e22310b0... in routing table
🔄 Updated existing peer 34d01b98... in routing table
🔄 Updated existing peer 5516d3b4... in routing table
🔄 Updated existing peer 9889ebc7... in routing table
🔄 Updated existing peer 95695a49... in routing table
🔄 Updated existing peer 8b9543b3... in routing table
🔄 Updated existing peer 8bf5b846... in routing table
🔄 Updated existing peer bd428f05... in routing table
🔄 Updated existing peer b02894e0... in routing table
🔄 Updated existing peer ae48ae5b... in routing table
🔄 Updated existing peer c3f0bfce... in routing table
🔄 Updated existing peer 34d01b98... in routing table
🔄 Updated existing peer 5516d3b4... in routing table
🔄 Updated existing peer 9889ebc7... in routing table
🔄 Updated existing peer 95695a49... in routing table
🔄 Updated existing peer 8b9543b3... in routing table
🔄 Updated existing peer 8bf5b846... in routing table
🔄 Updated existing peer bd428f05... in routing table
🔄 Updated existing peer b02894e0... in routing table
🔄 Updated existing peer ae48ae5b... in routing table
🔄 Updated existing peer e22310b0... in routing table
🔄 Updated existing peer 5516d3b4... in routing table
🔄 Updated existing peer 9889ebc7... in routing table
🔄 Updated existing peer 95695a49... in routing table
🔄 Updated existing peer 8b9543b3... in routing table
🔄 Updated existing peer 8bf5b846... in routing table
🔄 Updated existing peer bd428f05... in routing table
🔄 Updated existing peer b02894e0... in routing table
🔄 Updated existing peer ae48ae5b... in routing table
🔄 Updated existing peer c3f0bfce... in routing table
🔄 Updated existing peer e22310b0... in routing table
🔄 Updated existing peer 34d01b98... in routing table
🔄 Updated existing peer 9889ebc7... in routing table
🔄 Updated existing peer 95695a49... in routing table
🔄 Updated existing peer 8b9543b3... in routing table
🔄 Updated existing peer 8bf5b846... in routing table
🔄 Updated existing peer bd428f05... in routing table
🔄 Updated existing peer b02894e0... in routing table
🔄 Updated existing peer ae48ae5b... in routing table
🔄 Updated existing peer c3f0bfce... in routing table
🔄 Updated existing peer e22310b0... in routing table
  ⏳ Waiting 3s for replication...
🔄 Checking stale buckets: 11 connected, 11 routing
  ✅ Node 0 successfully retrieved key="key5" value="value5"
  ✅ Node 1 successfully retrieved key="key5" value="value5"
  ✅ Node 2 successfully retrieved key="key5" value="value5"
  ✅ Node 3 successfully retrieved key="key5" value="value5"
  ✅ Node 4 successfully retrieved key="key5" value="value5"
  ✅ Node 5 successfully retrieved key="key5" value="value5"
  ✅ Node 6 successfully retrieved key="key5" value="value5"
  ✅ Node 7 successfully retrieved key="key5" value="value5"
  ✅ Node 8 successfully retrieved key="key5" value="value5"
  ✅ Node 9 successfully retrieved key="key5" value="value5"
  📝 Node 6 storing key="key6" value="value6"
[DHT] 📝 Storing key: key6
🔄 Updated existing peer c812afae... in routing table
🔄 Updated existing peer c3f0bfce... in routing table
🔄 Updated existing peer ae48ae5b... in routing table
🔄 Updated existing peer bd428f05... in routing table
🔄 Updated existing peer b02894e0... in routing table
🔄 Updated existing peer 8b9543b3... in routing table
🔄 Updated existing peer 8bf5b846... in routing table
🔄 Updated existing peer 9889ebc7... in routing table
🔄 Updated existing peer 95695a49... in routing table
🔄 Updated existing peer 34d01b98... in routing table
🔄 Updated existing peer c812afae... in routing table
🔄 Updated existing peer c3f0bfce... in routing table
🔄 Updated existing peer ae48ae5b... in routing table
🔄 Updated existing peer bd428f05... in routing table
🔄 Updated existing peer b02894e0... in routing table
🔄 Updated existing peer 8b9543b3... in routing table
🔄 Updated existing peer 8bf5b846... in routing table
🔄 Updated existing peer 9889ebc7... in routing table
🔄 Updated existing peer 95695a49... in routing table
🔄 Updated existing peer 5516d3b4... in routing table
🔄 Updated existing peer c3f0bfce... in routing table
🔄 Updated existing peer ae48ae5b... in routing table
🔄 Updated existing peer bd428f05... in routing table
🔄 Updated existing peer b02894e0... in routing table
🔄 Updated existing peer 8b9543b3... in routing table
🔄 Updated existing peer 8bf5b846... in routing table
🔄 Updated existing peer 9889ebc7... in routing table
🔄 Updated existing peer 95695a49... in routing table
🔄 Updated existing peer 5516d3b4... in routing table
🔄 Updated existing peer 34d01b98... in routing table
🔄 Updated existing peer c812afae... in routing table
🔄 Updated existing peer ae48ae5b... in routing table
🔄 Updated existing peer bd428f05... in routing table
🔄 Updated existing peer b02894e0... in routing table
🔄 Updated existing peer 8b9543b3... in routing table
🔄 Updated existing peer 8bf5b846... in routing table
🔄 Updated existing peer 9889ebc7... in routing table
🔄 Updated existing peer 95695a49... in routing table
🔄 Updated existing peer 5516d3b4... in routing table
🔄 Updated existing peer 34d01b98... in routing table
🔄 Updated existing peer c812afae... in routing table
🔄 Updated existing peer c3f0bfce... in routing table
🔄 Updated existing peer bd428f05... in routing table
🔄 Updated existing peer b02894e0... in routing table
🔄 Updated existing peer 8b9543b3... in routing table
🔄 Updated existing peer 8bf5b846... in routing table
🔄 Updated existing peer 9889ebc7... in routing table
🔄 Updated existing peer 95695a49... in routing table
🔄 Updated existing peer 5516d3b4... in routing table
🔄 Updated existing peer 34d01b98... in routing table
🔄 Updated existing peer c812afae... in routing table
🔄 Updated existing peer c3f0bfce... in routing table
🔄 Updated existing peer ae48ae5b... in routing table
🔄 Updated existing peer b02894e0... in routing table
🔄 Updated existing peer 8b9543b3... in routing table
🔄 Updated existing peer 8bf5b846... in routing table
🔄 Updated existing peer 9889ebc7... in routing table
🔄 Updated existing peer 95695a49... in routing table
🔄 Updated existing peer 5516d3b4... in routing table
🔄 Updated existing peer 34d01b98... in routing table
🔄 Updated existing peer c812afae... in routing table
🔄 Updated existing peer c3f0bfce... in routing table
🔄 Updated existing peer ae48ae5b... in routing table
🔄 Updated existing peer bd428f05... in routing table
🔄 Updated existing peer 8b9543b3... in routing table
🔄 Updated existing peer 8bf5b846... in routing table
🔄 Updated existing peer 9889ebc7... in routing table
🔄 Updated existing peer 95695a49... in routing table
🔄 Updated existing peer 5516d3b4... in routing table
🔄 Updated existing peer 34d01b98... in routing table
🔄 Updated existing peer c812afae... in routing table
🔄 Updated existing peer c3f0bfce... in routing table
🔄 Updated existing peer ae48ae5b... in routing table
🔄 Updated existing peer bd428f05... in routing table
🔄 Updated existing peer b02894e0... in routing table
🔄 Updated existing peer 8b9543b3... in routing table
🔄 Updated existing peer 9889ebc7... in routing table
🔄 Updated existing peer 95695a49... in routing table
🔄 Updated existing peer 5516d3b4... in routing table
🔄 Updated existing peer 34d01b98... in routing table
🔄 Updated existing peer c812afae... in routing table
🔄 Updated existing peer c3f0bfce... in routing table
🔄 Updated existing peer ae48ae5b... in routing table
🔄 Updated existing peer bd428f05... in routing table
🔄 Updated existing peer b02894e0... in routing table
🔄 Updated existing peer 8bf5b846... in routing table
🔄 Updated existing peer 9889ebc7... in routing table
🔄 Updated existing peer 95695a49... in routing table
🔄 Updated existing peer 5516d3b4... in routing table
🔄 Updated existing peer 34d01b98... in routing table
🔄 Updated existing peer c812afae... in routing table
🔄 Updated existing peer c3f0bfce... in routing table
🔄 Updated existing peer ae48ae5b... in routing table
🔄 Updated existing peer bd428f05... in routing table
🔄 Updated existing peer b02894e0... in routing table
🔄 Updated existing peer 8b9543b3... in routing table
🔄 Updated existing peer 8bf5b846... in routing table
🔄 Updated existing peer 95695a49... in routing table
🔄 Updated existing peer 5516d3b4... in routing table
🔄 Updated existing peer 34d01b98... in routing table
🔄 Updated existing peer c812afae... in routing table
🔄 Updated existing peer c3f0bfce... in routing table
🔄 Updated existing peer ae48ae5b... in routing table
🔄 Updated existing peer bd428f05... in routing table
🔄 Updated existing peer b02894e0... in routing table
🔄 Updated existing peer 8b9543b3... in routing table
🔄 Updated existing peer 8bf5b846... in routing table
🔄 Updated existing peer 9889ebc7... in routing table
🔄 Updated existing peer 5516d3b4... in routing table
🔄 Updated existing peer 34d01b98... in routing table
⚠️ Rejecting store request for key6 - node is in passive/observer mode
  ⏳ Waiting 3s for replication...
  ✅ Node 0 successfully retrieved key="key6" value="value6"
  ✅ Node 1 successfully retrieved key="key6" value="value6"
  ✅ Node 2 successfully retrieved key="key6" value="value6"
  ✅ Node 3 successfully retrieved key="key6" value="value6"
  ✅ Node 4 successfully retrieved key="key6" value="value6"
  ✅ Node 5 successfully retrieved key="key6" value="value6"
  ✅ Node 6 successfully retrieved key="key6" value="value6"
  ✅ Node 7 successfully retrieved key="key6" value="value6"
  ✅ Node 8 successfully retrieved key="key6" value="value6"
  ✅ Node 9 successfully retrieved key="key6" value="value6"
  📝 Node 7 storing key="key7" value="value7"
[DHT] 📝 Storing key: key7
🔄 Updated existing peer ae48ae5b... in routing table
🔄 Updated existing peer b02894e0... in routing table
🔄 Updated existing peer bd428f05... in routing table
🔄 Updated existing peer 8b9543b3... in routing table
🔄 Updated existing peer 8bf5b846... in routing table
🔄 Updated existing peer 95695a49... in routing table
🔄 Updated existing peer 9889ebc7... in routing table
🔄 Updated existing peer e22310b0... in routing table
🔄 Updated existing peer c3f0bfce... in routing table
🔄 Updated existing peer c812afae... in routing table
🔄 Updated existing peer 5516d3b4... in routing table
🔄 Updated existing peer ae48ae5b... in routing table
🔄 Updated existing peer b02894e0... in routing table
🔄 Updated existing peer bd428f05... in routing table
🔄 Updated existing peer 8b9543b3... in routing table
🔄 Updated existing peer 95695a49... in routing table
🔄 Updated existing peer 9889ebc7... in routing table
🔄 Updated existing peer e22310b0... in routing table
🔄 Updated existing peer c3f0bfce... in routing table
🔄 Updated existing peer c812afae... in routing table
🔄 Updated existing peer 5516d3b4... in routing table
🔄 Updated existing peer ae48ae5b... in routing table
🔄 Updated existing peer b02894e0... in routing table
🔄 Updated existing peer bd428f05... in routing table
🔄 Updated existing peer 8bf5b846... in routing table
🔄 Updated existing peer 95695a49... in routing table
🔄 Updated existing peer 9889ebc7... in routing table
🔄 Updated existing peer e22310b0... in routing table
🔄 Updated existing peer c3f0bfce... in routing table
🔄 Updated existing peer c812afae... in routing table
🔄 Updated existing peer 5516d3b4... in routing table
🔄 Updated existing peer ae48ae5b... in routing table
🔄 Updated existing peer b02894e0... in routing table
🔄 Updated existing peer bd428f05... in routing table
🔄 Updated existing peer 8b9543b3... in routing table
🔄 Updated existing peer 8bf5b846... in routing table
🔄 Updated existing peer 9889ebc7... in routing table
🔄 Updated existing peer e22310b0... in routing table
🔄 Updated existing peer c3f0bfce... in routing table
🔄 Updated existing peer c812afae... in routing table
🔄 Updated existing peer 5516d3b4... in routing table
🔄 Updated existing peer ae48ae5b... in routing table
🔄 Updated existing peer b02894e0... in routing table
🔄 Updated existing peer bd428f05... in routing table
🔄 Updated existing peer 8b9543b3... in routing table
🔄 Updated existing peer 8bf5b846... in routing table
🔄 Updated existing peer 95695a49... in routing table
🔄 Updated existing peer e22310b0... in routing table
🔄 Updated existing peer c3f0bfce... in routing table
🔄 Updated existing peer c812afae... in routing table
🔄 Updated existing peer 5516d3b4... in routing table
🔄 Updated existing peer b02894e0... in routing table
🔄 Updated existing peer bd428f05... in routing table
🔄 Updated existing peer 8b9543b3... in routing table
🔄 Updated existing peer 8bf5b846... in routing table
🔄 Updated existing peer 95695a49... in routing table
🔄 Updated existing peer 9889ebc7... in routing table
🔄 Updated existing peer e22310b0... in routing table
🔄 Updated existing peer c3f0bfce... in routing table
🔄 Updated existing peer c812afae... in routing table
🔄 Updated existing peer 5516d3b4... in routing table
🔄 Updated existing peer ae48ae5b... in routing table
🔄 Updated existing peer bd428f05... in routing table
🔄 Updated existing peer 8b9543b3... in routing table
🔄 Updated existing peer 8bf5b846... in routing table
🔄 Updated existing peer 95695a49... in routing table
🔄 Updated existing peer 9889ebc7... in routing table
🔄 Updated existing peer e22310b0... in routing table
🔄 Updated existing peer c3f0bfce... in routing table
🔄 Updated existing peer c812afae... in routing table
🔄 Updated existing peer 5516d3b4... in routing table
🔄 Updated existing peer ae48ae5b... in routing table
🔄 Updated existing peer b02894e0... in routing table
🔄 Updated existing peer 8b9543b3... in routing table
🔄 Updated existing peer 8bf5b846... in routing table
🔄 Updated existing peer 95695a49... in routing table
🔄 Updated existing peer 9889ebc7... in routing table
🔄 Updated existing peer e22310b0... in routing table
🔄 Updated existing peer c3f0bfce... in routing table
🔄 Updated existing peer c812afae... in routing table
🔄 Updated existing peer 5516d3b4... in routing table
🔄 Updated existing peer ae48ae5b... in routing table
🔄 Updated existing peer b02894e0... in routing table
🔄 Updated existing peer bd428f05... in routing table
🔄 Updated existing peer 8b9543b3... in routing table
🔄 Updated existing peer 8bf5b846... in routing table
🔄 Updated existing peer 95695a49... in routing table
🔄 Updated existing peer 9889ebc7... in routing table
🔄 Updated existing peer e22310b0... in routing table
🔄 Updated existing peer c812afae... in routing table
🔄 Updated existing peer 5516d3b4... in routing table
🔄 Updated existing peer ae48ae5b... in routing table
🔄 Updated existing peer b02894e0... in routing table
🔄 Updated existing peer bd428f05... in routing table
🔄 Updated existing peer 8b9543b3... in routing table
🔄 Updated existing peer 8bf5b846... in routing table
🔄 Updated existing peer 95695a49... in routing table
🔄 Updated existing peer 9889ebc7... in routing table
🔄 Updated existing peer e22310b0... in routing table
🔄 Updated existing peer c3f0bfce... in routing table
🔄 Updated existing peer 5516d3b4... in routing table
🔄 Updated existing peer ae48ae5b... in routing table
🔄 Updated existing peer b02894e0... in routing table
🔄 Updated existing peer bd428f05... in routing table
🔄 Updated existing peer 8b9543b3... in routing table
🔄 Updated existing peer 8bf5b846... in routing table
🔄 Updated existing peer 95695a49... in routing table
🔄 Updated existing peer 9889ebc7... in routing table
🔄 Updated existing peer c3f0bfce... in routing table
🔄 Updated existing peer c812afae... in routing table
⚠️ Rejecting store request for key7 - node is in passive/observer mode
  ⏳ Waiting 3s for replication...
  ✅ Node 0 successfully retrieved key="key7" value="value7"
  ✅ Node 1 successfully retrieved key="key7" value="value7"
  ✅ Node 2 successfully retrieved key="key7" value="value7"
  ✅ Node 3 successfully retrieved key="key7" value="value7"
  ✅ Node 4 successfully retrieved key="key7" value="value7"
  ✅ Node 5 successfully retrieved key="key7" value="value7"
  ✅ Node 6 successfully retrieved key="key7" value="value7"
  ✅ Node 7 successfully retrieved key="key7" value="value7"
  ✅ Node 8 successfully retrieved key="key7" value="value7"
  ✅ Node 9 successfully retrieved key="key7" value="value7"
  📝 Node 8 storing key="key8" value="value8"
[DHT] 📝 Storing key: key8
🔄 Updated existing peer e22310b0... in routing table
🔄 Updated existing peer c812afae... in routing table
🔄 Updated existing peer c3f0bfce... in routing table
🔄 Updated existing peer ae48ae5b... in routing table
🔄 Updated existing peer bd428f05... in routing table
🔄 Updated existing peer b02894e0... in routing table
🔄 Updated existing peer 8b9543b3... in routing table
🔄 Updated existing peer 9889ebc7... in routing table
🔄 Updated existing peer 95695a49... in routing table
🔄 Updated existing peer 34d01b98... in routing table
🔄 Updated existing peer e22310b0... in routing table
🔄 Updated existing peer c812afae... in routing table
🔄 Updated existing peer c3f0bfce... in routing table
🔄 Updated existing peer ae48ae5b... in routing table
🔄 Updated existing peer bd428f05... in routing table
🔄 Updated existing peer b02894e0... in routing table
🔄 Updated existing peer 8b9543b3... in routing table
🔄 Updated existing peer 9889ebc7... in routing table
🔄 Updated existing peer 95695a49... in routing table
🔄 Updated existing peer 5516d3b4... in routing table
🔄 Updated existing peer e22310b0... in routing table
🔄 Updated existing peer c3f0bfce... in routing table
🔄 Updated existing peer ae48ae5b... in routing table
🔄 Updated existing peer bd428f05... in routing table
🔄 Updated existing peer b02894e0... in routing table
🔄 Updated existing peer 8b9543b3... in routing table
🔄 Updated existing peer 9889ebc7... in routing table
🔄 Updated existing peer 95695a49... in routing table
🔄 Updated existing peer 5516d3b4... in routing table
🔄 Updated existing peer 34d01b98... in routing table
🔄 Updated existing peer e22310b0... in routing table
🔄 Updated existing peer c812afae... in routing table
🔄 Updated existing peer ae48ae5b... in routing table
🔄 Updated existing peer bd428f05... in routing table
🔄 Updated existing peer b02894e0... in routing table
🔄 Updated existing peer 8b9543b3... in routing table
🔄 Updated existing peer 9889ebc7... in routing table
🔄 Updated existing peer 95695a49... in routing table
🔄 Updated existing peer 5516d3b4... in routing table
🔄 Updated existing peer 34d01b98... in routing table
🔄 Updated existing peer c812afae... in routing table
🔄 Updated existing peer c3f0bfce... in routing table
🔄 Updated existing peer ae48ae5b... in routing table
🔄 Updated existing peer bd428f05... in routing table
🔄 Updated existing peer b02894e0... in routing table
🔄 Updated existing peer 8b9543b3... in routing table
🔄 Updated existing peer 9889ebc7... in routing table
🔄 Updated existing peer 95695a49... in routing table
🔄 Updated existing peer 5516d3b4... in routing table
🔄 Updated existing peer 34d01b98... in routing table
🔄 Updated existing peer e22310b0... in routing table
🔄 Updated existing peer c812afae... in routing table
🔄 Updated existing peer c3f0bfce... in routing table
🔄 Updated existing peer ae48ae5b... in routing table
🔄 Updated existing peer bd428f05... in routing table
🔄 Updated existing peer b02894e0... in routing table
🔄 Updated existing peer 9889ebc7... in routing table
🔄 Updated existing peer 95695a49... in routing table
🔄 Updated existing peer 5516d3b4... in routing table
🔄 Updated existing peer 34d01b98... in routing table
🔄 Updated existing peer e22310b0... in routing table
🔄 Updated existing peer c812afae... in routing table
🔄 Updated existing peer c3f0bfce... in routing table
🔄 Updated existing peer ae48ae5b... in routing table
🔄 Updated existing peer bd428f05... in routing table
🔄 Updated existing peer b02894e0... in routing table
🔄 Updated existing peer 8b9543b3... in routing table
🔄 Updated existing peer 95695a49... in routing table
🔄 Updated existing peer 5516d3b4... in routing table
🔄 Updated existing peer 34d01b98... in routing table
🔄 Updated existing peer e22310b0... in routing table
🔄 Updated existing peer c812afae... in routing table
🔄 Updated existing peer c3f0bfce... in routing table
🔄 Updated existing peer ae48ae5b... in routing table
🔄 Updated existing peer bd428f05... in routing table
🔄 Updated existing peer b02894e0... in routing table
🔄 Updated existing peer 8b9543b3... in routing table
🔄 Updated existing peer 9889ebc7... in routing table
🔄 Updated existing peer 5516d3b4... in routing table
🔄 Updated existing peer 34d01b98... in routing table
🔄 Updated existing peer e22310b0... in routing table
🔄 Updated existing peer c812afae... in routing table
🔄 Updated existing peer c3f0bfce... in routing table
🔄 Updated existing peer bd428f05... in routing table
🔄 Updated existing peer b02894e0... in routing table
🔄 Updated existing peer 8b9543b3... in routing table
🔄 Updated existing peer 9889ebc7... in routing table
🔄 Updated existing peer 95695a49... in routing table
🔄 Updated existing peer 5516d3b4... in routing table
🔄 Updated existing peer 34d01b98... in routing table
🔄 Updated existing peer e22310b0... in routing table
🔄 Updated existing peer c812afae... in routing table
🔄 Updated existing peer c3f0bfce... in routing table
🔄 Updated existing peer ae48ae5b... in routing table
🔄 Updated existing peer b02894e0... in routing table
🔄 Updated existing peer 8b9543b3... in routing table
🔄 Updated existing peer 9889ebc7... in routing table
🔄 Updated existing peer 95695a49... in routing table
🔄 Updated existing peer 5516d3b4... in routing table
🔄 Updated existing peer 34d01b98... in routing table
🔄 Updated existing peer e22310b0... in routing table
🔄 Updated existing peer c812afae... in routing table
🔄 Updated existing peer c3f0bfce... in routing table
🔄 Updated existing peer ae48ae5b... in routing table
🔄 Updated existing peer bd428f05... in routing table
🔄 Updated existing peer 8b9543b3... in routing table
🔄 Updated existing peer 9889ebc7... in routing table
🔄 Updated existing peer 95695a49... in routing table
🔄 Updated existing peer 5516d3b4... in routing table
🔄 Updated existing peer 34d01b98... in routing table
⚠️ Rejecting store request for key8 - node is in passive/observer mode
  ⏳ Waiting 3s for replication...
  ✅ Node 0 successfully retrieved key="key8" value="value8"
  ✅ Node 1 successfully retrieved key="key8" value="value8"
  ✅ Node 2 successfully retrieved key="key8" value="value8"
  ✅ Node 3 successfully retrieved key="key8" value="value8"
  ✅ Node 4 successfully retrieved key="key8" value="value8"
  ✅ Node 5 successfully retrieved key="key8" value="value8"
  ✅ Node 6 successfully retrieved key="key8" value="value8"
  ✅ Node 7 successfully retrieved key="key8" value="value8"
  ✅ Node 8 successfully retrieved key="key8" value="value8"
  ✅ Node 9 successfully retrieved key="key8" value="value8"
  📝 Node 9 storing key="key9" value="value9"
[DHT] 📝 Storing key: key9
🔄 Updated existing peer ae48ae5b... in routing table
🔄 Updated existing peer bd428f05... in routing table
🔄 Updated existing peer 8bf5b846... in routing table
🔄 Updated existing peer 8b9543b3... in routing table
🔄 Updated existing peer 95695a49... in routing table
🔄 Updated existing peer 9889ebc7... in routing table
🔄 Updated existing peer e22310b0... in routing table
🔄 Updated existing peer c812afae... in routing table
🔄 Updated existing peer 34d01b98... in routing table
🔄 Updated existing peer 5516d3b4... in routing table
🔄 Updated existing peer ae48ae5b... in routing table
🔄 Updated existing peer bd428f05... in routing table
🔄 Updated existing peer 8bf5b846... in routing table
🔄 Updated existing peer 8b9543b3... in routing table
🔄 Updated existing peer 95695a49... in routing table
🔄 Updated existing peer 9889ebc7... in routing table
🔄 Updated existing peer e22310b0... in routing table
🔄 Updated existing peer c3f0bfce... in routing table
🔄 Updated existing peer 34d01b98... in routing table
🔄 Updated existing peer 5516d3b4... in routing table
🔄 Updated existing peer ae48ae5b... in routing table
🔄 Updated existing peer bd428f05... in routing table
🔄 Updated existing peer 8bf5b846... in routing table
🔄 Updated existing peer 8b9543b3... in routing table
🔄 Updated existing peer 95695a49... in routing table
🔄 Updated existing peer 9889ebc7... in routing table
🔄 Updated existing peer c3f0bfce... in routing table
🔄 Updated existing peer c812afae... in routing table
🔄 Updated existing peer 34d01b98... in routing table
🔄 Updated existing peer 5516d3b4... in routing table
🔄 Updated existing peer ae48ae5b... in routing table
🔄 Updated existing peer bd428f05... in routing table
🔄 Updated existing peer 8bf5b846... in routing table
🔄 Updated existing peer 8b9543b3... in routing table
🔄 Updated existing peer 9889ebc7... in routing table
🔄 Updated existing peer e22310b0... in routing table
🔄 Updated existing peer c3f0bfce... in routing table
🔄 Updated existing peer c812afae... in routing table
🔄 Updated existing peer 34d01b98... in routing table
🔄 Updated existing peer 5516d3b4... in routing table
🔄 Updated existing peer ae48ae5b... in routing table
🔄 Updated existing peer bd428f05... in routing table
🔄 Updated existing peer 8bf5b846... in routing table
🔄 Updated existing peer 8b9543b3... in routing table
🔄 Updated existing peer 95695a49... in routing table
🔄 Updated existing peer e22310b0... in routing table
🔄 Updated existing peer c3f0bfce... in routing table
🔄 Updated existing peer c812afae... in routing table
🔄 Updated existing peer 34d01b98... in routing table
🔄 Updated existing peer 5516d3b4... in routing table
🔄 Updated existing peer ae48ae5b... in routing table
🔄 Updated existing peer bd428f05... in routing table
🔄 Updated existing peer 8bf5b846... in routing table
🔄 Updated existing peer 95695a49... in routing table
🔄 Updated existing peer 9889ebc7... in routing table
🔄 Updated existing peer e22310b0... in routing table
🔄 Updated existing peer c3f0bfce... in routing table
🔄 Updated existing peer c812afae... in routing table
🔄 Updated existing peer 34d01b98... in routing table
🔄 Updated existing peer 5516d3b4... in routing table
🔄 Updated existing peer ae48ae5b... in routing table
🔄 Updated existing peer bd428f05... in routing table
🔄 Updated existing peer 8b9543b3... in routing table
🔄 Updated existing peer 95695a49... in routing table
🔄 Updated existing peer 9889ebc7... in routing table
🔄 Updated existing peer e22310b0... in routing table
🔄 Updated existing peer c3f0bfce... in routing table
🔄 Updated existing peer c812afae... in routing table
🔄 Updated existing peer 34d01b98... in routing table
🔄 Updated existing peer 5516d3b4... in routing table
🔄 Updated existing peer ae48ae5b... in routing table
🔄 Updated existing peer 8bf5b846... in routing table
🔄 Updated existing peer 8b9543b3... in routing table
🔄 Updated existing peer 95695a49... in routing table
🔄 Updated existing peer 9889ebc7... in routing table
🔄 Updated existing peer e22310b0... in routing table
🔄 Updated existing peer c3f0bfce... in routing table
🔄 Updated existing peer c812afae... in routing table
🔄 Updated existing peer 34d01b98... in routing table
🔄 Updated existing peer 5516d3b4... in routing table
🔄 Updated existing peer bd428f05... in routing table
🔄 Updated existing peer 8bf5b846... in routing table
🔄 Updated existing peer 8b9543b3... in routing table
🔄 Updated existing peer 95695a49... in routing table
🔄 Updated existing peer 9889ebc7... in routing table
🔄 Updated existing peer e22310b0... in routing table
🔄 Updated existing peer c3f0bfce... in routing table
🔄 Updated existing peer c812afae... in routing table
🔄 Updated existing peer 34d01b98... in routing table
🔄 Updated existing peer 5516d3b4... in routing table
🔄 Updated existing peer ae48ae5b... in routing table
🔄 Updated existing peer bd428f05... in routing table
🔄 Updated existing peer 8bf5b846... in routing table
🔄 Updated existing peer 8b9543b3... in routing table
🔄 Updated existing peer 95695a49... in routing table
🔄 Updated existing peer 9889ebc7... in routing table
🔄 Updated existing peer e22310b0... in routing table
🔄 Updated existing peer c3f0bfce... in routing table
🔄 Updated existing peer c812afae... in routing table
🔄 Updated existing peer 34d01b98... in routing table
🔄 Updated existing peer ae48ae5b... in routing table
🔄 Updated existing peer bd428f05... in routing table
🔄 Updated existing peer 8bf5b846... in routing table
🔄 Updated existing peer 8b9543b3... in routing table
🔄 Updated existing peer 95695a49... in routing table
🔄 Updated existing peer 9889ebc7... in routing table
🔄 Updated existing peer e22310b0... in routing table
🔄 Updated existing peer c3f0bfce... in routing table
🔄 Updated existing peer c812afae... in routing table
🔄 Updated existing peer 5516d3b4... in routing table
⚠️ Rejecting store request for key9 - node is in passive/observer mode
  ⏳ Waiting 3s for replication...
  ✅ Node 0 successfully retrieved key="key9" value="value9"
  ✅ Node 1 successfully retrieved key="key9" value="value9"
  ✅ Node 2 successfully retrieved key="key9" value="value9"
  ✅ Node 3 successfully retrieved key="key9" value="value9"
  ✅ Node 4 successfully retrieved key="key9" value="value9"
  ✅ Node 5 successfully retrieved key="key9" value="value9"
  ✅ Node 6 successfully retrieved key="key9" value="value9"
  ✅ Node 7 successfully retrieved key="key9" value="value9"
  ✅ Node 8 successfully retrieved key="key9" value="value9"
  ✅ Node 9 successfully retrieved key="key9" value="value9"

Test 5: Checking network topology...
Node 0: 11 connected, 11 in routing table
Node 1: 11 connected, 11 in routing table
Node 2: 11 connected, 11 in routing table
Node 3: 11 connected, 11 in routing table
Node 4: 11 connected, 11 in routing table
Node 5: 11 connected, 11 in routing table
Node 6: 11 connected, 11 in routing table
Node 7: 11 connected, 11 in routing table
Node 8: 11 connected, 11 in routing table
Node 9: 11 connected, 11 in routing table
✅ Test script completed successfully!
⚠️ Error stopping client 1: Node 1 stop timeout after 2000ms
⚠️ Error stopping client 2: Node 2 stop timeout after 2000ms
🌐 Destroying WebSocketConnectionManager
🔗 Destroying WebSocketConnectionManager
🧹 Event handlers cleaned up for node e22310b0...
🧹 Event handlers cleaned up for node c812afae...
🧹 Event handlers cleaned up for node 5516d3b4...
🧹 Event handlers cleaned up for node 9889ebc7...
🧹 Event handlers cleaned up for node c3f0bfce...
🧹 Event handlers cleaned up for node 95695a49...
🧹 Event handlers cleaned up for node 95695a49...
🧹 Event handlers cleaned up for node 95695a49...
🧹 Event handlers cleaned up for node 95695a49...
🧹 Event handlers cleaned up for node 95695a49...
⚠️ Error stopping client 4: Node 4 stop timeout after 2000ms
🔗 Attempting connection to routing table entry: 95695a49... (0 previous failures)
🔗 Connecting to peer 95695a49...
🔗 WebSocket connection: nodejs → nodejs
🌐 Creating WebSocket connection to 95695a49... at ws://localhost:62631
Failed to connect to 95695a491b4101a6682f7c9d6d5872867a74d34e via DHT: Error: WebSocket connection failed: 
    at ws.onerror (file:///C:/git/yz.network/src/network/WebSocketConnectionManager.js:388:18)
    at callListener (C:\git\yz.network\node_modules\ws\lib\event-target.js:290:14)
    at WebSocket.onError (C:\git\yz.network\node_modules\ws\lib\event-target.js:230:9)
    at WebSocket.emit (node:events:518:28)
    at emitErrorAndClose (C:\git\yz.network\node_modules\ws\lib\websocket.js:1041:13)
    at ClientRequest.<anonymous> (C:\git\yz.network\node_modules\ws\lib\websocket.js:881:5)
    at ClientRequest.emit (node:events:518:28)
    at emitErrorEvent (node:_http_client:104:11)
    at Socket.socketErrorListener (node:_http_client:518:5)
    at Socket.emit (node:events:518:28)
🧹 Cleaned up pending invitation: c3f0bfce30c6efe34c40b3008f15901c0c00bd80_ae48ae5b788a6860d93795556c19789aef6216ec_1762998937074
⚠️ Error stopping client 5: Node 5 stop timeout after 2000ms
🌐 Destroying WebSocketConnectionManager
🔗 Destroying WebSocketConnectionManager
🧹 Event handlers cleaned up for node 5516d3b4...
🧹 Event handlers cleaned up for node 9889ebc7...
🧹 Event handlers cleaned up for node bd428f05...
🧹 Event handlers cleaned up for node c3f0bfce...
🧹 Event handlers cleaned up for node c812afae...
🧹 Event handlers cleaned up for node c812afae...
🧹 Event handlers cleaned up for node c812afae...
🧹 Event handlers cleaned up for node c812afae...
🧹 Cleaned up pending invitation: c3f0bfce30c6efe34c40b3008f15901c0c00bd80_95695a491b4101a6682f7c9d6d5872867a74d34e_1762998938236
🔗 Attempting connection to routing table entry: c3f0bfce... (0 previous failures)
🔗 Connecting to peer c3f0bfce...
Failed to connect to c3f0bfce30c6efe34c40b3008f15901c0c00bd80 via DHT: Error: WebSocketConnectionManager is destroyed
    at WebSocketConnectionManager.createConnection (file:///C:/git/yz.network/src/network/WebSocketConnectionManager.js:244:13)
    at KademliaDHT.connectToPeerViaDHT (file:///C:/git/yz.network/src/dht/KademliaDHT.js:1758:40)
    at KademliaDHT.maintainRoutingTableConnections (file:///C:/git/yz.network/src/dht/KademliaDHT.js:4112:24)
🔗 Attempting connection to routing table entry: 5516d3b4... (0 previous failures)
🔗 Connecting to peer 5516d3b4...
Failed to connect to 5516d3b489bc5ebb66513b763e337dbb3dcd74ef via DHT: Error: WebSocketConnectionManager is destroyed
    at WebSocketConnectionManager.createConnection (file:///C:/git/yz.network/src/network/WebSocketConnectionManager.js:244:13)
    at KademliaDHT.connectToPeerViaDHT (file:///C:/git/yz.network/src/dht/KademliaDHT.js:1758:40)
    at KademliaDHT.maintainRoutingTableConnections (file:///C:/git/yz.network/src/dht/KademliaDHT.js:4112:24)
🔗 Attempting connection to routing table entry: e22310b0... (0 previous failures)
🔗 Connecting to peer e22310b0...
Failed to connect to e22310b03cabaeeffafbf92791727a07b9b275ba via DHT: Error: WebSocketConnectionManager is destroyed
    at WebSocketConnectionManager.createConnection (file:///C:/git/yz.network/src/network/WebSocketConnectionManager.js:244:13)
    at KademliaDHT.connectToPeerViaDHT (file:///C:/git/yz.network/src/dht/KademliaDHT.js:1758:40)
    at KademliaDHT.maintainRoutingTableConnections (file:///C:/git/yz.network/src/dht/KademliaDHT.js:4112:24)
🔗 Attempting connection to routing table entry: c812afae... (0 previous failures)
🔗 Connecting to peer c812afae...
Failed to connect to c812afaef8e5efbbc18b22df780ccc2ff79c2981 via DHT: Error: WebSocketConnectionManager is destroyed
    at WebSocketConnectionManager.createConnection (file:///C:/git/yz.network/src/network/WebSocketConnectionManager.js:244:13)
    at KademliaDHT.connectToPeerViaDHT (file:///C:/git/yz.network/src/dht/KademliaDHT.js:1758:40)
    at KademliaDHT.maintainRoutingTableConnections (file:///C:/git/yz.network/src/dht/KademliaDHT.js:4112:24)
🧹 Cleaned up pending invitation: c3f0bfce30c6efe34c40b3008f15901c0c00bd80_bd428f053a36f12ed75549a692420f1024798565_1762998939396
🔗 Attempting connection to routing table entry: c812afae... (0 previous failures)
🔗 Connecting to peer c812afae...
🔗 WebSocket connection: nodejs → nodejs
🌐 Creating WebSocket connection to c812afae... at ws://localhost:62659
Failed to connect to c812afaef8e5efbbc18b22df780ccc2ff79c2981 via DHT: Error: WebSocket connection failed: 
    at ws.onerror (file:///C:/git/yz.network/src/network/WebSocketConnectionManager.js:388:18)
    at callListener (C:\git\yz.network\node_modules\ws\lib\event-target.js:290:14)
    at WebSocket.onError (C:\git\yz.network\node_modules\ws\lib\event-target.js:230:9)
    at WebSocket.emit (node:events:518:28)
    at emitErrorAndClose (C:\git\yz.network\node_modules\ws\lib\websocket.js:1041:13)
    at ClientRequest.<anonymous> (C:\git\yz.network\node_modules\ws\lib\websocket.js:881:5)
    at ClientRequest.emit (node:events:518:28)
    at emitErrorEvent (node:_http_client:104:11)
    at Socket.socketErrorListener (node:_http_client:518:5)
    at Socket.emit (node:events:518:28)
Error announcing independence: Error: Request timeout
    at Timeout._onTimeout (file:///C:/git/yz.network/src/bootstrap/BootstrapClient.js:303:16)
    at listOnTimeout (node:internal/timers:594:17)
    at process.processTimers (node:internal/timers:529:7)
🌐 Destroying WebSocketConnectionManager
🔗 Destroying WebSocketConnectionManager
⚠️ Error stopping client 7: Node 7 stop timeout after 2000ms
🌐 Destroying WebSocketConnectionManager
🔗 Destroying WebSocketConnectionManager
🌐 Destroying WebSocketConnectionManager
🔗 Destroying WebSocketConnectionManager
🌐 Destroying WebSocketConnectionManager
🔗 Destroying WebSocketConnectionManager
🌐 Destroying WebSocketConnectionManager
🔗 Destroying WebSocketConnectionManager
🌐 Destroying WebSocketConnectionManager
🔗 Destroying WebSocketConnectionManager
======================================================================
🧪 Tests: 6/6 passed, 0 failed
   ✅ Node 0 store/retrieve (530ms)
   ✅ Node 1 retrieve cross-node 
   ✅ Node 2 store/retrieve (510ms)
   ✅ Node 3 retrieve cross-node (176ms)
   ✅ HRS store each and read all (36942ms)
   ✅ Network topology check (1ms)
